[0.156s] Invoking command in '/home/dragonblade316/Programming/robotics/dummy/build_clang/serial': CMAKE_PREFIX_PATH=${CMAKE_PREFIX_PATH}:/home/dragonblade316/Programming/robotics/dummy/install_clang/dummy_serial:/opt/ros/humble /usr/bin/cmake --build /home/dragonblade316/Programming/robotics/dummy/build_clang/serial -- -j20 -l20
[0.188s] [100%] Built target serial
[0.209s] Invoked command in '/home/dragonblade316/Programming/robotics/dummy/build_clang/serial' returned '0': CMAKE_PREFIX_PATH=${CMAKE_PREFIX_PATH}:/home/dragonblade316/Programming/robotics/dummy/install_clang/dummy_serial:/opt/ros/humble /usr/bin/cmake --build /home/dragonblade316/Programming/robotics/dummy/build_clang/serial -- -j20 -l20
[0.210s] Invoking command in '/home/dragonblade316/Programming/robotics/dummy/build_clang/serial': CMAKE_PREFIX_PATH=${CMAKE_PREFIX_PATH}:/home/dragonblade316/Programming/robotics/dummy/install_clang/dummy_serial:/opt/ros/humble /usr/bin/cmake --install /home/dragonblade316/Programming/robotics/dummy/build_clang/serial
[0.214s] -- Install configuration: ""
[0.214s] -- Execute custom install script
[0.214s] -- Up-to-date symlink: /home/dragonblade316/Programming/robotics/dummy/install_clang/serial/share/serial/environment/library_path.sh
[0.215s] -- Up-to-date symlink: /home/dragonblade316/Programming/robotics/dummy/install_clang/serial/share/serial/environment/library_path.dsv
[0.215s] -- Up-to-date symlink: /home/dragonblade316/Programming/robotics/dummy/install_clang/serial/lib/libserial.a
[0.215s] -- Up-to-date symlink: /home/dragonblade316/Programming/robotics/dummy/install_clang/serial/include/serial/serial.h
[0.215s] -- Up-to-date symlink: /home/dragonblade316/Programming/robotics/dummy/install_clang/serial/include/serial/v8stdint.h
[0.215s] -- Up-to-date symlink: /home/dragonblade316/Programming/robotics/dummy/install_clang/serial/share/ament_index/resource_index/package_run_dependencies/serial
[0.215s] -- Up-to-date symlink: /home/dragonblade316/Programming/robotics/dummy/install_clang/serial/share/ament_index/resource_index/parent_prefix_path/serial
[0.215s] -- Up-to-date symlink: /home/dragonblade316/Programming/robotics/dummy/install_clang/serial/share/serial/environment/ament_prefix_path.sh
[0.215s] -- Up-to-date symlink: /home/dragonblade316/Programming/robotics/dummy/install_clang/serial/share/serial/environment/ament_prefix_path.dsv
[0.215s] -- Up-to-date symlink: /home/dragonblade316/Programming/robotics/dummy/install_clang/serial/share/serial/environment/path.sh
[0.215s] -- Up-to-date symlink: /home/dragonblade316/Programming/robotics/dummy/install_clang/serial/share/serial/environment/path.dsv
[0.215s] -- Up-to-date symlink: /home/dragonblade316/Programming/robotics/dummy/install_clang/serial/share/serial/local_setup.bash
[0.215s] -- Up-to-date symlink: /home/dragonblade316/Programming/robotics/dummy/install_clang/serial/share/serial/local_setup.sh
[0.215s] -- Up-to-date symlink: /home/dragonblade316/Programming/robotics/dummy/install_clang/serial/share/serial/local_setup.zsh
[0.216s] -- Up-to-date symlink: /home/dragonblade316/Programming/robotics/dummy/install_clang/serial/share/serial/local_setup.dsv
[0.216s] -- Symlinking: /home/dragonblade316/Programming/robotics/dummy/install_clang/serial/share/serial/package.dsv
[0.221s] -- Up-to-date symlink: /home/dragonblade316/Programming/robotics/dummy/install_clang/serial/share/ament_index/resource_index/packages/serial
[0.221s] -- Up-to-date symlink: /home/dragonblade316/Programming/robotics/dummy/install_clang/serial/share/serial/cmake/ament_cmake_export_include_directories-extras.cmake
[0.221s] -- Up-to-date symlink: /home/dragonblade316/Programming/robotics/dummy/install_clang/serial/share/serial/cmake/ament_cmake_export_libraries-extras.cmake
[0.221s] -- Up-to-date symlink: /home/dragonblade316/Programming/robotics/dummy/install_clang/serial/share/serial/cmake/serialConfig.cmake
[0.221s] -- Up-to-date symlink: /home/dragonblade316/Programming/robotics/dummy/install_clang/serial/share/serial/cmake/serialConfig-version.cmake
[0.221s] -- Up-to-date symlink: /home/dragonblade316/Programming/robotics/dummy/install_clang/serial/share/serial/package.xml
[0.222s] Invoked command in '/home/dragonblade316/Programming/robotics/dummy/build_clang/serial' returned '0': CMAKE_PREFIX_PATH=${CMAKE_PREFIX_PATH}:/home/dragonblade316/Programming/robotics/dummy/install_clang/dummy_serial:/opt/ros/humble /usr/bin/cmake --install /home/dragonblade316/Programming/robotics/dummy/build_clang/serial
