[0.016s] Invoking command in '/home/dragonblade316/Programming/robotics/dummy/build_clang/dummy_hardware': CMAKE_PREFIX_PATH=${CMAKE_PREFIX_PATH}:/home/dragonblade316/Programming/robotics/dummy/install_clang/dummy_serial:/opt/ros/humble /usr/bin/cmake --build /home/dragonblade316/Programming/robotics/dummy/build_clang/dummy_hardware -- -j20 -l20
[0.169s] [35m[1mConsolidate compiler generated dependencies of target dummy_hardware[0m
[0.169s] [ 33%] [32mBuilding CXX object CMakeFiles/dummy_hardware.dir/src/robot.cpp.o[0m
[0.361s] In file included from /home/dragonblade316/Programming/robotics/dummy/dummy_hardware/src/robot.cpp:1:
[0.361s] [1m/home/dragonblade316/Programming/robotics/dummy/dummy_hardware/./include/hardware/robot.hpp:40:3: [0m[0;1;35mwarning: [0m[1mnon-void function does not return a value [-Wreturn-type][0m
[0.361s]   }
[0.361s] [0;1;32m  ^
[1.081s] [0m[1m/home/dragonblade316/Programming/robotics/dummy/dummy_hardware/src/robot.cpp:78:10: [0m[0;1;31merror: [0m[1mno viable conversion from returned value of type 'int' to function return type 'std::vector<hardware_interface::StateInterface>'[0m
[1.081s]                 return 1;
[1.081s] [0;1;32m                       ^
[1.081s] [0m[1m/usr/bin/../lib/gcc/x86_64-linux-gnu/11/../../../../include/c++/11/bits/stl_vector.h:553:7: [0m[0;1;30mnote: [0mcandidate constructor not viable: no known conversion from 'int' to 'const std::vector<hardware_interface::StateInterface> &' for 1st argument[0m
[1.081s]       vector(const vector& __x)
[1.081s] [0;1;32m      ^
[1.081s] [0m[1m/usr/bin/../lib/gcc/x86_64-linux-gnu/11/../../../../include/c++/11/bits/stl_vector.h:572:7: [0m[0;1;30mnote: [0mcandidate constructor not viable: no known conversion from 'int' to 'std::vector<hardware_interface::StateInterface> &&' for 1st argument[0m
[1.081s]       vector(vector&&) noexcept = default;
[1.081s] [0;1;32m      ^
[1.081s] [0m[1m/usr/bin/../lib/gcc/x86_64-linux-gnu/11/../../../../include/c++/11/bits/stl_vector.h:625:7: [0m[0;1;30mnote: [0mcandidate constructor not viable: no known conversion from 'int' to 'initializer_list<std::vector<hardware_interface::StateInterface>::value_type>' (aka 'initializer_list<hardware_interface::StateInterface>') for 1st argument[0m
[1.081s]       vector(initializer_list<value_type> __l,
[1.081s] [0;1;32m      ^
[1.081s] [0m[1m/usr/bin/../lib/gcc/x86_64-linux-gnu/11/../../../../include/c++/11/bits/stl_vector.h:497:7: [0m[0;1;30mnote: [0mexplicit constructor is not a candidate[0m
[1.081s]       vector(const allocator_type& __a) _GLIBCXX_NOEXCEPT
[1.081s] [0;1;32m      ^
[1.081s] [0m[1m/usr/bin/../lib/gcc/x86_64-linux-gnu/11/../../../../include/c++/11/bits/stl_vector.h:510:7: [0m[0;1;30mnote: [0mexplicit constructor is not a candidate[0m
[1.081s]       vector(size_type __n, const allocator_type& __a = allocator_type())
[1.081s] [0;1;32m      ^
[1.082s] [0m[1m/home/dragonblade316/Programming/robotics/dummy/dummy_hardware/src/robot.cpp:99:74: [0m[0;1;35mwarning: [0m[1munused parameter 'time' [-Wunused-parameter][0m
[1.082s] hardware_interface::return_type DummyHardware::read(const rclcpp::Time & time, const rclcpp::Duration & period) {
[1.082s] [0;1;32m                                                                         ^
[1.082s] [0m[1m/home/dragonblade316/Programming/robotics/dummy/dummy_hardware/src/robot.cpp:99:105: [0m[0;1;35mwarning: [0m[1munused parameter 'period' [-Wunused-parameter][0m
[1.082s] hardware_interface::return_type DummyHardware::read(const rclcpp::Time & time, const rclcpp::Duration & period) {
[1.082s] [0;1;32m                                                                                                        ^
[1.083s] [0m[1m/home/dragonblade316/Programming/robotics/dummy/dummy_hardware/src/robot.cpp:103:75: [0m[0;1;35mwarning: [0m[1munused parameter 'time' [-Wunused-parameter][0m
[1.083s] hardware_interface::return_type DummyHardware::write(const rclcpp::Time & time, const rclcpp::Duration & period) {
[1.083s] [0;1;32m                                                                          ^
[1.083s] [0m[1m/home/dragonblade316/Programming/robotics/dummy/dummy_hardware/src/robot.cpp:103:106: [0m[0;1;35mwarning: [0m[1munused parameter 'period' [-Wunused-parameter][0m
[1.083s] hardware_interface::return_type DummyHardware::write(const rclcpp::Time & time, const rclcpp::Duration & period) {
[1.083s] [0;1;32m                                                                                                         ^
[1.265s] [0m5 warnings and 1 error generated.
[1.272s] gmake[2]: *** [CMakeFiles/dummy_hardware.dir/build.make:76: CMakeFiles/dummy_hardware.dir/src/robot.cpp.o] Error 1
[1.272s] gmake[1]: *** [CMakeFiles/Makefile2:137: CMakeFiles/dummy_hardware.dir/all] Error 2
[1.273s] gmake: *** [Makefile:146: all] Error 2
[1.274s] Invoked command in '/home/dragonblade316/Programming/robotics/dummy/build_clang/dummy_hardware' returned '2': CMAKE_PREFIX_PATH=${CMAKE_PREFIX_PATH}:/home/dragonblade316/Programming/robotics/dummy/install_clang/dummy_serial:/opt/ros/humble /usr/bin/cmake --build /home/dragonblade316/Programming/robotics/dummy/build_clang/dummy_hardware -- -j20 -l20
