In file included from /home/dragonblade316/Programming/robotics/dummy/dummy_hardware/src/robot.cpp:1:
[1m/home/dragonblade316/Programming/robotics/dummy/dummy_hardware/./include/hardware/robot.hpp:40:3: [0m[0;1;35mwarning: [0m[1mnon-void function does not return a value [-Wreturn-type][0m
  }
[0;1;32m  ^
[0m[1m/home/dragonblade316/Programming/robotics/dummy/dummy_hardware/src/robot.cpp:78:23: [0m[0;1;31merror: [0m[1muse of undeclared identifier 'info_joints'[0m
                for (int i = 0; i < info_joints.size(); i++) {
[0;1;32m                                    ^
[0m[1m/home/dragonblade316/Programming/robotics/dummy/dummy_hardware/src/robot.cpp:79:30: [0m[0;1;35mwarning: [0m[1mformat string is not a string literal (potentially insecure) [-Wformat-security][0m
                        RCLCPP_INFO(get_logger(), info_.joints[i].name.c_str());
[0;1;32m                                                  ^~~~~~~~~~~~~~~~~~~~~~~~~~~~
[0m[1m/opt/ros/humble/include/rclcpp/rclcpp/logging.hpp:537:7: [0m[0;1;30mnote: [0mexpanded from macro 'RCLCPP_INFO'[0m
      __VA_ARGS__); \
[0;1;32m      ^~~~~~~~~~~
[0m[1m/opt/ros/humble/include/rcutils/rcutils/logging_macros.h:510:5: [0m[0;1;30mnote: [0mexpanded from macro 'RCUTILS_LOG_INFO_NAMED'[0m
    __VA_ARGS__)
[0;1;32m    ^~~~~~~~~~~
[0m[1m/opt/ros/humble/include/rcutils/rcutils/logging_macros.h:79:64: [0m[0;1;30mnote: [0mexpanded from macro 'RCUTILS_LOG_COND_NAMED'[0m
      rcutils_log(&__rcutils_logging_location, severity, name, __VA_ARGS__); \
[0;1;32m                                                               ^~~~~~~~~~~
[0m[1m/home/dragonblade316/Programming/robotics/dummy/dummy_hardware/src/robot.cpp:79:30: [0m[0;1;30mnote: [0mtreat the string as an argument to avoid this[0m
                        RCLCPP_INFO(get_logger(), info_.joints[i].name.c_str());
[0;1;32m                                                  ^
[0m[0;32m                                                  "%s", 
[0m[1m/opt/ros/humble/include/rclcpp/rclcpp/logging.hpp:537:7: [0m[0;1;30mnote: [0mexpanded from macro 'RCLCPP_INFO'[0m
      __VA_ARGS__); \
[0;1;32m      ^
[0m[1m/opt/ros/humble/include/rcutils/rcutils/logging_macros.h:510:5: [0m[0;1;30mnote: [0mexpanded from macro 'RCUTILS_LOG_INFO_NAMED'[0m
    __VA_ARGS__)
[0;1;32m    ^
[0m[1m/opt/ros/humble/include/rcutils/rcutils/logging_macros.h:79:64: [0m[0;1;30mnote: [0mexpanded from macro 'RCUTILS_LOG_COND_NAMED'[0m
      rcutils_log(&__rcutils_logging_location, severity, name, __VA_ARGS__); \
[0;1;32m                                                               ^
[0m[1m/home/dragonblade316/Programming/robotics/dummy/dummy_hardware/src/robot.cpp:103:74: [0m[0;1;35mwarning: [0m[1munused parameter 'time' [-Wunused-parameter][0m
hardware_interface::return_type DummyHardware::read(const rclcpp::Time & time, const rclcpp::Duration & period) {
[0;1;32m                                                                         ^
[0m[1m/home/dragonblade316/Programming/robotics/dummy/dummy_hardware/src/robot.cpp:103:105: [0m[0;1;35mwarning: [0m[1munused parameter 'period' [-Wunused-parameter][0m
hardware_interface::return_type DummyHardware::read(const rclcpp::Time & time, const rclcpp::Duration & period) {
[0;1;32m                                                                                                        ^
[0m[1m/home/dragonblade316/Programming/robotics/dummy/dummy_hardware/src/robot.cpp:107:75: [0m[0;1;35mwarning: [0m[1munused parameter 'time' [-Wunused-parameter][0m
hardware_interface::return_type DummyHardware::write(const rclcpp::Time & time, const rclcpp::Duration & period) {
[0;1;32m                                                                          ^
[0m[1m/home/dragonblade316/Programming/robotics/dummy/dummy_hardware/src/robot.cpp:107:106: [0m[0;1;35mwarning: [0m[1munused parameter 'period' [-Wunused-parameter][0m
hardware_interface::return_type DummyHardware::write(const rclcpp::Time & time, const rclcpp::Duration & period) {
[0;1;32m                                                                                                         ^
[0m6 warnings and 1 error generated.
gmake[2]: *** [CMakeFiles/dummy_hardware.dir/build.make:76: CMakeFiles/dummy_hardware.dir/src/robot.cpp.o] Error 1
gmake[1]: *** [CMakeFiles/Makefile2:137: CMakeFiles/dummy_hardware.dir/all] Error 2
gmake: *** [Makefile:146: all] Error 2
