[ 50%] [32mBuilding CXX object CMakeFiles/controller.dir/src/main.cpp.o[0m
[1m/home/dragonblade316/Programming/robotics/dummy/dummy_joy_control/src/main.cpp:74:10: [0m[0;1;35mwarning: [0m[1mprivate field 'count_' is not used [-Wunused-private-field][0m
  size_t count_;
[0;1;32m         ^
[0m1 warning generated.
[100%] [32m[1mLinking CXX executable controller[0m
[100%] Built target controller
-- Install configuration: ""
-- Execute custom install script
-- Symlinking: /home/dragonblade316/Programming/robotics/dummy/install_clang/dummy_joy_control/lib/dummy_joy_control/controller
-- Symlinking: /home/dragonblade316/Programming/robotics/dummy/install_clang/dummy_joy_control/share/ament_index/resource_index/package_run_dependencies/dummy_joy_control
-- Symlinking: /home/dragonblade316/Programming/robotics/dummy/install_clang/dummy_joy_control/share/ament_index/resource_index/parent_prefix_path/dummy_joy_control
-- Symlinking: /home/dragonblade316/Programming/robotics/dummy/install_clang/dummy_joy_control/share/dummy_joy_control/environment/ament_prefix_path.sh
-- Symlinking: /home/dragonblade316/Programming/robotics/dummy/install_clang/dummy_joy_control/share/dummy_joy_control/environment/ament_prefix_path.dsv
-- Symlinking: /home/dragonblade316/Programming/robotics/dummy/install_clang/dummy_joy_control/share/dummy_joy_control/environment/path.sh
-- Symlinking: /home/dragonblade316/Programming/robotics/dummy/install_clang/dummy_joy_control/share/dummy_joy_control/environment/path.dsv
-- Symlinking: /home/dragonblade316/Programming/robotics/dummy/install_clang/dummy_joy_control/share/dummy_joy_control/local_setup.bash
-- Symlinking: /home/dragonblade316/Programming/robotics/dummy/install_clang/dummy_joy_control/share/dummy_joy_control/local_setup.sh
-- Symlinking: /home/dragonblade316/Programming/robotics/dummy/install_clang/dummy_joy_control/share/dummy_joy_control/local_setup.zsh
-- Symlinking: /home/dragonblade316/Programming/robotics/dummy/install_clang/dummy_joy_control/share/dummy_joy_control/local_setup.dsv
-- Symlinking: /home/dragonblade316/Programming/robotics/dummy/install_clang/dummy_joy_control/share/dummy_joy_control/package.dsv
-- Symlinking: /home/dragonblade316/Programming/robotics/dummy/install_clang/dummy_joy_control/share/ament_index/resource_index/packages/dummy_joy_control
-- Symlinking: /home/dragonblade316/Programming/robotics/dummy/install_clang/dummy_joy_control/share/dummy_joy_control/cmake/dummy_joy_controlConfig.cmake
-- Symlinking: /home/dragonblade316/Programming/robotics/dummy/install_clang/dummy_joy_control/share/dummy_joy_control/cmake/dummy_joy_controlConfig-version.cmake
-- Symlinking: /home/dragonblade316/Programming/robotics/dummy/install_clang/dummy_joy_control/share/dummy_joy_control/package.xml
