-- The C compiler identification is Clang 14.0.0
-- The CXX compiler identification is Clang 14.0.0
-- Detecting C compiler ABI info
-- Detecting C compiler ABI info - done
-- Check for working C compiler: /usr/bin/clang - skipped
-- Detecting C compile features
-- Detecting C compile features - done
-- Detecting CXX compiler ABI info
-- Detecting CXX compiler ABI info - done
-- Check for working CXX compiler: /usr/bin/clang++ - skipped
-- Detecting CXX compile features
-- Detecting CXX compile features - done
-- Found ament_cmake: 1.3.11 (/opt/ros/humble/share/ament_cmake/cmake)
-- Found Python3: /usr/bin/python3 (found version "3.10.12") found components: Interpreter 
-- Override CMake install command with custom implementation using symlinks instead of copying resources
-- Found ament_lint_auto: 0.12.11 (/opt/ros/humble/share/ament_lint_auto/cmake)
-- Added test 'flake8' to check Python code syntax and style conventions
-- Added test 'lint_cmake' to check CMake code style
-- Added test 'pep257' to check Python code against some of the docstring style conventions in PEP 257
-- Added test 'xmllint' to check XML markup files
-- Configuring done
-- Generating done
-- Build files have been written to: /home/dragonblade316/Programming/robotics/dummy/build_clang/dummy_bringup
-- Install configuration: ""
-- Execute custom install script
-- Symlinking: /home/dragonblade316/Programming/robotics/dummy/install_clang/dummy_bringup/share/dummy_bringup/launch/control.launch.py
-- Symlinking: /home/dragonblade316/Programming/robotics/dummy/install_clang/dummy_bringup/share/dummy_bringup/launch/controller.launch.py
-- Symlinking: /home/dragonblade316/Programming/robotics/dummy/install_clang/dummy_bringup/share/dummy_bringup/launch/moveit.launch.py
-- Symlinking: /home/dragonblade316/Programming/robotics/dummy/install_clang/dummy_bringup/share/dummy_bringup/config/config.rviz
-- Symlinking: /home/dragonblade316/Programming/robotics/dummy/install_clang/dummy_bringup/share/ament_index/resource_index/package_run_dependencies/dummy_bringup
-- Symlinking: /home/dragonblade316/Programming/robotics/dummy/install_clang/dummy_bringup/share/ament_index/resource_index/parent_prefix_path/dummy_bringup
-- Symlinking: /home/dragonblade316/Programming/robotics/dummy/install_clang/dummy_bringup/share/dummy_bringup/environment/ament_prefix_path.sh
-- Symlinking: /home/dragonblade316/Programming/robotics/dummy/install_clang/dummy_bringup/share/dummy_bringup/environment/ament_prefix_path.dsv
-- Symlinking: /home/dragonblade316/Programming/robotics/dummy/install_clang/dummy_bringup/share/dummy_bringup/environment/path.sh
-- Symlinking: /home/dragonblade316/Programming/robotics/dummy/install_clang/dummy_bringup/share/dummy_bringup/environment/path.dsv
-- Symlinking: /home/dragonblade316/Programming/robotics/dummy/install_clang/dummy_bringup/share/dummy_bringup/local_setup.bash
-- Symlinking: /home/dragonblade316/Programming/robotics/dummy/install_clang/dummy_bringup/share/dummy_bringup/local_setup.sh
-- Symlinking: /home/dragonblade316/Programming/robotics/dummy/install_clang/dummy_bringup/share/dummy_bringup/local_setup.zsh
-- Symlinking: /home/dragonblade316/Programming/robotics/dummy/install_clang/dummy_bringup/share/dummy_bringup/local_setup.dsv
-- Symlinking: /home/dragonblade316/Programming/robotics/dummy/install_clang/dummy_bringup/share/dummy_bringup/package.dsv
-- Symlinking: /home/dragonblade316/Programming/robotics/dummy/install_clang/dummy_bringup/share/ament_index/resource_index/packages/dummy_bringup
-- Symlinking: /home/dragonblade316/Programming/robotics/dummy/install_clang/dummy_bringup/share/dummy_bringup/cmake/dummy_bringupConfig.cmake
-- Symlinking: /home/dragonblade316/Programming/robotics/dummy/install_clang/dummy_bringup/share/dummy_bringup/cmake/dummy_bringupConfig-version.cmake
-- Symlinking: /home/dragonblade316/Programming/robotics/dummy/install_clang/dummy_bringup/share/dummy_bringup/package.xml
