[0.015s] Invoking command in '/home/dragonblade316/Programming/robotics/dummy/build_clang/dummy_bringup': CMAKE_PREFIX_PATH=${CMAKE_PREFIX_PATH}:/home/dragonblade316/Programming/robotics/dummy/install_clang/dummy_serial:/opt/ros/humble /usr/bin/cmake /home/dragonblade316/Programming/robotics/dummy/dummy_bringup -DCMAKE_EXPORT_COMPILE_COMMANDS=ON -DAMENT_CMAKE_SYMLINK_INSTALL=1 -DCMAKE_INSTALL_PREFIX=/home/dragonblade316/Programming/robotics/dummy/install_clang/dummy_bringup
[0.204s] -- The C compiler identification is Clang 14.0.0
[0.269s] -- The CXX compiler identification is Clang 14.0.0
[0.275s] -- Detecting C compiler ABI info
[0.335s] -- Detecting C compiler ABI info - done
[0.340s] -- Check for working C compiler: /usr/bin/clang - skipped
[0.340s] -- Detecting C compile features
[0.341s] -- Detecting C compile features - done
[0.343s] -- Detecting CXX compiler ABI info
[0.433s] -- Detecting CXX compiler ABI info - done
[0.437s] -- Check for working CXX compiler: /usr/bin/clang++ - skipped
[0.437s] -- Detecting CXX compile features
[0.437s] -- Detecting CXX compile features - done
[0.439s] -- Found ament_cmake: 1.3.11 (/opt/ros/humble/share/ament_cmake/cmake)
[0.526s] -- Found Python3: /usr/bin/python3 (found version "3.10.12") found components: Interpreter 
[0.563s] -- Override CMake install command with custom implementation using symlinks instead of copying resources
[0.597s] -- Found ament_lint_auto: 0.12.11 (/opt/ros/humble/share/ament_lint_auto/cmake)
[0.645s] -- Added test 'flake8' to check Python code syntax and style conventions
[0.645s] -- Added test 'lint_cmake' to check CMake code style
[0.645s] -- Added test 'pep257' to check Python code against some of the docstring style conventions in PEP 257
[0.646s] -- Added test 'xmllint' to check XML markup files
[0.647s] -- Configuring done
[0.648s] -- Generating done
[0.649s] [33mCMake Warning:
[0.649s]   Manually-specified variables were not used by the project:
[0.649s] 
[0.649s]     CMAKE_EXPORT_COMPILE_COMMANDS
[0.649s] 
[0.649s] [0m
[0.649s] -- Build files have been written to: /home/dragonblade316/Programming/robotics/dummy/build_clang/dummy_bringup
[0.652s] Invoked command in '/home/dragonblade316/Programming/robotics/dummy/build_clang/dummy_bringup' returned '0': CMAKE_PREFIX_PATH=${CMAKE_PREFIX_PATH}:/home/dragonblade316/Programming/robotics/dummy/install_clang/dummy_serial:/opt/ros/humble /usr/bin/cmake /home/dragonblade316/Programming/robotics/dummy/dummy_bringup -DCMAKE_EXPORT_COMPILE_COMMANDS=ON -DAMENT_CMAKE_SYMLINK_INSTALL=1 -DCMAKE_INSTALL_PREFIX=/home/dragonblade316/Programming/robotics/dummy/install_clang/dummy_bringup
[0.653s] Invoking command in '/home/dragonblade316/Programming/robotics/dummy/build_clang/dummy_bringup': CMAKE_PREFIX_PATH=${CMAKE_PREFIX_PATH}:/home/dragonblade316/Programming/robotics/dummy/install_clang/dummy_serial:/opt/ros/humble /usr/bin/cmake --build /home/dragonblade316/Programming/robotics/dummy/build_clang/dummy_bringup -- -j20 -l20
[0.685s] Invoked command in '/home/dragonblade316/Programming/robotics/dummy/build_clang/dummy_bringup' returned '0': CMAKE_PREFIX_PATH=${CMAKE_PREFIX_PATH}:/home/dragonblade316/Programming/robotics/dummy/install_clang/dummy_serial:/opt/ros/humble /usr/bin/cmake --build /home/dragonblade316/Programming/robotics/dummy/build_clang/dummy_bringup -- -j20 -l20
[0.686s] Invoking command in '/home/dragonblade316/Programming/robotics/dummy/build_clang/dummy_bringup': CMAKE_PREFIX_PATH=${CMAKE_PREFIX_PATH}:/home/dragonblade316/Programming/robotics/dummy/install_clang/dummy_serial:/opt/ros/humble /usr/bin/cmake --install /home/dragonblade316/Programming/robotics/dummy/build_clang/dummy_bringup
[0.691s] -- Install configuration: ""
[0.692s] -- Execute custom install script
[0.692s] -- Symlinking: /home/dragonblade316/Programming/robotics/dummy/install_clang/dummy_bringup/share/dummy_bringup/launch/control.launch.py
[0.698s] -- Symlinking: /home/dragonblade316/Programming/robotics/dummy/install_clang/dummy_bringup/share/dummy_bringup/launch/controller.launch.py
[0.704s] -- Symlinking: /home/dragonblade316/Programming/robotics/dummy/install_clang/dummy_bringup/share/dummy_bringup/launch/moveit.launch.py
[0.708s] -- Symlinking: /home/dragonblade316/Programming/robotics/dummy/install_clang/dummy_bringup/share/dummy_bringup/config/config.rviz
[0.713s] -- Symlinking: /home/dragonblade316/Programming/robotics/dummy/install_clang/dummy_bringup/share/ament_index/resource_index/package_run_dependencies/dummy_bringup
[0.718s] -- Symlinking: /home/dragonblade316/Programming/robotics/dummy/install_clang/dummy_bringup/share/ament_index/resource_index/parent_prefix_path/dummy_bringup
[0.721s] -- Symlinking: /home/dragonblade316/Programming/robotics/dummy/install_clang/dummy_bringup/share/dummy_bringup/environment/ament_prefix_path.sh
[0.728s] -- Symlinking: /home/dragonblade316/Programming/robotics/dummy/install_clang/dummy_bringup/share/dummy_bringup/environment/ament_prefix_path.dsv
[0.734s] -- Symlinking: /home/dragonblade316/Programming/robotics/dummy/install_clang/dummy_bringup/share/dummy_bringup/environment/path.sh
[0.738s] -- Symlinking: /home/dragonblade316/Programming/robotics/dummy/install_clang/dummy_bringup/share/dummy_bringup/environment/path.dsv
[0.742s] -- Symlinking: /home/dragonblade316/Programming/robotics/dummy/install_clang/dummy_bringup/share/dummy_bringup/local_setup.bash
[0.747s] -- Symlinking: /home/dragonblade316/Programming/robotics/dummy/install_clang/dummy_bringup/share/dummy_bringup/local_setup.sh
[0.751s] -- Symlinking: /home/dragonblade316/Programming/robotics/dummy/install_clang/dummy_bringup/share/dummy_bringup/local_setup.zsh
[0.757s] -- Symlinking: /home/dragonblade316/Programming/robotics/dummy/install_clang/dummy_bringup/share/dummy_bringup/local_setup.dsv
[0.763s] -- Symlinking: /home/dragonblade316/Programming/robotics/dummy/install_clang/dummy_bringup/share/dummy_bringup/package.dsv
[0.768s] -- Symlinking: /home/dragonblade316/Programming/robotics/dummy/install_clang/dummy_bringup/share/ament_index/resource_index/packages/dummy_bringup
[0.773s] -- Symlinking: /home/dragonblade316/Programming/robotics/dummy/install_clang/dummy_bringup/share/dummy_bringup/cmake/dummy_bringupConfig.cmake
[0.779s] -- Symlinking: /home/dragonblade316/Programming/robotics/dummy/install_clang/dummy_bringup/share/dummy_bringup/cmake/dummy_bringupConfig-version.cmake
[0.785s] -- Symlinking: /home/dragonblade316/Programming/robotics/dummy/install_clang/dummy_bringup/share/dummy_bringup/package.xml
[0.792s] Invoked command in '/home/dragonblade316/Programming/robotics/dummy/build_clang/dummy_bringup' returned '0': CMAKE_PREFIX_PATH=${CMAKE_PREFIX_PATH}:/home/dragonblade316/Programming/robotics/dummy/install_clang/dummy_serial:/opt/ros/humble /usr/bin/cmake --install /home/dragonblade316/Programming/robotics/dummy/build_clang/dummy_bringup
