[0.014s] Invoking command in '/home/dragonblade316/Programming/robotics/dummy/build_clang/serial': CMAKE_PREFIX_PATH=/opt/ros/humble /usr/bin/cmake --build /home/dragonblade316/Programming/robotics/dummy/build_clang/serial -- -j20 -l20
[0.030s] -- Found ament_cmake: 1.3.11 (/opt/ros/humble/share/ament_cmake/cmake)
[0.093s] -- Override CMake install command with custom implementation using symlinks instead of copying resources
[0.131s] -- Configuring done
[0.133s] -- Generating done
[0.134s] -- Build files have been written to: /home/dragonblade316/Programming/robotics/dummy/build_clang/serial
[0.147s] [35m[1mConsolidate compiler generated dependencies of target serial[0m
[0.157s] [100%] Built target serial
[0.183s] Invoked command in '/home/dragonblade316/Programming/robotics/dummy/build_clang/serial' returned '0': CMAKE_PREFIX_PATH=/opt/ros/humble /usr/bin/cmake --build /home/dragonblade316/Programming/robotics/dummy/build_clang/serial -- -j20 -l20
[0.184s] Invoking command in '/home/dragonblade316/Programming/robotics/dummy/build_clang/serial': CMAKE_PREFIX_PATH=/opt/ros/humble /usr/bin/cmake --install /home/dragonblade316/Programming/robotics/dummy/build_clang/serial
[0.196s] -- Install configuration: ""
[0.196s] -- Execute custom install script
[0.196s] -- Up-to-date symlink: /home/dragonblade316/Programming/robotics/dummy/install_clang/serial/share/serial/environment/library_path.sh
[0.196s] -- Up-to-date symlink: /home/dragonblade316/Programming/robotics/dummy/install_clang/serial/share/serial/environment/library_path.dsv
[0.197s] -- Up-to-date symlink: /home/dragonblade316/Programming/robotics/dummy/install_clang/serial/lib/libserial.a
[0.197s] -- Up-to-date symlink: /home/dragonblade316/Programming/robotics/dummy/install_clang/serial/include/serial/serial.h
[0.197s] -- Up-to-date symlink: /home/dragonblade316/Programming/robotics/dummy/install_clang/serial/include/serial/v8stdint.h
[0.197s] -- Up-to-date symlink: /home/dragonblade316/Programming/robotics/dummy/install_clang/serial/share/ament_index/resource_index/package_run_dependencies/serial
[0.197s] -- Up-to-date symlink: /home/dragonblade316/Programming/robotics/dummy/install_clang/serial/share/ament_index/resource_index/parent_prefix_path/serial
[0.197s] -- Up-to-date symlink: /home/dragonblade316/Programming/robotics/dummy/install_clang/serial/share/serial/environment/ament_prefix_path.sh
[0.197s] -- Up-to-date symlink: /home/dragonblade316/Programming/robotics/dummy/install_clang/serial/share/serial/environment/ament_prefix_path.dsv
[0.197s] -- Up-to-date symlink: /home/dragonblade316/Programming/robotics/dummy/install_clang/serial/share/serial/environment/path.sh
[0.197s] -- Up-to-date symlink: /home/dragonblade316/Programming/robotics/dummy/install_clang/serial/share/serial/environment/path.dsv
[0.197s] -- Up-to-date symlink: /home/dragonblade316/Programming/robotics/dummy/install_clang/serial/share/serial/local_setup.bash
[0.197s] -- Up-to-date symlink: /home/dragonblade316/Programming/robotics/dummy/install_clang/serial/share/serial/local_setup.sh
[0.197s] -- Up-to-date symlink: /home/dragonblade316/Programming/robotics/dummy/install_clang/serial/share/serial/local_setup.zsh
[0.197s] -- Up-to-date symlink: /home/dragonblade316/Programming/robotics/dummy/install_clang/serial/share/serial/local_setup.dsv
[0.197s] -- Symlinking: /home/dragonblade316/Programming/robotics/dummy/install_clang/serial/share/serial/package.dsv
[0.197s] -- Up-to-date symlink: /home/dragonblade316/Programming/robotics/dummy/install_clang/serial/share/ament_index/resource_index/packages/serial
[0.197s] -- Up-to-date symlink: /home/dragonblade316/Programming/robotics/dummy/install_clang/serial/share/serial/cmake/ament_cmake_export_include_directories-extras.cmake
[0.197s] -- Up-to-date symlink: /home/dragonblade316/Programming/robotics/dummy/install_clang/serial/share/serial/cmake/ament_cmake_export_libraries-extras.cmake
[0.197s] -- Up-to-date symlink: /home/dragonblade316/Programming/robotics/dummy/install_clang/serial/share/serial/cmake/serialConfig.cmake
[0.198s] -- Up-to-date symlink: /home/dragonblade316/Programming/robotics/dummy/install_clang/serial/share/serial/cmake/serialConfig-version.cmake
[0.198s] -- Up-to-date symlink: /home/dragonblade316/Programming/robotics/dummy/install_clang/serial/share/serial/package.xml
[0.225s] Invoked command in '/home/dragonblade316/Programming/robotics/dummy/build_clang/serial' returned '0': CMAKE_PREFIX_PATH=/opt/ros/humble /usr/bin/cmake --install /home/dragonblade316/Programming/robotics/dummy/build_clang/serial
