[35m[1mConsolidate compiler generated dependencies of target dummy_hardware[0m
[ 50%] [32mBuilding CXX object CMakeFiles/dummy_hardware.dir/src/robot.cpp.o[0m
[1m/home/dragonblade316/Programming/robotics/dummy/dummy_hardware/src/robot.cpp:42:2: [0m[0;1;31merror: [0m[1muse of undeclared identifier 'serial_port'[0m
        serial_port.Open("/dev/ttyACM1");
[0;1;32m        ^
[0m[1m/home/dragonblade316/Programming/robotics/dummy/dummy_hardware/src/robot.cpp:43:2: [0m[0;1;31merror: [0m[1muse of undeclared identifier 'serial_port'[0m
        serial_port.SetBaudRate(BaudRate::BAUD_115200);
[0;1;32m        ^
[0m[1m/home/dragonblade316/Programming/robotics/dummy/dummy_hardware/src/robot.cpp:43:26: [0m[0;1;31merror: [0m[1muse of undeclared identifier 'BaudRate'; did you mean 'LibSerial::BaudRate'?[0m
        serial_port.SetBaudRate(BaudRate::BAUD_115200);
[0;1;32m                                ^~~~~~~~
[0m[0;32m                                LibSerial::BaudRate
[0m[1m/usr/include/libserial/SerialPortConstants.h:189:16: [0m[0;1;30mnote: [0m'LibSerial::BaudRate' declared here[0m
    enum class BaudRate : speed_t
[0;1;32m               ^
[0m[1m/home/dragonblade316/Programming/robotics/dummy/dummy_hardware/src/robot.cpp:66:74: [0m[0;1;35mwarning: [0m[1munused parameter 'time' [-Wunused-parameter][0m
hardware_interface::return_type DummyHardware::read(const rclcpp::Time & time, const rclcpp::Duration & period) {
[0;1;32m                                                                         ^
[0m[1m/home/dragonblade316/Programming/robotics/dummy/dummy_hardware/src/robot.cpp:66:105: [0m[0;1;35mwarning: [0m[1munused parameter 'period' [-Wunused-parameter][0m
hardware_interface::return_type DummyHardware::read(const rclcpp::Time & time, const rclcpp::Duration & period) {
[0;1;32m                                                                                                        ^
[0m[1m/home/dragonblade316/Programming/robotics/dummy/dummy_hardware/src/robot.cpp:70:75: [0m[0;1;35mwarning: [0m[1munused parameter 'time' [-Wunused-parameter][0m
hardware_interface::return_type DummyHardware::write(const rclcpp::Time & time, const rclcpp::Duration & period) {
[0;1;32m                                                                          ^
[0m[1m/home/dragonblade316/Programming/robotics/dummy/dummy_hardware/src/robot.cpp:70:106: [0m[0;1;35mwarning: [0m[1munused parameter 'period' [-Wunused-parameter][0m
hardware_interface::return_type DummyHardware::write(const rclcpp::Time & time, const rclcpp::Duration & period) {
[0;1;32m                                                                                                         ^
[0m4 warnings and 3 errors generated.
gmake[2]: *** [CMakeFiles/dummy_hardware.dir/build.make:76: CMakeFiles/dummy_hardware.dir/src/robot.cpp.o] Error 1
gmake[1]: *** [CMakeFiles/Makefile2:137: CMakeFiles/dummy_hardware.dir/all] Error 2
gmake: *** [Makefile:146: all] Error 2
