[0.004s] Invoking command in '/home/dragonblade316/Programming/robotics/dummy/build_clang/moveit_config': AMENT_PREFIX_PATH=/home/dragonblade316/Programming/robotics/dummy/install_clang/dummy_description:${AMENT_PREFIX_PATH} CMAKE_PREFIX_PATH=/home/dragonblade316/Programming/robotics/dummy/install_clang/dummy_description:/opt/ros/humble /usr/bin/cmake /home/dragonblade316/Programming/robotics/dummy/moveit_config -DCMAKE_EXPORT_COMPILE_COMMANDS=ON -DAMENT_CMAKE_SYMLINK_INSTALL=1 -DCMAKE_INSTALL_PREFIX=/home/dragonblade316/Programming/robotics/dummy/install_clang/moveit_config
[0.064s] -- The C compiler identification is Clang 14.0.0
[0.131s] -- The CXX compiler identification is Clang 14.0.0
[0.134s] -- Detecting C compiler ABI info
[0.200s] -- Detecting C compiler ABI info - done
[0.203s] -- Check for working C compiler: /usr/bin/clang - skipped
[0.203s] -- Detecting C compile features
[0.203s] -- Detecting C compile features - done
[0.205s] -- Detecting CXX compiler ABI info
[0.281s] -- Detecting CXX compiler ABI info - done
[0.285s] -- Check for working CXX compiler: /usr/bin/clang++ - skipped
[0.285s] -- Detecting CXX compile features
[0.285s] -- Detecting CXX compile features - done
[0.287s] -- Found ament_cmake: 1.3.11 (/opt/ros/humble/share/ament_cmake/cmake)
[0.374s] -- Found Python3: /usr/bin/python3 (found version "3.10.12") found components: Interpreter 
[0.408s] -- Override CMake install command with custom implementation using symlinks instead of copying resources
[0.468s] -- Configuring done
[0.469s] -- Generating done
[0.470s] [33mCMake Warning:
[0.470s]   Manually-specified variables were not used by the project:
[0.470s] 
[0.470s]     CMAKE_EXPORT_COMPILE_COMMANDS
[0.470s] 
[0.470s] [0m
[0.470s] -- Build files have been written to: /home/dragonblade316/Programming/robotics/dummy/build_clang/moveit_config
[0.473s] Invoked command in '/home/dragonblade316/Programming/robotics/dummy/build_clang/moveit_config' returned '0': AMENT_PREFIX_PATH=/home/dragonblade316/Programming/robotics/dummy/install_clang/dummy_description:${AMENT_PREFIX_PATH} CMAKE_PREFIX_PATH=/home/dragonblade316/Programming/robotics/dummy/install_clang/dummy_description:/opt/ros/humble /usr/bin/cmake /home/dragonblade316/Programming/robotics/dummy/moveit_config -DCMAKE_EXPORT_COMPILE_COMMANDS=ON -DAMENT_CMAKE_SYMLINK_INSTALL=1 -DCMAKE_INSTALL_PREFIX=/home/dragonblade316/Programming/robotics/dummy/install_clang/moveit_config
[0.474s] Invoking command in '/home/dragonblade316/Programming/robotics/dummy/build_clang/moveit_config': AMENT_PREFIX_PATH=/home/dragonblade316/Programming/robotics/dummy/install_clang/dummy_description:${AMENT_PREFIX_PATH} CMAKE_PREFIX_PATH=/home/dragonblade316/Programming/robotics/dummy/install_clang/dummy_description:/opt/ros/humble /usr/bin/cmake --build /home/dragonblade316/Programming/robotics/dummy/build_clang/moveit_config -- -j20 -l20
[0.500s] Invoked command in '/home/dragonblade316/Programming/robotics/dummy/build_clang/moveit_config' returned '0': AMENT_PREFIX_PATH=/home/dragonblade316/Programming/robotics/dummy/install_clang/dummy_description:${AMENT_PREFIX_PATH} CMAKE_PREFIX_PATH=/home/dragonblade316/Programming/robotics/dummy/install_clang/dummy_description:/opt/ros/humble /usr/bin/cmake --build /home/dragonblade316/Programming/robotics/dummy/build_clang/moveit_config -- -j20 -l20
[0.501s] Invoking command in '/home/dragonblade316/Programming/robotics/dummy/build_clang/moveit_config': AMENT_PREFIX_PATH=/home/dragonblade316/Programming/robotics/dummy/install_clang/dummy_description:${AMENT_PREFIX_PATH} CMAKE_PREFIX_PATH=/home/dragonblade316/Programming/robotics/dummy/install_clang/dummy_description:/opt/ros/humble /usr/bin/cmake --install /home/dragonblade316/Programming/robotics/dummy/build_clang/moveit_config
[0.507s] -- Install configuration: ""
[0.507s] -- Execute custom install script
[0.508s] -- Symlinking: /home/dragonblade316/Programming/robotics/dummy/install_clang/moveit_config/share/ament_index/resource_index/package_run_dependencies/moveit_config
[0.512s] -- Symlinking: /home/dragonblade316/Programming/robotics/dummy/install_clang/moveit_config/share/ament_index/resource_index/parent_prefix_path/moveit_config
[0.518s] -- Symlinking: /home/dragonblade316/Programming/robotics/dummy/install_clang/moveit_config/share/moveit_config/environment/ament_prefix_path.sh
[0.524s] -- Symlinking: /home/dragonblade316/Programming/robotics/dummy/install_clang/moveit_config/share/moveit_config/environment/ament_prefix_path.dsv
[0.530s] -- Symlinking: /home/dragonblade316/Programming/robotics/dummy/install_clang/moveit_config/share/moveit_config/environment/path.sh
[0.536s] -- Symlinking: /home/dragonblade316/Programming/robotics/dummy/install_clang/moveit_config/share/moveit_config/environment/path.dsv
[0.542s] -- Symlinking: /home/dragonblade316/Programming/robotics/dummy/install_clang/moveit_config/share/moveit_config/local_setup.bash
[0.546s] -- Symlinking: /home/dragonblade316/Programming/robotics/dummy/install_clang/moveit_config/share/moveit_config/local_setup.sh
[0.552s] -- Symlinking: /home/dragonblade316/Programming/robotics/dummy/install_clang/moveit_config/share/moveit_config/local_setup.zsh
[0.556s] -- Symlinking: /home/dragonblade316/Programming/robotics/dummy/install_clang/moveit_config/share/moveit_config/local_setup.dsv
[0.561s] -- Symlinking: /home/dragonblade316/Programming/robotics/dummy/install_clang/moveit_config/share/moveit_config/package.dsv
[0.565s] -- Symlinking: /home/dragonblade316/Programming/robotics/dummy/install_clang/moveit_config/share/ament_index/resource_index/packages/moveit_config
[0.571s] -- Symlinking: /home/dragonblade316/Programming/robotics/dummy/install_clang/moveit_config/share/moveit_config/cmake/moveit_configConfig.cmake
[0.578s] -- Symlinking: /home/dragonblade316/Programming/robotics/dummy/install_clang/moveit_config/share/moveit_config/cmake/moveit_configConfig-version.cmake
[0.583s] -- Symlinking: /home/dragonblade316/Programming/robotics/dummy/install_clang/moveit_config/share/moveit_config/package.xml
[0.588s] -- Symlinking: /home/dragonblade316/Programming/robotics/dummy/install_clang/moveit_config/share/moveit_config/launch/demo.launch.py
[0.594s] -- Symlinking: /home/dragonblade316/Programming/robotics/dummy/install_clang/moveit_config/share/moveit_config/launch/move_group.launch.py
[0.600s] -- Symlinking: /home/dragonblade316/Programming/robotics/dummy/install_clang/moveit_config/share/moveit_config/launch/moveit_rviz.launch.py
[0.604s] -- Symlinking: /home/dragonblade316/Programming/robotics/dummy/install_clang/moveit_config/share/moveit_config/launch/rsp.launch.py
[0.610s] -- Symlinking: /home/dragonblade316/Programming/robotics/dummy/install_clang/moveit_config/share/moveit_config/launch/setup_assistant.launch.py
[0.616s] -- Symlinking: /home/dragonblade316/Programming/robotics/dummy/install_clang/moveit_config/share/moveit_config/launch/spawn_controllers.launch.py
[0.622s] -- Symlinking: /home/dragonblade316/Programming/robotics/dummy/install_clang/moveit_config/share/moveit_config/launch/static_virtual_joint_tfs.launch.py
[0.628s] -- Symlinking: /home/dragonblade316/Programming/robotics/dummy/install_clang/moveit_config/share/moveit_config/launch/warehouse_db.launch.py
[0.635s] -- Symlinking: /home/dragonblade316/Programming/robotics/dummy/install_clang/moveit_config/share/moveit_config/config/dummy.ros2_control.xacro
[0.641s] -- Symlinking: /home/dragonblade316/Programming/robotics/dummy/install_clang/moveit_config/share/moveit_config/config/dummy.srdf
[0.645s] -- Symlinking: /home/dragonblade316/Programming/robotics/dummy/install_clang/moveit_config/share/moveit_config/config/dummy.urdf.xacro
[0.649s] -- Symlinking: /home/dragonblade316/Programming/robotics/dummy/install_clang/moveit_config/share/moveit_config/config/initial_positions.yaml
[0.655s] -- Symlinking: /home/dragonblade316/Programming/robotics/dummy/install_clang/moveit_config/share/moveit_config/config/joint_limits.yaml
[0.659s] -- Symlinking: /home/dragonblade316/Programming/robotics/dummy/install_clang/moveit_config/share/moveit_config/config/kinematics.yaml
[0.665s] -- Symlinking: /home/dragonblade316/Programming/robotics/dummy/install_clang/moveit_config/share/moveit_config/config/moveit.rviz
[0.669s] -- Symlinking: /home/dragonblade316/Programming/robotics/dummy/install_clang/moveit_config/share/moveit_config/config/moveit_controllers.yaml
[0.675s] -- Symlinking: /home/dragonblade316/Programming/robotics/dummy/install_clang/moveit_config/share/moveit_config/config/pilz_cartesian_limits.yaml
[0.681s] -- Symlinking: /home/dragonblade316/Programming/robotics/dummy/install_clang/moveit_config/share/moveit_config/config/ros2_controllers.yaml
[0.685s] -- Symlinking: /home/dragonblade316/Programming/robotics/dummy/install_clang/moveit_config/share/moveit_config/.setup_assistant
[0.690s] Invoked command in '/home/dragonblade316/Programming/robotics/dummy/build_clang/moveit_config' returned '0': AMENT_PREFIX_PATH=/home/dragonblade316/Programming/robotics/dummy/install_clang/dummy_description:${AMENT_PREFIX_PATH} CMAKE_PREFIX_PATH=/home/dragonblade316/Programming/robotics/dummy/install_clang/dummy_description:/opt/ros/humble /usr/bin/cmake --install /home/dragonblade316/Programming/robotics/dummy/build_clang/moveit_config
