[0.011s] Invoking command in '/home/dragonblade316/Programming/robotics/dummy/moveit_config/build_clang/moveit_config': CMAKE_PREFIX_PATH=${CMAKE_PREFIX_PATH}:/home/dragonblade316/Programming/robotics/dummy/install/moveit_configs_utils:/home/dragonblade316/Programming/robotics/dummy/install/launch_param_builder:/home/dragonblade316/Programming/robotics/dummy/install/dummy_serial:/home/dragonblade316/Programming/robotics/dummy/install_clang/moveit_configs_utils:/home/dragonblade316/Programming/robotics/dummy/install_clang/srdfdom:/home/dragonblade316/Programming/robotics/dummy/install_clang/moveit_resources_pr2_description:/home/dragonblade316/Programming/robotics/dummy/install_clang/launch_param_builder:/home/dragonblade316/Programming/robotics/dummy/install_clang/dummy_serial:/home/dragonblade316/Programming/robotics/dummy/install_clang/dummy_joy_control:/home/dragonblade316/Programming/robotics/dummy/install_clang/dummy_bringup:/opt/ros/humble /usr/bin/cmake /home/dragonblade316/Programming/robotics/dummy/moveit_config -DCMAKE_EXPORT_COMPILE_COMMANDS=ON -DAMENT_CMAKE_SYMLINK_INSTALL=1 -DCMAKE_INSTALL_PREFIX=/home/dragonblade316/Programming/robotics/dummy/moveit_config/install_clang/moveit_config
[0.075s] -- The C compiler identification is Clang 14.0.0
[0.132s] -- The CXX compiler identification is Clang 14.0.0
[0.135s] -- Detecting C compiler ABI info
[0.218s] -- Detecting C compiler ABI info - done
[0.221s] -- Check for working C compiler: /usr/bin/clang - skipped
[0.221s] -- Detecting C compile features
[0.221s] -- Detecting C compile features - done
[0.223s] -- Detecting CXX compiler ABI info
[0.324s] -- Detecting CXX compiler ABI info - done
[0.329s] -- Check for working CXX compiler: /usr/bin/clang++ - skipped
[0.329s] -- Detecting CXX compile features
[0.329s] -- Detecting CXX compile features - done
[0.336s] -- Found ament_cmake: 1.3.11 (/opt/ros/humble/share/ament_cmake/cmake)
[0.459s] -- Found Python3: /usr/bin/python3 (found version "3.10.12") found components: Interpreter 
[0.495s] -- Override CMake install command with custom implementation using symlinks instead of copying resources
[0.611s] -- Configuring done
[0.612s] -- Generating done
[0.612s] [33mCMake Warning:
[0.612s]   Manually-specified variables were not used by the project:
[0.612s] 
[0.612s]     CMAKE_EXPORT_COMPILE_COMMANDS
[0.612s] 
[0.612s] [0m
[0.613s] -- Build files have been written to: /home/dragonblade316/Programming/robotics/dummy/moveit_config/build_clang/moveit_config
[0.615s] Invoked command in '/home/dragonblade316/Programming/robotics/dummy/moveit_config/build_clang/moveit_config' returned '0': CMAKE_PREFIX_PATH=${CMAKE_PREFIX_PATH}:/home/dragonblade316/Programming/robotics/dummy/install/moveit_configs_utils:/home/dragonblade316/Programming/robotics/dummy/install/launch_param_builder:/home/dragonblade316/Programming/robotics/dummy/install/dummy_serial:/home/dragonblade316/Programming/robotics/dummy/install_clang/moveit_configs_utils:/home/dragonblade316/Programming/robotics/dummy/install_clang/srdfdom:/home/dragonblade316/Programming/robotics/dummy/install_clang/moveit_resources_pr2_description:/home/dragonblade316/Programming/robotics/dummy/install_clang/launch_param_builder:/home/dragonblade316/Programming/robotics/dummy/install_clang/dummy_serial:/home/dragonblade316/Programming/robotics/dummy/install_clang/dummy_joy_control:/home/dragonblade316/Programming/robotics/dummy/install_clang/dummy_bringup:/opt/ros/humble /usr/bin/cmake /home/dragonblade316/Programming/robotics/dummy/moveit_config -DCMAKE_EXPORT_COMPILE_COMMANDS=ON -DAMENT_CMAKE_SYMLINK_INSTALL=1 -DCMAKE_INSTALL_PREFIX=/home/dragonblade316/Programming/robotics/dummy/moveit_config/install_clang/moveit_config
[0.616s] Invoking command in '/home/dragonblade316/Programming/robotics/dummy/moveit_config/build_clang/moveit_config': CMAKE_PREFIX_PATH=${CMAKE_PREFIX_PATH}:/home/dragonblade316/Programming/robotics/dummy/install/moveit_configs_utils:/home/dragonblade316/Programming/robotics/dummy/install/launch_param_builder:/home/dragonblade316/Programming/robotics/dummy/install/dummy_serial:/home/dragonblade316/Programming/robotics/dummy/install_clang/moveit_configs_utils:/home/dragonblade316/Programming/robotics/dummy/install_clang/srdfdom:/home/dragonblade316/Programming/robotics/dummy/install_clang/moveit_resources_pr2_description:/home/dragonblade316/Programming/robotics/dummy/install_clang/launch_param_builder:/home/dragonblade316/Programming/robotics/dummy/install_clang/dummy_serial:/home/dragonblade316/Programming/robotics/dummy/install_clang/dummy_joy_control:/home/dragonblade316/Programming/robotics/dummy/install_clang/dummy_bringup:/opt/ros/humble /usr/bin/cmake --build /home/dragonblade316/Programming/robotics/dummy/moveit_config/build_clang/moveit_config -- -j20 -l20
[0.654s] Invoked command in '/home/dragonblade316/Programming/robotics/dummy/moveit_config/build_clang/moveit_config' returned '0': CMAKE_PREFIX_PATH=${CMAKE_PREFIX_PATH}:/home/dragonblade316/Programming/robotics/dummy/install/moveit_configs_utils:/home/dragonblade316/Programming/robotics/dummy/install/launch_param_builder:/home/dragonblade316/Programming/robotics/dummy/install/dummy_serial:/home/dragonblade316/Programming/robotics/dummy/install_clang/moveit_configs_utils:/home/dragonblade316/Programming/robotics/dummy/install_clang/srdfdom:/home/dragonblade316/Programming/robotics/dummy/install_clang/moveit_resources_pr2_description:/home/dragonblade316/Programming/robotics/dummy/install_clang/launch_param_builder:/home/dragonblade316/Programming/robotics/dummy/install_clang/dummy_serial:/home/dragonblade316/Programming/robotics/dummy/install_clang/dummy_joy_control:/home/dragonblade316/Programming/robotics/dummy/install_clang/dummy_bringup:/opt/ros/humble /usr/bin/cmake --build /home/dragonblade316/Programming/robotics/dummy/moveit_config/build_clang/moveit_config -- -j20 -l20
[0.666s] Invoking command in '/home/dragonblade316/Programming/robotics/dummy/moveit_config/build_clang/moveit_config': CMAKE_PREFIX_PATH=${CMAKE_PREFIX_PATH}:/home/dragonblade316/Programming/robotics/dummy/install/moveit_configs_utils:/home/dragonblade316/Programming/robotics/dummy/install/launch_param_builder:/home/dragonblade316/Programming/robotics/dummy/install/dummy_serial:/home/dragonblade316/Programming/robotics/dummy/install_clang/moveit_configs_utils:/home/dragonblade316/Programming/robotics/dummy/install_clang/srdfdom:/home/dragonblade316/Programming/robotics/dummy/install_clang/moveit_resources_pr2_description:/home/dragonblade316/Programming/robotics/dummy/install_clang/launch_param_builder:/home/dragonblade316/Programming/robotics/dummy/install_clang/dummy_serial:/home/dragonblade316/Programming/robotics/dummy/install_clang/dummy_joy_control:/home/dragonblade316/Programming/robotics/dummy/install_clang/dummy_bringup:/opt/ros/humble /usr/bin/cmake --install /home/dragonblade316/Programming/robotics/dummy/moveit_config/build_clang/moveit_config
[0.672s] -- Install configuration: ""
[0.673s] -- Execute custom install script
[0.673s] -- Symlinking: /home/dragonblade316/Programming/robotics/dummy/moveit_config/install_clang/moveit_config/share/ament_index/resource_index/package_run_dependencies/moveit_config
[0.682s] -- Symlinking: /home/dragonblade316/Programming/robotics/dummy/moveit_config/install_clang/moveit_config/share/ament_index/resource_index/parent_prefix_path/moveit_config
[0.691s] -- Symlinking: /home/dragonblade316/Programming/robotics/dummy/moveit_config/install_clang/moveit_config/share/moveit_config/environment/ament_prefix_path.sh
[0.699s] -- Symlinking: /home/dragonblade316/Programming/robotics/dummy/moveit_config/install_clang/moveit_config/share/moveit_config/environment/ament_prefix_path.dsv
[0.706s] -- Symlinking: /home/dragonblade316/Programming/robotics/dummy/moveit_config/install_clang/moveit_config/share/moveit_config/environment/path.sh
[0.713s] -- Symlinking: /home/dragonblade316/Programming/robotics/dummy/moveit_config/install_clang/moveit_config/share/moveit_config/environment/path.dsv
[0.720s] -- Symlinking: /home/dragonblade316/Programming/robotics/dummy/moveit_config/install_clang/moveit_config/share/moveit_config/local_setup.bash
[0.727s] -- Symlinking: /home/dragonblade316/Programming/robotics/dummy/moveit_config/install_clang/moveit_config/share/moveit_config/local_setup.sh
[0.735s] -- Symlinking: /home/dragonblade316/Programming/robotics/dummy/moveit_config/install_clang/moveit_config/share/moveit_config/local_setup.zsh
[0.744s] -- Symlinking: /home/dragonblade316/Programming/robotics/dummy/moveit_config/install_clang/moveit_config/share/moveit_config/local_setup.dsv
[0.750s] -- Symlinking: /home/dragonblade316/Programming/robotics/dummy/moveit_config/install_clang/moveit_config/share/moveit_config/package.dsv
[0.757s] -- Symlinking: /home/dragonblade316/Programming/robotics/dummy/moveit_config/install_clang/moveit_config/share/ament_index/resource_index/packages/moveit_config
[0.765s] -- Symlinking: /home/dragonblade316/Programming/robotics/dummy/moveit_config/install_clang/moveit_config/share/moveit_config/cmake/moveit_configConfig.cmake
[0.771s] -- Symlinking: /home/dragonblade316/Programming/robotics/dummy/moveit_config/install_clang/moveit_config/share/moveit_config/cmake/moveit_configConfig-version.cmake
[0.778s] -- Symlinking: /home/dragonblade316/Programming/robotics/dummy/moveit_config/install_clang/moveit_config/share/moveit_config/package.xml
[0.785s] -- Symlinking: /home/dragonblade316/Programming/robotics/dummy/moveit_config/install_clang/moveit_config/share/moveit_config/launch/demo.launch.py
[0.794s] -- Symlinking: /home/dragonblade316/Programming/robotics/dummy/moveit_config/install_clang/moveit_config/share/moveit_config/launch/move_group.launch.py
[0.801s] -- Symlinking: /home/dragonblade316/Programming/robotics/dummy/moveit_config/install_clang/moveit_config/share/moveit_config/launch/moveit_rviz.launch.py
[0.809s] -- Symlinking: /home/dragonblade316/Programming/robotics/dummy/moveit_config/install_clang/moveit_config/share/moveit_config/launch/rsp.launch.py
[0.820s] -- Symlinking: /home/dragonblade316/Programming/robotics/dummy/moveit_config/install_clang/moveit_config/share/moveit_config/launch/setup_assistant.launch.py
[0.828s] -- Symlinking: /home/dragonblade316/Programming/robotics/dummy/moveit_config/install_clang/moveit_config/share/moveit_config/launch/spawn_controllers.launch.py
[0.836s] -- Symlinking: /home/dragonblade316/Programming/robotics/dummy/moveit_config/install_clang/moveit_config/share/moveit_config/launch/static_virtual_joint_tfs.launch.py
[0.845s] -- Symlinking: /home/dragonblade316/Programming/robotics/dummy/moveit_config/install_clang/moveit_config/share/moveit_config/launch/warehouse_db.launch.py
[0.853s] -- Symlinking: /home/dragonblade316/Programming/robotics/dummy/moveit_config/install_clang/moveit_config/share/moveit_config/config/dummy.ros2_control.xacro
[0.861s] -- Symlinking: /home/dragonblade316/Programming/robotics/dummy/moveit_config/install_clang/moveit_config/share/moveit_config/config/dummy.srdf
[0.867s] -- Symlinking: /home/dragonblade316/Programming/robotics/dummy/moveit_config/install_clang/moveit_config/share/moveit_config/config/dummy.urdf.xacro
[0.873s] -- Symlinking: /home/dragonblade316/Programming/robotics/dummy/moveit_config/install_clang/moveit_config/share/moveit_config/config/initial_positions.yaml
[0.880s] -- Symlinking: /home/dragonblade316/Programming/robotics/dummy/moveit_config/install_clang/moveit_config/share/moveit_config/config/joint_limits.yaml
[0.887s] -- Symlinking: /home/dragonblade316/Programming/robotics/dummy/moveit_config/install_clang/moveit_config/share/moveit_config/config/kinematics.yaml
[0.894s] -- Symlinking: /home/dragonblade316/Programming/robotics/dummy/moveit_config/install_clang/moveit_config/share/moveit_config/config/moveit.rviz
[0.904s] -- Symlinking: /home/dragonblade316/Programming/robotics/dummy/moveit_config/install_clang/moveit_config/share/moveit_config/config/moveit_controllers.yaml
[0.911s] -- Symlinking: /home/dragonblade316/Programming/robotics/dummy/moveit_config/install_clang/moveit_config/share/moveit_config/config/pilz_cartesian_limits.yaml
[0.921s] -- Symlinking: /home/dragonblade316/Programming/robotics/dummy/moveit_config/install_clang/moveit_config/share/moveit_config/config/ros2_controllers.yaml
[0.928s] -- Symlinking: /home/dragonblade316/Programming/robotics/dummy/moveit_config/install_clang/moveit_config/share/moveit_config/.setup_assistant
[0.937s] Invoked command in '/home/dragonblade316/Programming/robotics/dummy/moveit_config/build_clang/moveit_config' returned '0': CMAKE_PREFIX_PATH=${CMAKE_PREFIX_PATH}:/home/dragonblade316/Programming/robotics/dummy/install/moveit_configs_utils:/home/dragonblade316/Programming/robotics/dummy/install/launch_param_builder:/home/dragonblade316/Programming/robotics/dummy/install/dummy_serial:/home/dragonblade316/Programming/robotics/dummy/install_clang/moveit_configs_utils:/home/dragonblade316/Programming/robotics/dummy/install_clang/srdfdom:/home/dragonblade316/Programming/robotics/dummy/install_clang/moveit_resources_pr2_description:/home/dragonblade316/Programming/robotics/dummy/install_clang/launch_param_builder:/home/dragonblade316/Programming/robotics/dummy/install_clang/dummy_serial:/home/dragonblade316/Programming/robotics/dummy/install_clang/dummy_joy_control:/home/dragonblade316/Programming/robotics/dummy/install_clang/dummy_bringup:/opt/ros/humble /usr/bin/cmake --install /home/dragonblade316/Programming/robotics/dummy/moveit_config/build_clang/moveit_config
