In file included from /home/dragonblade316/Programming/robotics/dummy/dummy_hardware/src/robot.cpp:1:
[1m/home/dragonblade316/Programming/robotics/dummy/dummy_hardware/./include/hardware/robot.hpp:38:3: [0m[0;1;35mwarning: [0m[1mnon-void function does not return a value [-Wreturn-type][0m
  }
[0;1;32m  ^
[0m[1m/home/dragonblade316/Programming/robotics/dummy/dummy_hardware/src/robot.cpp:54:16: [0m[0;1;35mwarning: [0m[1mISO C++11 does not allow conversion from string literal to 'char *' [-Wwritable-strings][0m
        char* zeros = "<0,0,0>";
[0;1;32m                      ^
[0m[1m/home/dragonblade316/Programming/robotics/dummy/dummy_hardware/src/robot.cpp:80:74: [0m[0;1;35mwarning: [0m[1munused parameter 'time' [-Wunused-parameter][0m
hardware_interface::return_type DummyHardware::read(const rclcpp::Time & time, const rclcpp::Duration & period) {
[0;1;32m                                                                         ^
[0m[1m/home/dragonblade316/Programming/robotics/dummy/dummy_hardware/src/robot.cpp:80:105: [0m[0;1;35mwarning: [0m[1munused parameter 'period' [-Wunused-parameter][0m
hardware_interface::return_type DummyHardware::read(const rclcpp::Time & time, const rclcpp::Duration & period) {
[0;1;32m                                                                                                        ^
[0m[1m/home/dragonblade316/Programming/robotics/dummy/dummy_hardware/src/robot.cpp:84:75: [0m[0;1;35mwarning: [0m[1munused parameter 'time' [-Wunused-parameter][0m
hardware_interface::return_type DummyHardware::write(const rclcpp::Time & time, const rclcpp::Duration & period) {
[0;1;32m                                                                          ^
[0m[1m/home/dragonblade316/Programming/robotics/dummy/dummy_hardware/src/robot.cpp:84:106: [0m[0;1;35mwarning: [0m[1munused parameter 'period' [-Wunused-parameter][0m
hardware_interface::return_type DummyHardware::write(const rclcpp::Time & time, const rclcpp::Duration & period) {
[0;1;32m                                                                                                         ^
[0m6 warnings generated.
