[0.020s] Invoking command in '/home/dragonblade316/Programming/robotics/dummy/build_clang/dummy_hardware': CMAKE_PREFIX_PATH=${CMAKE_PREFIX_PATH}:/home/dragonblade316/Programming/robotics/dummy/install_clang/dummy_serial:/opt/ros/humble /usr/bin/cmake --build /home/dragonblade316/Programming/robotics/dummy/build_clang/dummy_hardware -- -j20 -l20
[0.206s] [35m[1mConsolidate compiler generated dependencies of target dummy_hardware[0m
[0.206s] [ 33%] [32mBuilding CXX object CMakeFiles/dummy_hardware.dir/src/robot.cpp.o[0m
[1.202s] [1m/home/dragonblade316/Programming/robotics/dummy/dummy_hardware/src/robot.cpp:74:21: [0m[0;1;35mwarning: [0m[1mcomparison of integers of different signs: 'int' and 'std::vector::size_type' (aka 'unsigned long') [-Wsign-compare][0m
[1.202s]                 for (int i = 0; i < info_.joints.size(); i++) {
[1.202s] [0;1;32m                                ~ ^ ~~~~~~~~~~~~~~~~~~~
[1.204s] [0m[1m/home/dragonblade316/Programming/robotics/dummy/dummy_hardware/src/robot.cpp:100:74: [0m[0;1;35mwarning: [0m[1munused parameter 'time' [-Wunused-parameter][0m
[1.204s] hardware_interface::return_type DummyHardware::read(const rclcpp::Time & time, const rclcpp::Duration & period) {
[1.204s] [0;1;32m                                                                         ^
[1.204s] [0m[1m/home/dragonblade316/Programming/robotics/dummy/dummy_hardware/src/robot.cpp:100:105: [0m[0;1;35mwarning: [0m[1munused parameter 'period' [-Wunused-parameter][0m
[1.204s] hardware_interface::return_type DummyHardware::read(const rclcpp::Time & time, const rclcpp::Duration & period) {
[1.204s] [0;1;32m                                                                                                        ^
[1.205s] [0m[1m/home/dragonblade316/Programming/robotics/dummy/dummy_hardware/src/robot.cpp:108:34: [0m[0;1;31merror: [0m[1mcannot pass non-trivial object of type 'std::basic_stringstream<char>::__string_type' (aka 'basic_string<char, std::char_traits<char>, std::allocator<char>>') to variadic function; expected type from format string was 'char *' [-Wnon-pod-varargs][0m
[1.205s]         RCLCPP_INFO(get_logger(), "%s", ss.str());
[1.206s] [0;1;32m                                   ~~   ^~~~~~~~
[1.206s] [0m[1m/opt/ros/humble/include/rclcpp/rclcpp/logging.hpp:537:7: [0m[0;1;30mnote: [0mexpanded from macro 'RCLCPP_INFO'[0m
[1.206s]       __VA_ARGS__); \
[1.206s] [0;1;32m      ^~~~~~~~~~~
[1.206s] [0m[1m/opt/ros/humble/include/rcutils/rcutils/logging_macros.h:510:5: [0m[0;1;30mnote: [0mexpanded from macro 'RCUTILS_LOG_INFO_NAMED'[0m
[1.206s]     __VA_ARGS__)
[1.206s] [0;1;32m    ^~~~~~~~~~~
[1.206s] [0m[1m/opt/ros/humble/include/rcutils/rcutils/logging_macros.h:79:64: [0m[0;1;30mnote: [0mexpanded from macro 'RCUTILS_LOG_COND_NAMED'[0m
[1.206s]       rcutils_log(&__rcutils_logging_location, severity, name, __VA_ARGS__); \
[1.206s] [0;1;32m                                                               ^~~~~~~~~~~
[1.206s] [0m[1m/home/dragonblade316/Programming/robotics/dummy/dummy_hardware/src/robot.cpp:108:34: [0m[0;1;30mnote: [0mdid you mean to call the c_str() method?[0m
[1.206s] [1m/home/dragonblade316/Programming/robotics/dummy/dummy_hardware/src/robot.cpp:104:75: [0m[0;1;35mwarning: [0m[1munused parameter 'time' [-Wunused-parameter][0m
[1.206s] hardware_interface::return_type DummyHardware::write(const rclcpp::Time & time, const rclcpp::Duration & period) {
[1.206s] [0;1;32m                                                                          ^
[1.206s] [0m[1m/home/dragonblade316/Programming/robotics/dummy/dummy_hardware/src/robot.cpp:104:106: [0m[0;1;35mwarning: [0m[1munused parameter 'period' [-Wunused-parameter][0m
[1.206s] hardware_interface::return_type DummyHardware::write(const rclcpp::Time & time, const rclcpp::Duration & period) {
[1.206s] [0;1;32m                                                                                                         ^
[1.395s] [0m5 warnings and 1 error generated.
[1.404s] gmake[2]: *** [CMakeFiles/dummy_hardware.dir/build.make:76: CMakeFiles/dummy_hardware.dir/src/robot.cpp.o] Error 1
[1.404s] gmake[1]: *** [CMakeFiles/Makefile2:137: CMakeFiles/dummy_hardware.dir/all] Error 2
[1.404s] gmake: *** [Makefile:146: all] Error 2
[1.406s] Invoked command in '/home/dragonblade316/Programming/robotics/dummy/build_clang/dummy_hardware' returned '2': CMAKE_PREFIX_PATH=${CMAKE_PREFIX_PATH}:/home/dragonblade316/Programming/robotics/dummy/install_clang/dummy_serial:/opt/ros/humble /usr/bin/cmake --build /home/dragonblade316/Programming/robotics/dummy/build_clang/dummy_hardware -- -j20 -l20
