[0.185s] Invoking command in '/home/dragonblade316/Programming/robotics/dummy/build_clang/serial': CMAKE_PREFIX_PATH=${CMAKE_PREFIX_PATH}:/opt/ros/humble:/home/dragonblade316/Programming/robotics/dummy/install_clang/dummy_serial:/home/dragonblade316/Programming/robotics/dummy/install_clang/dummy_motion:/home/dragonblade316/Programming/robotics/dummy/install_clang/dummy_description:/home/dragonblade316/Programming/robotics/dummy/install_clang/dummy_controller:/home/dragonblade316/Programming/robotics/dummy/install_clang/dummy_bringup /usr/bin/cmake --build /home/dragonblade316/Programming/robotics/dummy/build_clang/serial -- -j20 -l20
[0.209s] [35m[1mConsolidate compiler generated dependencies of target serial[0m
[0.219s] [100%] Built target serial
[0.250s] Invoked command in '/home/dragonblade316/Programming/robotics/dummy/build_clang/serial' returned '0': CMAKE_PREFIX_PATH=${CMAKE_PREFIX_PATH}:/opt/ros/humble:/home/dragonblade316/Programming/robotics/dummy/install_clang/dummy_serial:/home/dragonblade316/Programming/robotics/dummy/install_clang/dummy_motion:/home/dragonblade316/Programming/robotics/dummy/install_clang/dummy_description:/home/dragonblade316/Programming/robotics/dummy/install_clang/dummy_controller:/home/dragonblade316/Programming/robotics/dummy/install_clang/dummy_bringup /usr/bin/cmake --build /home/dragonblade316/Programming/robotics/dummy/build_clang/serial -- -j20 -l20
[0.250s] Invoking command in '/home/dragonblade316/Programming/robotics/dummy/build_clang/serial': CMAKE_PREFIX_PATH=${CMAKE_PREFIX_PATH}:/opt/ros/humble:/home/dragonblade316/Programming/robotics/dummy/install_clang/dummy_serial:/home/dragonblade316/Programming/robotics/dummy/install_clang/dummy_motion:/home/dragonblade316/Programming/robotics/dummy/install_clang/dummy_description:/home/dragonblade316/Programming/robotics/dummy/install_clang/dummy_controller:/home/dragonblade316/Programming/robotics/dummy/install_clang/dummy_bringup /usr/bin/cmake --install /home/dragonblade316/Programming/robotics/dummy/build_clang/serial
[0.255s] -- Install configuration: ""
[0.255s] -- Execute custom install script
[0.255s] -- Up-to-date symlink: /home/dragonblade316/Programming/robotics/dummy/install_clang/serial/share/serial/environment/library_path.sh
[0.255s] -- Up-to-date symlink: /home/dragonblade316/Programming/robotics/dummy/install_clang/serial/share/serial/environment/library_path.dsv
[0.255s] -- Up-to-date symlink: /home/dragonblade316/Programming/robotics/dummy/install_clang/serial/lib/libserial.a
[0.255s] -- Up-to-date symlink: /home/dragonblade316/Programming/robotics/dummy/install_clang/serial/include/serial/serial.h
[0.255s] -- Up-to-date symlink: /home/dragonblade316/Programming/robotics/dummy/install_clang/serial/include/serial/v8stdint.h
[0.255s] -- Up-to-date symlink: /home/dragonblade316/Programming/robotics/dummy/install_clang/serial/share/ament_index/resource_index/package_run_dependencies/serial
[0.255s] -- Up-to-date symlink: /home/dragonblade316/Programming/robotics/dummy/install_clang/serial/share/ament_index/resource_index/parent_prefix_path/serial
[0.256s] -- Up-to-date symlink: /home/dragonblade316/Programming/robotics/dummy/install_clang/serial/share/serial/environment/ament_prefix_path.sh
[0.256s] -- Up-to-date symlink: /home/dragonblade316/Programming/robotics/dummy/install_clang/serial/share/serial/environment/ament_prefix_path.dsv
[0.256s] -- Up-to-date symlink: /home/dragonblade316/Programming/robotics/dummy/install_clang/serial/share/serial/environment/path.sh
[0.256s] -- Up-to-date symlink: /home/dragonblade316/Programming/robotics/dummy/install_clang/serial/share/serial/environment/path.dsv
[0.256s] -- Up-to-date symlink: /home/dragonblade316/Programming/robotics/dummy/install_clang/serial/share/serial/local_setup.bash
[0.256s] -- Up-to-date symlink: /home/dragonblade316/Programming/robotics/dummy/install_clang/serial/share/serial/local_setup.sh
[0.256s] -- Up-to-date symlink: /home/dragonblade316/Programming/robotics/dummy/install_clang/serial/share/serial/local_setup.zsh
[0.256s] -- Up-to-date symlink: /home/dragonblade316/Programming/robotics/dummy/install_clang/serial/share/serial/local_setup.dsv
[0.256s] -- Symlinking: /home/dragonblade316/Programming/robotics/dummy/install_clang/serial/share/serial/package.dsv
[0.262s] -- Up-to-date symlink: /home/dragonblade316/Programming/robotics/dummy/install_clang/serial/share/ament_index/resource_index/packages/serial
[0.262s] -- Up-to-date symlink: /home/dragonblade316/Programming/robotics/dummy/install_clang/serial/share/serial/cmake/ament_cmake_export_include_directories-extras.cmake
[0.262s] -- Up-to-date symlink: /home/dragonblade316/Programming/robotics/dummy/install_clang/serial/share/serial/cmake/ament_cmake_export_libraries-extras.cmake
[0.262s] -- Up-to-date symlink: /home/dragonblade316/Programming/robotics/dummy/install_clang/serial/share/serial/cmake/serialConfig.cmake
[0.262s] -- Up-to-date symlink: /home/dragonblade316/Programming/robotics/dummy/install_clang/serial/share/serial/cmake/serialConfig-version.cmake
[0.262s] -- Up-to-date symlink: /home/dragonblade316/Programming/robotics/dummy/install_clang/serial/share/serial/package.xml
[0.264s] Invoked command in '/home/dragonblade316/Programming/robotics/dummy/build_clang/serial' returned '0': CMAKE_PREFIX_PATH=${CMAKE_PREFIX_PATH}:/opt/ros/humble:/home/dragonblade316/Programming/robotics/dummy/install_clang/dummy_serial:/home/dragonblade316/Programming/robotics/dummy/install_clang/dummy_motion:/home/dragonblade316/Programming/robotics/dummy/install_clang/dummy_description:/home/dragonblade316/Programming/robotics/dummy/install_clang/dummy_controller:/home/dragonblade316/Programming/robotics/dummy/install_clang/dummy_bringup /usr/bin/cmake --install /home/dragonblade316/Programming/robotics/dummy/build_clang/serial
