[0.013s] Invoking command in '/home/dragonblade316/Programming/robotics/dummy/build_clang/dummy_controller': CMAKE_PREFIX_PATH=/opt/ros/humble /usr/bin/cmake /home/dragonblade316/Programming/robotics/dummy/dummy_controller -DCMAKE_EXPORT_COMPILE_COMMANDS=ON -DAMENT_CMAKE_SYMLINK_INSTALL=1 -DCMAKE_INSTALL_PREFIX=/home/dragonblade316/Programming/robotics/dummy/install_clang/dummy_controller
[0.059s] -- The C compiler identification is Clang 14.0.0
[0.122s] -- The CXX compiler identification is Clang 14.0.0
[0.127s] -- Detecting C compiler ABI info
[0.192s] -- Detecting C compiler ABI info - done
[0.197s] -- Check for working C compiler: /usr/bin/clang - skipped
[0.197s] -- Detecting C compile features
[0.198s] -- Detecting C compile features - done
[0.200s] -- Detecting CXX compiler ABI info
[0.285s] -- Detecting CXX compiler ABI info - done
[0.290s] -- Check for working CXX compiler: /usr/bin/clang++ - skipped
[0.290s] -- Detecting CXX compile features
[0.291s] -- Detecting CXX compile features - done
[0.292s] -- Found ament_cmake: 1.3.11 (/opt/ros/humble/share/ament_cmake/cmake)
[0.388s] -- Found Python3: /usr/bin/python3 (found version "3.10.12") found components: Interpreter 
[0.420s] -- Override CMake install command with custom implementation using symlinks instead of copying resources
[0.443s] -- Found rclcpp: 16.0.11 (/opt/ros/humble/share/rclcpp/cmake)
[0.485s] -- Found rosidl_generator_c: 3.1.6 (/opt/ros/humble/share/rosidl_generator_c/cmake)
[0.491s] -- Found rosidl_adapter: 3.1.6 (/opt/ros/humble/share/rosidl_adapter/cmake)
[0.498s] -- Found rosidl_generator_cpp: 3.1.6 (/opt/ros/humble/share/rosidl_generator_cpp/cmake)
[0.509s] -- Using all available rosidl_typesupport_c: rosidl_typesupport_fastrtps_c;rosidl_typesupport_introspection_c
[0.524s] -- Using all available rosidl_typesupport_cpp: rosidl_typesupport_fastrtps_cpp;rosidl_typesupport_introspection_cpp
[0.567s] -- Found rmw_implementation_cmake: 6.1.2 (/opt/ros/humble/share/rmw_implementation_cmake/cmake)
[0.570s] -- Found rmw_fastrtps_cpp: 6.2.7 (/opt/ros/humble/share/rmw_fastrtps_cpp/cmake)
[0.638s] -- Found OpenSSL: /usr/lib/x86_64-linux-gnu/libcrypto.so (found version "3.0.2")  
[0.665s] -- Found FastRTPS: /opt/ros/humble/include  
[0.698s] -- Using RMW implementation 'rmw_fastrtps_cpp' as default
[0.707s] -- Looking for pthread.h
[0.766s] -- Looking for pthread.h - found
[0.766s] -- Performing Test CMAKE_HAVE_LIBC_PTHREAD
[0.835s] -- Performing Test CMAKE_HAVE_LIBC_PTHREAD - Success
[0.835s] -- Found Threads: TRUE  
[0.864s] -- Found geometry_msgs: 4.2.4 (/opt/ros/humble/share/geometry_msgs/cmake)
[0.871s] -- Found sensor_msgs: 4.2.4 (/opt/ros/humble/share/sensor_msgs/cmake)
[0.881s] -- Found trajectory_msgs: 4.2.4 (/opt/ros/humble/share/trajectory_msgs/cmake)
[0.892s] -- Found tf2: 0.25.9 (/opt/ros/humble/share/tf2/cmake)
[0.900s] -- Found tf2_ros: 0.25.9 (/opt/ros/humble/share/tf2_ros/cmake)
[0.952s] -- Found ament_lint_auto: 0.12.11 (/opt/ros/humble/share/ament_lint_auto/cmake)
[1.003s] -- Added test 'cppcheck' to perform static code analysis on C / C++ code
[1.003s] -- Configured cppcheck include dirs: 
[1.003s] -- Configured cppcheck exclude dirs and/or files: 
[1.004s] -- Added test 'lint_cmake' to check CMake code style
[1.004s] -- Added test 'uncrustify' to check C / C++ code style
[1.004s] -- Configured uncrustify additional arguments: 
[1.005s] -- Added test 'xmllint' to check XML markup files
[1.006s] -- Configuring done
[1.015s] -- Generating done
[1.019s] -- Build files have been written to: /home/dragonblade316/Programming/robotics/dummy/build_clang/dummy_controller
[1.027s] Invoked command in '/home/dragonblade316/Programming/robotics/dummy/build_clang/dummy_controller' returned '0': CMAKE_PREFIX_PATH=/opt/ros/humble /usr/bin/cmake /home/dragonblade316/Programming/robotics/dummy/dummy_controller -DCMAKE_EXPORT_COMPILE_COMMANDS=ON -DAMENT_CMAKE_SYMLINK_INSTALL=1 -DCMAKE_INSTALL_PREFIX=/home/dragonblade316/Programming/robotics/dummy/install_clang/dummy_controller
[1.028s] Invoking command in '/home/dragonblade316/Programming/robotics/dummy/build_clang/dummy_controller': CMAKE_PREFIX_PATH=/opt/ros/humble /usr/bin/cmake --build /home/dragonblade316/Programming/robotics/dummy/build_clang/dummy_controller -- -j20 -l20
[1.061s] [ 50%] [32mBuilding CXX object CMakeFiles/controller.dir/src/main.cpp.o[0m
[3.782s] [100%] [32m[1mLinking CXX executable controller[0m
[3.985s] [100%] Built target controller
[3.991s] Invoked command in '/home/dragonblade316/Programming/robotics/dummy/build_clang/dummy_controller' returned '0': CMAKE_PREFIX_PATH=/opt/ros/humble /usr/bin/cmake --build /home/dragonblade316/Programming/robotics/dummy/build_clang/dummy_controller -- -j20 -l20
[3.991s] Invoking command in '/home/dragonblade316/Programming/robotics/dummy/build_clang/dummy_controller': CMAKE_PREFIX_PATH=/opt/ros/humble /usr/bin/cmake --install /home/dragonblade316/Programming/robotics/dummy/build_clang/dummy_controller
[3.997s] -- Install configuration: ""
[3.997s] -- Execute custom install script
[3.997s] -- Symlinking: /home/dragonblade316/Programming/robotics/dummy/install_clang/dummy_controller/lib/dummy_controller/controller
[4.002s] -- Symlinking: /home/dragonblade316/Programming/robotics/dummy/install_clang/dummy_controller/share/ament_index/resource_index/package_run_dependencies/dummy_controller
[4.007s] -- Symlinking: /home/dragonblade316/Programming/robotics/dummy/install_clang/dummy_controller/share/ament_index/resource_index/parent_prefix_path/dummy_controller
[4.013s] -- Symlinking: /home/dragonblade316/Programming/robotics/dummy/install_clang/dummy_controller/share/dummy_controller/environment/ament_prefix_path.sh
[4.016s] -- Symlinking: /home/dragonblade316/Programming/robotics/dummy/install_clang/dummy_controller/share/dummy_controller/environment/ament_prefix_path.dsv
[4.019s] -- Symlinking: /home/dragonblade316/Programming/robotics/dummy/install_clang/dummy_controller/share/dummy_controller/environment/path.sh
[4.025s] -- Symlinking: /home/dragonblade316/Programming/robotics/dummy/install_clang/dummy_controller/share/dummy_controller/environment/path.dsv
[4.030s] -- Symlinking: /home/dragonblade316/Programming/robotics/dummy/install_clang/dummy_controller/share/dummy_controller/local_setup.bash
[4.034s] -- Symlinking: /home/dragonblade316/Programming/robotics/dummy/install_clang/dummy_controller/share/dummy_controller/local_setup.sh
[4.039s] -- Symlinking: /home/dragonblade316/Programming/robotics/dummy/install_clang/dummy_controller/share/dummy_controller/local_setup.zsh
[4.042s] -- Symlinking: /home/dragonblade316/Programming/robotics/dummy/install_clang/dummy_controller/share/dummy_controller/local_setup.dsv
[4.047s] -- Symlinking: /home/dragonblade316/Programming/robotics/dummy/install_clang/dummy_controller/share/dummy_controller/package.dsv
[4.052s] -- Symlinking: /home/dragonblade316/Programming/robotics/dummy/install_clang/dummy_controller/share/ament_index/resource_index/packages/dummy_controller
[4.056s] -- Symlinking: /home/dragonblade316/Programming/robotics/dummy/install_clang/dummy_controller/share/dummy_controller/cmake/dummy_controllerConfig.cmake
[4.059s] -- Symlinking: /home/dragonblade316/Programming/robotics/dummy/install_clang/dummy_controller/share/dummy_controller/cmake/dummy_controllerConfig-version.cmake
[4.063s] -- Symlinking: /home/dragonblade316/Programming/robotics/dummy/install_clang/dummy_controller/share/dummy_controller/package.xml
[4.069s] Invoked command in '/home/dragonblade316/Programming/robotics/dummy/build_clang/dummy_controller' returned '0': CMAKE_PREFIX_PATH=/opt/ros/humble /usr/bin/cmake --install /home/dragonblade316/Programming/robotics/dummy/build_clang/dummy_controller
