[0.005s] Invoking command in '/home/dragonblade316/Programming/robotics/dummy/dummy_joy_control/build_clang/dummy_joy_control': /usr/bin/cmake /home/dragonblade316/Programming/robotics/dummy/dummy_joy_control -DCMAKE_EXPORT_COMPILE_COMMANDS=ON -DAMENT_CMAKE_SYMLINK_INSTALL=1 -DCMAKE_INSTALL_PREFIX=/home/dragonblade316/Programming/robotics/dummy/dummy_joy_control/install_clang/dummy_joy_control
[0.129s] -- The C compiler identification is Clang 14.0.0
[0.188s] -- The CXX compiler identification is Clang 14.0.0
[0.192s] -- Detecting C compiler ABI info
[0.246s] -- Detecting C compiler ABI info - done
[0.249s] -- Check for working C compiler: /usr/bin/clang - skipped
[0.250s] -- Detecting C compile features
[0.250s] -- Detecting C compile features - done
[0.252s] -- Detecting CXX compiler ABI info
[0.326s] -- Detecting CXX compiler ABI info - done
[0.331s] -- Check for working CXX compiler: /usr/bin/clang++ - skipped
[0.331s] -- Detecting CXX compile features
[0.331s] -- Detecting CXX compile features - done
[0.350s] [31mCMake Error at CMakeLists.txt:9 (find_package):
[0.350s]   By not providing "Findament_cmake.cmake" in CMAKE_MODULE_PATH this project
[0.350s]   has asked CMake to find a package configuration file provided by
[0.350s]   "ament_cmake", but CMake did not find one.
[0.350s] 
[0.350s]   Could not find a package configuration file provided by "ament_cmake" with
[0.350s]   any of the following names:
[0.351s] 
[0.351s]     ament_cmakeConfig.cmake
[0.351s]     ament_cmake-config.cmake
[0.351s] 
[0.351s]   Add the installation prefix of "ament_cmake" to CMAKE_PREFIX_PATH or set
[0.351s]   "ament_cmake_DIR" to a directory containing one of the above files.  If
[0.351s]   "ament_cmake" provides a separate development package or SDK, be sure it
[0.351s]   has been installed.
[0.351s] 
[0.351s] [0m
[0.351s] -- Configuring incomplete, errors occurred!
[0.351s] See also "/home/dragonblade316/Programming/robotics/dummy/dummy_joy_control/build_clang/dummy_joy_control/CMakeFiles/CMakeOutput.log".
[0.352s] Invoked command in '/home/dragonblade316/Programming/robotics/dummy/dummy_joy_control/build_clang/dummy_joy_control' returned '1': /usr/bin/cmake /home/dragonblade316/Programming/robotics/dummy/dummy_joy_control -DCMAKE_EXPORT_COMPILE_COMMANDS=ON -DAMENT_CMAKE_SYMLINK_INSTALL=1 -DCMAKE_INSTALL_PREFIX=/home/dragonblade316/Programming/robotics/dummy/dummy_joy_control/install_clang/dummy_joy_control
