[0.014s] Invoking command in '/home/dragonblade316/Programming/robotics/dummy/build_clang/dummy_joy_control': CMAKE_PREFIX_PATH=${CMAKE_PREFIX_PATH}:/opt/ros/humble:/home/dragonblade316/Programming/robotics/dummy/install_clang/dummy_serial:/home/dragonblade316/Programming/robotics/dummy/install_clang/dummy_motion:/home/dragonblade316/Programming/robotics/dummy/install_clang/dummy_description:/home/dragonblade316/Programming/robotics/dummy/install_clang/dummy_controller:/home/dragonblade316/Programming/robotics/dummy/install_clang/dummy_bringup /usr/bin/cmake --build /home/dragonblade316/Programming/robotics/dummy/build_clang/dummy_joy_control -- -j20 -l20
[0.047s] [100%] Built target controller
[0.208s] Invoked command in '/home/dragonblade316/Programming/robotics/dummy/build_clang/dummy_joy_control' returned '0': CMAKE_PREFIX_PATH=${CMAKE_PREFIX_PATH}:/opt/ros/humble:/home/dragonblade316/Programming/robotics/dummy/install_clang/dummy_serial:/home/dragonblade316/Programming/robotics/dummy/install_clang/dummy_motion:/home/dragonblade316/Programming/robotics/dummy/install_clang/dummy_description:/home/dragonblade316/Programming/robotics/dummy/install_clang/dummy_controller:/home/dragonblade316/Programming/robotics/dummy/install_clang/dummy_bringup /usr/bin/cmake --build /home/dragonblade316/Programming/robotics/dummy/build_clang/dummy_joy_control -- -j20 -l20
[0.213s] Invoking command in '/home/dragonblade316/Programming/robotics/dummy/build_clang/dummy_joy_control': CMAKE_PREFIX_PATH=${CMAKE_PREFIX_PATH}:/opt/ros/humble:/home/dragonblade316/Programming/robotics/dummy/install_clang/dummy_serial:/home/dragonblade316/Programming/robotics/dummy/install_clang/dummy_motion:/home/dragonblade316/Programming/robotics/dummy/install_clang/dummy_description:/home/dragonblade316/Programming/robotics/dummy/install_clang/dummy_controller:/home/dragonblade316/Programming/robotics/dummy/install_clang/dummy_bringup /usr/bin/cmake --install /home/dragonblade316/Programming/robotics/dummy/build_clang/dummy_joy_control
[0.219s] -- Install configuration: ""
[0.220s] -- Execute custom install script
[0.220s] -- Up-to-date symlink: /home/dragonblade316/Programming/robotics/dummy/install_clang/dummy_joy_control/lib/dummy_joy_control/controller
[0.220s] -- Up-to-date symlink: /home/dragonblade316/Programming/robotics/dummy/install_clang/dummy_joy_control/share/ament_index/resource_index/package_run_dependencies/dummy_joy_control
[0.220s] -- Up-to-date symlink: /home/dragonblade316/Programming/robotics/dummy/install_clang/dummy_joy_control/share/ament_index/resource_index/parent_prefix_path/dummy_joy_control
[0.221s] -- Up-to-date symlink: /home/dragonblade316/Programming/robotics/dummy/install_clang/dummy_joy_control/share/dummy_joy_control/environment/ament_prefix_path.sh
[0.221s] -- Up-to-date symlink: /home/dragonblade316/Programming/robotics/dummy/install_clang/dummy_joy_control/share/dummy_joy_control/environment/ament_prefix_path.dsv
[0.221s] -- Up-to-date symlink: /home/dragonblade316/Programming/robotics/dummy/install_clang/dummy_joy_control/share/dummy_joy_control/environment/path.sh
[0.222s] -- Up-to-date symlink: /home/dragonblade316/Programming/robotics/dummy/install_clang/dummy_joy_control/share/dummy_joy_control/environment/path.dsv
[0.222s] -- Up-to-date symlink: /home/dragonblade316/Programming/robotics/dummy/install_clang/dummy_joy_control/share/dummy_joy_control/local_setup.bash
[0.223s] -- Up-to-date symlink: /home/dragonblade316/Programming/robotics/dummy/install_clang/dummy_joy_control/share/dummy_joy_control/local_setup.sh
[0.224s] -- Up-to-date symlink: /home/dragonblade316/Programming/robotics/dummy/install_clang/dummy_joy_control/share/dummy_joy_control/local_setup.zsh
[0.225s] -- Up-to-date symlink: /home/dragonblade316/Programming/robotics/dummy/install_clang/dummy_joy_control/share/dummy_joy_control/local_setup.dsv
[0.225s] -- Symlinking: /home/dragonblade316/Programming/robotics/dummy/install_clang/dummy_joy_control/share/dummy_joy_control/package.dsv
[0.226s] -- Up-to-date symlink: /home/dragonblade316/Programming/robotics/dummy/install_clang/dummy_joy_control/share/ament_index/resource_index/packages/dummy_joy_control
[0.227s] -- Up-to-date symlink: /home/dragonblade316/Programming/robotics/dummy/install_clang/dummy_joy_control/share/dummy_joy_control/cmake/dummy_joy_controlConfig.cmake
[0.228s] -- Up-to-date symlink: /home/dragonblade316/Programming/robotics/dummy/install_clang/dummy_joy_control/share/dummy_joy_control/cmake/dummy_joy_controlConfig-version.cmake
[0.228s] -- Up-to-date symlink: /home/dragonblade316/Programming/robotics/dummy/install_clang/dummy_joy_control/share/dummy_joy_control/package.xml
[0.248s] Invoked command in '/home/dragonblade316/Programming/robotics/dummy/build_clang/dummy_joy_control' returned '0': CMAKE_PREFIX_PATH=${CMAKE_PREFIX_PATH}:/opt/ros/humble:/home/dragonblade316/Programming/robotics/dummy/install_clang/dummy_serial:/home/dragonblade316/Programming/robotics/dummy/install_clang/dummy_motion:/home/dragonblade316/Programming/robotics/dummy/install_clang/dummy_description:/home/dragonblade316/Programming/robotics/dummy/install_clang/dummy_controller:/home/dragonblade316/Programming/robotics/dummy/install_clang/dummy_bringup /usr/bin/cmake --install /home/dragonblade316/Programming/robotics/dummy/build_clang/dummy_joy_control
