[0.012s] Invoking command in '/home/dragonblade316/Programming/robotics/dummy/build_clang/dummy_motion': CMAKE_PREFIX_PATH=/opt/ros/humble /usr/bin/cmake /home/dragonblade316/Programming/robotics/dummy/dummy_motion -DCMAKE_EXPORT_COMPILE_COMMANDS=ON -DAMENT_CMAKE_SYMLINK_INSTALL=1 -DCMAKE_INSTALL_PREFIX=/home/dragonblade316/Programming/robotics/dummy/install_clang/dummy_motion
[0.057s] -- The C compiler identification is Clang 14.0.0
[0.150s] -- The CXX compiler identification is Clang 14.0.0
[0.155s] -- Detecting C compiler ABI info
[0.216s] -- Detecting C compiler ABI info - done
[0.221s] -- Check for working C compiler: /usr/bin/clang - skipped
[0.222s] -- Detecting C compile features
[0.222s] -- Detecting C compile features - done
[0.224s] -- Detecting CXX compiler ABI info
[0.311s] -- Detecting CXX compiler ABI info - done
[0.315s] -- Check for working CXX compiler: /usr/bin/clang++ - skipped
[0.315s] -- Detecting CXX compile features
[0.316s] -- Detecting CXX compile features - done
[0.317s] -- Found ament_cmake: 1.3.11 (/opt/ros/humble/share/ament_cmake/cmake)
[0.405s] -- Found Python3: /usr/bin/python3 (found version "3.10.12") found components: Interpreter 
[0.436s] -- Override CMake install command with custom implementation using symlinks instead of copying resources
[0.460s] -- Found ament_lint_auto: 0.12.11 (/opt/ros/humble/share/ament_lint_auto/cmake)
[0.520s] -- Added test 'lint_cmake' to check CMake code style
[0.521s] -- Added test 'xmllint' to check XML markup files
[0.521s] -- Configuring done
[0.523s] -- Generating done
[0.523s] [33mCMake Warning:
[0.523s]   Manually-specified variables were not used by the project:
[0.523s] 
[0.523s]     CMAKE_EXPORT_COMPILE_COMMANDS
[0.523s] 
[0.523s] [0m
[0.523s] -- Build files have been written to: /home/dragonblade316/Programming/robotics/dummy/build_clang/dummy_motion
