[0.012s] Invoking command in '/home/dragonblade316/Programming/robotics/dummy/build_clang/dummy_bringup': CMAKE_PREFIX_PATH=/opt/ros/humble /usr/bin/cmake /home/dragonblade316/Programming/robotics/dummy/dummy_bringup -DCMAKE_EXPORT_COMPILE_COMMANDS=ON -DAMENT_CMAKE_SYMLINK_INSTALL=1 -DCMAKE_INSTALL_PREFIX=/home/dragonblade316/Programming/robotics/dummy/install_clang/dummy_bringup
[0.061s] -- The C compiler identification is Clang 14.0.0
[0.134s] -- The CXX compiler identification is Clang 14.0.0
[0.137s] -- Detecting C compiler ABI info
[0.203s] -- Detecting C compiler ABI info - done
[0.206s] -- Check for working C compiler: /usr/bin/clang - skipped
[0.206s] -- Detecting C compile features
[0.206s] -- Detecting C compile features - done
[0.208s] -- Detecting CXX compiler ABI info
[0.307s] -- Detecting CXX compiler ABI info - done
[0.312s] -- Check for working CXX compiler: /usr/bin/clang++ - skipped
[0.312s] -- Detecting CXX compile features
[0.313s] -- Detecting CXX compile features - done
[0.316s] -- Found ament_cmake: 1.3.11 (/opt/ros/humble/share/ament_cmake/cmake)
[0.417s] -- Found Python3: /usr/bin/python3 (found version "3.10.12") found components: Interpreter 
[0.449s] -- Override CMake install command with custom implementation using symlinks instead of copying resources
[0.476s] -- Found ament_lint_auto: 0.12.11 (/opt/ros/humble/share/ament_lint_auto/cmake)
[0.519s] -- Added test 'flake8' to check Python code syntax and style conventions
[0.520s] -- Added test 'lint_cmake' to check CMake code style
[0.520s] -- Added test 'pep257' to check Python code against some of the docstring style conventions in PEP 257
[0.520s] -- Added test 'xmllint' to check XML markup files
[0.521s] -- Configuring done
[0.522s] -- Generating done
[0.522s] [33mCMake Warning:
[0.523s]   Manually-specified variables were not used by the project:
[0.523s] 
[0.523s]     CMAKE_EXPORT_COMPILE_COMMANDS
[0.523s] 
[0.523s] [0m
[0.523s] -- Build files have been written to: /home/dragonblade316/Programming/robotics/dummy/build_clang/dummy_bringup
