-- Install configuration: ""
-- Execute custom install script
-- Symlinking: /home/dragonblade316/Programming/robotics/dummy/install_clang/dummy_bringup/share/dummy_bringup/launch/control.launch.py
-- Symlinking: /home/dragonblade316/Programming/robotics/dummy/install_clang/dummy_bringup/share/dummy_bringup/launch/controller.launch.py
-- Symlinking: /home/dragonblade316/Programming/robotics/dummy/install_clang/dummy_bringup/share/dummy_bringup/launch/moveit.launch.py
-- Symlinking: /home/dragonblade316/Programming/robotics/dummy/install_clang/dummy_bringup/share/dummy_bringup/config/config.rviz
-- Symlinking: /home/dragonblade316/Programming/robotics/dummy/install_clang/dummy_bringup/share/ament_index/resource_index/package_run_dependencies/dummy_bringup
-- Symlinking: /home/dragonblade316/Programming/robotics/dummy/install_clang/dummy_bringup/share/ament_index/resource_index/parent_prefix_path/dummy_bringup
-- Symlinking: /home/dragonblade316/Programming/robotics/dummy/install_clang/dummy_bringup/share/dummy_bringup/environment/ament_prefix_path.sh
-- Symlinking: /home/dragonblade316/Programming/robotics/dummy/install_clang/dummy_bringup/share/dummy_bringup/environment/ament_prefix_path.dsv
-- Symlinking: /home/dragonblade316/Programming/robotics/dummy/install_clang/dummy_bringup/share/dummy_bringup/environment/path.sh
-- Symlinking: /home/dragonblade316/Programming/robotics/dummy/install_clang/dummy_bringup/share/dummy_bringup/environment/path.dsv
-- Symlinking: /home/dragonblade316/Programming/robotics/dummy/install_clang/dummy_bringup/share/dummy_bringup/local_setup.bash
-- Symlinking: /home/dragonblade316/Programming/robotics/dummy/install_clang/dummy_bringup/share/dummy_bringup/local_setup.sh
-- Symlinking: /home/dragonblade316/Programming/robotics/dummy/install_clang/dummy_bringup/share/dummy_bringup/local_setup.zsh
-- Symlinking: /home/dragonblade316/Programming/robotics/dummy/install_clang/dummy_bringup/share/dummy_bringup/local_setup.dsv
-- Symlinking: /home/dragonblade316/Programming/robotics/dummy/install_clang/dummy_bringup/share/dummy_bringup/package.dsv
-- Symlinking: /home/dragonblade316/Programming/robotics/dummy/install_clang/dummy_bringup/share/ament_index/resource_index/packages/dummy_bringup
-- Symlinking: /home/dragonblade316/Programming/robotics/dummy/install_clang/dummy_bringup/share/dummy_bringup/cmake/dummy_bringupConfig.cmake
-- Symlinking: /home/dragonblade316/Programming/robotics/dummy/install_clang/dummy_bringup/share/dummy_bringup/cmake/dummy_bringupConfig-version.cmake
-- Symlinking: /home/dragonblade316/Programming/robotics/dummy/install_clang/dummy_bringup/share/dummy_bringup/package.xml
