[0.017s] Invoking command in '/home/dragonblade316/Programming/robotics/dummy/build_clang/dummy_hardware': CMAKE_PREFIX_PATH=${CMAKE_PREFIX_PATH}:/home/dragonblade316/Programming/robotics/dummy/install_clang/dummy_serial:/opt/ros/humble /usr/bin/cmake --build /home/dragonblade316/Programming/robotics/dummy/build_clang/dummy_hardware -- -j20 -l20
[0.030s] -- Found ament_cmake: 1.3.11 (/opt/ros/humble/share/ament_cmake/cmake)
[0.099s] -- Override CMake install command with custom implementation using symlinks instead of copying resources
[0.105s] -- Found rclcpp: 16.0.11 (/opt/ros/humble/share/rclcpp/cmake)
[0.122s] -- Found rosidl_generator_c: 3.1.6 (/opt/ros/humble/share/rosidl_generator_c/cmake)
[0.123s] -- Found rosidl_adapter: 3.1.6 (/opt/ros/humble/share/rosidl_adapter/cmake)
[0.126s] -- Found rosidl_generator_cpp: 3.1.6 (/opt/ros/humble/share/rosidl_generator_cpp/cmake)
[0.131s] -- Using all available rosidl_typesupport_c: rosidl_typesupport_fastrtps_c;rosidl_typesupport_introspection_c
[0.137s] -- Using all available rosidl_typesupport_cpp: rosidl_typesupport_fastrtps_cpp;rosidl_typesupport_introspection_cpp
[0.154s] -- Found rmw_implementation_cmake: 6.1.2 (/opt/ros/humble/share/rmw_implementation_cmake/cmake)
[0.154s] -- Found rmw_fastrtps_cpp: 6.2.7 (/opt/ros/humble/share/rmw_fastrtps_cpp/cmake)
[0.239s] -- Using RMW implementation 'rmw_fastrtps_cpp' as default
[0.263s] -- Found rclcpp_lifecycle: 16.0.11 (/opt/ros/humble/share/rclcpp_lifecycle/cmake)
[0.271s] -- Found hardware_interface: 2.46.0 (/opt/ros/humble/share/hardware_interface/cmake)
[0.337s] -- Found ament_lint_auto: 0.12.11 (/opt/ros/humble/share/ament_lint_auto/cmake)
[0.379s] -- Added test 'cppcheck' to perform static code analysis on C / C++ code
[0.379s] -- Configured cppcheck include dirs: /home/dragonblade316/Programming/robotics/dummy/dummy_hardware/./include/hardware
[0.379s] -- Configured cppcheck exclude dirs and/or files: 
[0.379s] -- Added test 'lint_cmake' to check CMake code style
[0.379s] -- Added test 'uncrustify' to check C / C++ code style
[0.379s] -- Configured uncrustify additional arguments: 
[0.379s] -- Added test 'xmllint' to check XML markup files
[0.381s] -- Configuring done
[0.391s] -- Generating done
[0.394s] -- Build files have been written to: /home/dragonblade316/Programming/robotics/dummy/build_clang/dummy_hardware
[0.410s] [35m[1mConsolidate compiler generated dependencies of target DummyHardware[0m
[0.422s] [ 50%] [32mBuilding CXX object CMakeFiles/DummyHardware.dir/src/robot.cpp.o[0m
[1.488s] [1m/home/dragonblade316/Programming/robotics/dummy/dummy_hardware/src/robot.cpp:28:1: [0m[0;1;35mwarning: [0m[1mnon-void function does not return a value in all control paths [-Wreturn-type][0m
[1.488s] }
[1.489s] [0;1;32m^
[1.498s] [0m[1m/home/dragonblade316/Programming/robotics/dummy/dummy_hardware/src/robot.cpp:49:51: [0m[0;1;31merror: [0m[1muse of undeclared identifier 'Dummy'[0m
[1.498s] std::vector<hardware_interface::CommandInterface> Dummy::export_command_interfaces() {
[1.498s] [0;1;32m                                                  ^
[1.498s] [0m[1m/home/dragonblade316/Programming/robotics/dummy/dummy_hardware/src/robot.cpp:59:59: [0m[0;1;35mwarning: [0m[1munused parameter 'time' [-Wunused-parameter][0m
[1.498s] hardware_interface::return_type read(const rclcpp::Time & time, const rclcpp::Duration & period) {
[1.498s] [0;1;32m                                                          ^
[1.498s] [0m[1m/home/dragonblade316/Programming/robotics/dummy/dummy_hardware/src/robot.cpp:59:90: [0m[0;1;35mwarning: [0m[1munused parameter 'period' [-Wunused-parameter][0m
[1.498s] hardware_interface::return_type read(const rclcpp::Time & time, const rclcpp::Duration & period) {
[1.498s] [0;1;32m                                                                                         ^
[1.506s] [0m[1m/home/dragonblade316/Programming/robotics/dummy/dummy_hardware/src/robot.cpp:63:33: [0m[0;1;31merror: [0m[1muse of undeclared identifier 'Dummy'[0m
[1.506s] hardware_interface::return_type Dummy::write(const rclcpp::Time & time, const rclcpp::Duration & period) {
[1.506s] [0;1;32m                                ^
[1.688s] [0m3 warnings and 2 errors generated.
[1.696s] gmake[2]: *** [CMakeFiles/DummyHardware.dir/build.make:76: CMakeFiles/DummyHardware.dir/src/robot.cpp.o] Error 1
[1.696s] gmake[1]: *** [CMakeFiles/Makefile2:137: CMakeFiles/DummyHardware.dir/all] Error 2
[1.696s] gmake: *** [Makefile:146: all] Error 2
[1.697s] Invoked command in '/home/dragonblade316/Programming/robotics/dummy/build_clang/dummy_hardware' returned '2': CMAKE_PREFIX_PATH=${CMAKE_PREFIX_PATH}:/home/dragonblade316/Programming/robotics/dummy/install_clang/dummy_serial:/opt/ros/humble /usr/bin/cmake --build /home/dragonblade316/Programming/robotics/dummy/build_clang/dummy_hardware -- -j20 -l20
