[0.354s] Invoking command in '/home/dragonblade316/Programming/robotics/dummy/build_clang/dummy_serial': PYTHONPATH=/home/dragonblade316/Programming/robotics/dummy/build_clang/dummy_serial/prefix_override:/usr/lib/python3/dist-packages/colcon_core/task/python/colcon_distutils_commands:/home/dragonblade316/Programming/robotics/dummy/install_clang/dummy_serial/lib/python3.10/site-packages:${PYTHONPATH} /usr/bin/python3 -W ignore:setup.py install is deprecated -W ignore:easy_install command is deprecated setup.py develop --editable --build-directory /home/dragonblade316/Programming/robotics/dummy/build_clang/dummy_serial/build --no-deps symlink_data
[0.477s] running develop
[0.552s] running egg_info
[0.552s] creating dummy_serial.egg-info
[0.552s] writing dummy_serial.egg-info/PKG-INFO
[0.552s] writing dependency_links to dummy_serial.egg-info/dependency_links.txt
[0.552s] writing entry points to dummy_serial.egg-info/entry_points.txt
[0.552s] writing requirements to dummy_serial.egg-info/requires.txt
[0.552s] writing top-level names to dummy_serial.egg-info/top_level.txt
[0.552s] writing manifest file 'dummy_serial.egg-info/SOURCES.txt'
[0.553s] reading manifest file 'dummy_serial.egg-info/SOURCES.txt'
[0.553s] writing manifest file 'dummy_serial.egg-info/SOURCES.txt'
[0.554s] running build_ext
[0.554s] Creating /home/dragonblade316/Programming/robotics/dummy/install_clang/dummy_serial/lib/python3.10/site-packages/dummy-serial.egg-link (link to .)
[0.554s] Installing serial script to /home/dragonblade316/Programming/robotics/dummy/install_clang/dummy_serial/lib/dummy_serial
[0.554s] 
[0.554s] Installed /home/dragonblade316/Programming/robotics/dummy/build_clang/dummy_serial
[0.554s] running symlink_data
[0.554s] creating /home/dragonblade316/Programming/robotics/dummy/install_clang/dummy_serial/share/ament_index
[0.555s] creating /home/dragonblade316/Programming/robotics/dummy/install_clang/dummy_serial/share/ament_index/resource_index
[0.555s] creating /home/dragonblade316/Programming/robotics/dummy/install_clang/dummy_serial/share/ament_index/resource_index/packages
[0.555s] symbolically linking /home/dragonblade316/Programming/robotics/dummy/build_clang/dummy_serial/resource/dummy_serial -> /home/dragonblade316/Programming/robotics/dummy/install_clang/dummy_serial/share/ament_index/resource_index/packages
[0.555s] symbolically linking /home/dragonblade316/Programming/robotics/dummy/build_clang/dummy_serial/package.xml -> /home/dragonblade316/Programming/robotics/dummy/install_clang/dummy_serial/share/dummy_serial
[0.570s] Invoked command in '/home/dragonblade316/Programming/robotics/dummy/build_clang/dummy_serial' returned '0': PYTHONPATH=/home/dragonblade316/Programming/robotics/dummy/build_clang/dummy_serial/prefix_override:/usr/lib/python3/dist-packages/colcon_core/task/python/colcon_distutils_commands:/home/dragonblade316/Programming/robotics/dummy/install_clang/dummy_serial/lib/python3.10/site-packages:${PYTHONPATH} /usr/bin/python3 -W ignore:setup.py install is deprecated -W ignore:easy_install command is deprecated setup.py develop --editable --build-directory /home/dragonblade316/Programming/robotics/dummy/build_clang/dummy_serial/build --no-deps symlink_data
