[0.015s] Invoking command in '/home/dragonblade316/Programming/robotics/dummy/build_clang/dummy_hardware': CMAKE_PREFIX_PATH=/opt/ros/humble /usr/bin/cmake --build /home/dragonblade316/Programming/robotics/dummy/build_clang/dummy_hardware -- -j20 -l20
[0.192s] [35m[1mConsolidate compiler generated dependencies of target dummy_hardware[0m
[0.193s] [ 33%] [32mBuilding CXX object CMakeFiles/dummy_hardware.dir/src/serial.cpp.o[0m
[0.193s] [ 66%] [32m[1mLinking CXX shared library libdummy_hardware.so[0m
[0.194s] In file included from /home/dragonblade316/Programming/robotics/dummy/dummy_hardware/src/serial.cpp:18:
[0.194s] [1m/home/dragonblade316/Programming/robotics/dummy/dummy_hardware/./include/hardware/serial.h:220:21: [0m[0;1;35mwarning: [0m[1mprivate field 'currentStateRTS' is not used [-Wunused-private-field][0m
[0.194s]     bool            currentStateRTS;
[0.194s] [0;1;32m                    ^
[0.194s] [0m[1m/home/dragonblade316/Programming/robotics/dummy/dummy_hardware/./include/hardware/serial.h:221:21: [0m[0;1;35mwarning: [0m[1mprivate field 'currentStateDTR' is not used [-Wunused-private-field][0m
[0.194s]     bool            currentStateDTR;
[0.194s] [0;1;32m                    ^
[0.194s] [0m2 warnings generated.
[0.264s] [100%] Built target dummy_hardware
[0.272s] Invoked command in '/home/dragonblade316/Programming/robotics/dummy/build_clang/dummy_hardware' returned '0': CMAKE_PREFIX_PATH=/opt/ros/humble /usr/bin/cmake --build /home/dragonblade316/Programming/robotics/dummy/build_clang/dummy_hardware -- -j20 -l20
[0.273s] Invoking command in '/home/dragonblade316/Programming/robotics/dummy/build_clang/dummy_hardware': CMAKE_PREFIX_PATH=/opt/ros/humble /usr/bin/cmake --install /home/dragonblade316/Programming/robotics/dummy/build_clang/dummy_hardware
[0.278s] -- Install configuration: ""
[0.278s] -- Execute custom install script
[0.278s] -- Up-to-date symlink: /home/dragonblade316/Programming/robotics/dummy/install_clang/dummy_hardware/lib/dummy_hardware/libdummy_hardware.so
[0.279s] -- Up-to-date symlink: /home/dragonblade316/Programming/robotics/dummy/install_clang/dummy_hardware/share/dummy_hardware//dummy_hardware.xml
[0.279s] -- Up-to-date symlink: /home/dragonblade316/Programming/robotics/dummy/install_clang/dummy_hardware/share/ament_index/resource_index/package_run_dependencies/dummy_hardware
[0.279s] -- Up-to-date symlink: /home/dragonblade316/Programming/robotics/dummy/install_clang/dummy_hardware/share/ament_index/resource_index/parent_prefix_path/dummy_hardware
[0.279s] -- Up-to-date symlink: /home/dragonblade316/Programming/robotics/dummy/install_clang/dummy_hardware/share/dummy_hardware/environment/ament_prefix_path.sh
[0.279s] -- Up-to-date symlink: /home/dragonblade316/Programming/robotics/dummy/install_clang/dummy_hardware/share/dummy_hardware/environment/ament_prefix_path.dsv
[0.279s] -- Up-to-date symlink: /home/dragonblade316/Programming/robotics/dummy/install_clang/dummy_hardware/share/dummy_hardware/environment/path.sh
[0.280s] -- Up-to-date symlink: /home/dragonblade316/Programming/robotics/dummy/install_clang/dummy_hardware/share/dummy_hardware/environment/path.dsv
[0.280s] -- Up-to-date symlink: /home/dragonblade316/Programming/robotics/dummy/install_clang/dummy_hardware/share/dummy_hardware/local_setup.bash
[0.280s] -- Up-to-date symlink: /home/dragonblade316/Programming/robotics/dummy/install_clang/dummy_hardware/share/dummy_hardware/local_setup.sh
[0.280s] -- Up-to-date symlink: /home/dragonblade316/Programming/robotics/dummy/install_clang/dummy_hardware/share/dummy_hardware/local_setup.zsh
[0.281s] -- Up-to-date symlink: /home/dragonblade316/Programming/robotics/dummy/install_clang/dummy_hardware/share/dummy_hardware/local_setup.dsv
[0.281s] -- Symlinking: /home/dragonblade316/Programming/robotics/dummy/install_clang/dummy_hardware/share/dummy_hardware/package.dsv
[0.286s] -- Up-to-date symlink: /home/dragonblade316/Programming/robotics/dummy/install_clang/dummy_hardware/share/ament_index/resource_index/packages/dummy_hardware
[0.286s] -- Up-to-date symlink: /home/dragonblade316/Programming/robotics/dummy/install_clang/dummy_hardware/share/ament_index/resource_index/hardware_interface__pluginlib__plugin/dummy_hardware
[0.286s] -- Up-to-date symlink: /home/dragonblade316/Programming/robotics/dummy/install_clang/dummy_hardware/share/dummy_hardware/cmake/ament_cmake_export_include_directories-extras.cmake
[0.286s] -- Up-to-date symlink: /home/dragonblade316/Programming/robotics/dummy/install_clang/dummy_hardware/share/dummy_hardware/cmake/dummy_hardwareConfig.cmake
[0.287s] -- Up-to-date symlink: /home/dragonblade316/Programming/robotics/dummy/install_clang/dummy_hardware/share/dummy_hardware/cmake/dummy_hardwareConfig-version.cmake
[0.287s] -- Up-to-date symlink: /home/dragonblade316/Programming/robotics/dummy/install_clang/dummy_hardware/share/dummy_hardware/package.xml
[0.288s] Invoked command in '/home/dragonblade316/Programming/robotics/dummy/build_clang/dummy_hardware' returned '0': CMAKE_PREFIX_PATH=/opt/ros/humble /usr/bin/cmake --install /home/dragonblade316/Programming/robotics/dummy/build_clang/dummy_hardware
