[0.016s] Invoking command in '/home/dragonblade316/Programming/robotics/dummy/build_clang/dummy_description': CMAKE_PREFIX_PATH=/opt/ros/humble /usr/bin/cmake /home/dragonblade316/Programming/robotics/dummy/dummy_description -DCMAKE_EXPORT_COMPILE_COMMANDS=ON -DAMENT_CMAKE_SYMLINK_INSTALL=1 -DCMAKE_INSTALL_PREFIX=/home/dragonblade316/Programming/robotics/dummy/install_clang/dummy_description
[0.066s] -- The C compiler identification is Clang 14.0.0
[0.132s] -- The CXX compiler identification is Clang 14.0.0
[0.136s] -- Detecting C compiler ABI info
[0.195s] -- Detecting C compiler ABI info - done
[0.200s] -- Check for working C compiler: /usr/bin/clang - skipped
[0.201s] -- Detecting C compile features
[0.201s] -- Detecting C compile features - done
[0.203s] -- Detecting CXX compiler ABI info
[0.302s] -- Detecting CXX compiler ABI info - done
[0.306s] -- Check for working CXX compiler: /usr/bin/clang++ - skipped
[0.306s] -- Detecting CXX compile features
[0.306s] -- Detecting CXX compile features - done
[0.308s] -- Found ament_cmake: 1.3.11 (/opt/ros/humble/share/ament_cmake/cmake)
[0.400s] -- Found Python3: /usr/bin/python3 (found version "3.10.12") found components: Interpreter 
[0.433s] -- Override CMake install command with custom implementation using symlinks instead of copying resources
[0.455s] -- Found ament_lint_auto: 0.12.11 (/opt/ros/humble/share/ament_lint_auto/cmake)
[0.500s] -- Added test 'lint_cmake' to check CMake code style
[0.500s] -- Added test 'xmllint' to check XML markup files
[0.501s] -- Configuring done
[0.503s] -- Generating done
[0.503s] [33mCMake Warning:
[0.503s]   Manually-specified variables were not used by the project:
[0.503s] 
[0.503s]     CMAKE_EXPORT_COMPILE_COMMANDS
[0.503s] 
[0.503s] [0m
[0.503s] -- Build files have been written to: /home/dragonblade316/Programming/robotics/dummy/build_clang/dummy_description
