[0.018s] Invoking command in '/home/dragonblade316/Programming/robotics/dummy/build_clang/dummy_hardware': CMAKE_PREFIX_PATH=${CMAKE_PREFIX_PATH}:/home/dragonblade316/Programming/robotics/dummy/install_clang/dummy_serial:/opt/ros/humble /usr/bin/cmake --build /home/dragonblade316/Programming/robotics/dummy/build_clang/dummy_hardware -- -j20 -l20
[0.173s] [35m[1mConsolidate compiler generated dependencies of target dummy_hardware[0m
[0.173s] [ 33%] [32mBuilding CXX object CMakeFiles/dummy_hardware.dir/src/robot.cpp.o[0m
[0.358s] In file included from /home/dragonblade316/Programming/robotics/dummy/dummy_hardware/src/robot.cpp:1:
[0.358s] [1m/home/dragonblade316/Programming/robotics/dummy/dummy_hardware/./include/hardware/robot.hpp:40:3: [0m[0;1;35mwarning: [0m[1mnon-void function does not return a value [-Wreturn-type][0m
[0.358s]   }
[0.358s] [0;1;32m  ^
[1.078s] [0m[1m/home/dragonblade316/Programming/robotics/dummy/dummy_hardware/src/robot.cpp:75:64: [0m[0;1;31merror: [0m[1mredefinition of 'export_state_interfaces'[0m
[1.078s] std::vector<hardware_interface::StateInterface> DummyHardware::export_state_interfaces() {
[1.078s] [0;1;32m                                                               ^
[1.078s] [0m[1m/home/dragonblade316/Programming/robotics/dummy/dummy_hardware/src/robot.cpp:70:64: [0m[0;1;30mnote: [0mprevious definition is here[0m
[1.078s] std::vector<hardware_interface::StateInterface> DummyHardware::export_state_interfaces() {
[1.078s] [0;1;32m                                                               ^
[1.079s] [0m[1m/home/dragonblade316/Programming/robotics/dummy/dummy_hardware/src/robot.cpp:95:74: [0m[0;1;35mwarning: [0m[1munused parameter 'time' [-Wunused-parameter][0m
[1.079s] hardware_interface::return_type DummyHardware::read(const rclcpp::Time & time, const rclcpp::Duration & period) {
[1.079s] [0;1;32m                                                                         ^
[1.079s] [0m[1m/home/dragonblade316/Programming/robotics/dummy/dummy_hardware/src/robot.cpp:95:105: [0m[0;1;35mwarning: [0m[1munused parameter 'period' [-Wunused-parameter][0m
[1.079s] hardware_interface::return_type DummyHardware::read(const rclcpp::Time & time, const rclcpp::Duration & period) {
[1.079s] [0;1;32m                                                                                                        ^
[1.080s] [0m[1m/home/dragonblade316/Programming/robotics/dummy/dummy_hardware/src/robot.cpp:102:30: [0m[0;1;31merror: [0m[1mno member named 'c_std' in 'std::basic_string<char>'; did you mean 'c_str'?[0m
[1.080s]         serial.writeString(ss.str().c_std());
[1.080s] [0;1;32m                                    ^~~~~
[1.080s] [0m[0;32m                                    c_str
[1.080s] [0m[1m/usr/bin/../lib/gcc/x86_64-linux-gnu/11/../../../../include/c++/11/bits/basic_string.h:2320:7: [0m[0;1;30mnote: [0m'c_str' declared here[0m
[1.080s]       c_str() const _GLIBCXX_NOEXCEPT
[1.080s] [0;1;32m      ^
[1.080s] [0m[1m/home/dragonblade316/Programming/robotics/dummy/dummy_hardware/src/robot.cpp:99:75: [0m[0;1;35mwarning: [0m[1munused parameter 'time' [-Wunused-parameter][0m
[1.080s] hardware_interface::return_type DummyHardware::write(const rclcpp::Time & time, const rclcpp::Duration & period) {
[1.080s] [0;1;32m                                                                          ^
[1.080s] [0m[1m/home/dragonblade316/Programming/robotics/dummy/dummy_hardware/src/robot.cpp:99:106: [0m[0;1;35mwarning: [0m[1munused parameter 'period' [-Wunused-parameter][0m
[1.080s] hardware_interface::return_type DummyHardware::write(const rclcpp::Time & time, const rclcpp::Duration & period) {
[1.080s] [0;1;32m                                                                                                         ^
[1.262s] [0m5 warnings and 2 errors generated.
[1.270s] gmake[2]: *** [CMakeFiles/dummy_hardware.dir/build.make:76: CMakeFiles/dummy_hardware.dir/src/robot.cpp.o] Error 1
[1.270s] gmake[1]: *** [CMakeFiles/Makefile2:137: CMakeFiles/dummy_hardware.dir/all] Error 2
[1.270s] gmake: *** [Makefile:146: all] Error 2
[1.272s] Invoked command in '/home/dragonblade316/Programming/robotics/dummy/build_clang/dummy_hardware' returned '2': CMAKE_PREFIX_PATH=${CMAKE_PREFIX_PATH}:/home/dragonblade316/Programming/robotics/dummy/install_clang/dummy_serial:/opt/ros/humble /usr/bin/cmake --build /home/dragonblade316/Programming/robotics/dummy/build_clang/dummy_hardware -- -j20 -l20
