[1m/home/dragonblade316/Programming/robotics/dummy/dummy_hardware/src/serial.cpp:18:10: [0m[0;1;31mfatal error: [0m[1m'serialib.h' file not found[0m
#include "serialib.h"
[0;1;32m         ^~~~~~~~~~~~
[0m1 error generated.
gmake[2]: *** [CMakeFiles/dummy_hardware.dir/build.make:90: CMakeFiles/dummy_hardware.dir/src/serial.cpp.o] Error 1
gmake[2]: *** Waiting for unfinished jobs....
In file included from /home/dragonblade316/Programming/robotics/dummy/dummy_hardware/src/robot.cpp:1:
[1m/home/dragonblade316/Programming/robotics/dummy/dummy_hardware/./include/hardware/robot.hpp:38:3: [0m[0;1;35mwarning: [0m[1mnon-void function does not return a value [-Wreturn-type][0m
  }
[0;1;32m  ^
[0m[1m/home/dragonblade316/Programming/robotics/dummy/dummy_hardware/src/robot.cpp:54:16: [0m[0;1;35mwarning: [0m[1mISO C++11 does not allow conversion from string literal to 'char *' [-Wwritable-strings][0m
        char* zeros = "<0,0,0>";
[0;1;32m                      ^
[0m[1m/home/dragonblade316/Programming/robotics/dummy/dummy_hardware/src/robot.cpp:57:7: [0m[0;1;35mwarning: [0m[1munused variable 'errorOpening' [-Wunused-variable][0m
        char errorOpening = serial.openDevice(SERIAL_PORT, BAUD);
[0;1;32m             ^
[0m[1m/home/dragonblade316/Programming/robotics/dummy/dummy_hardware/src/robot.cpp:79:74: [0m[0;1;35mwarning: [0m[1munused parameter 'time' [-Wunused-parameter][0m
hardware_interface::return_type DummyHardware::read(const rclcpp::Time & time, const rclcpp::Duration & period) {
[0;1;32m                                                                         ^
[0m[1m/home/dragonblade316/Programming/robotics/dummy/dummy_hardware/src/robot.cpp:79:105: [0m[0;1;35mwarning: [0m[1munused parameter 'period' [-Wunused-parameter][0m
hardware_interface::return_type DummyHardware::read(const rclcpp::Time & time, const rclcpp::Duration & period) {
[0;1;32m                                                                                                        ^
[0m[1m/home/dragonblade316/Programming/robotics/dummy/dummy_hardware/src/robot.cpp:83:75: [0m[0;1;35mwarning: [0m[1munused parameter 'time' [-Wunused-parameter][0m
hardware_interface::return_type DummyHardware::write(const rclcpp::Time & time, const rclcpp::Duration & period) {
[0;1;32m                                                                          ^
[0m[1m/home/dragonblade316/Programming/robotics/dummy/dummy_hardware/src/robot.cpp:83:106: [0m[0;1;35mwarning: [0m[1munused parameter 'period' [-Wunused-parameter][0m
hardware_interface::return_type DummyHardware::write(const rclcpp::Time & time, const rclcpp::Duration & period) {
[0;1;32m                                                                                                         ^
[0m7 warnings generated.
gmake[1]: *** [CMakeFiles/Makefile2:137: CMakeFiles/dummy_hardware.dir/all] Error 2
gmake: *** [Makefile:146: all] Error 2
