[0.019s] Invoking command in '/home/dragonblade316/Programming/robotics/dummy/build_clang/dummy_description': CMAKE_PREFIX_PATH=${CMAKE_PREFIX_PATH}:/home/dragonblade316/Programming/robotics/dummy/install/moveit_configs_utils:/home/dragonblade316/Programming/robotics/dummy/install/launch_param_builder:/home/dragonblade316/Programming/robotics/dummy/install/dummy_serial:/home/dragonblade316/Programming/robotics/dummy/install_clang/moveit_configs_utils:/home/dragonblade316/Programming/robotics/dummy/install_clang/launch_param_builder:/home/dragonblade316/Programming/robotics/dummy/install_clang/dummy_serial:/opt/ros/humble /usr/bin/cmake /home/dragonblade316/Programming/robotics/dummy/dummy_description -DCMAKE_EXPORT_COMPILE_COMMANDS=ON -DAMENT_CMAKE_SYMLINK_INSTALL=1 -DCMAKE_INSTALL_PREFIX=/home/dragonblade316/Programming/robotics/dummy/install_clang/dummy_description
[0.092s] -- The C compiler identification is Clang 14.0.0
[0.168s] -- The CXX compiler identification is Clang 14.0.0
[0.173s] -- Detecting C compiler ABI info
[0.249s] -- Detecting C compiler ABI info - done
[0.255s] -- Check for working C compiler: /usr/bin/clang - skipped
[0.256s] -- Detecting C compile features
[0.256s] -- Detecting C compile features - done
[0.258s] -- Detecting CXX compiler ABI info
[0.353s] -- Detecting CXX compiler ABI info - done
[0.358s] -- Check for working CXX compiler: /usr/bin/clang++ - skipped
[0.359s] -- Detecting CXX compile features
[0.359s] -- Detecting CXX compile features - done
[0.362s] -- Found ament_cmake: 1.3.11 (/opt/ros/humble/share/ament_cmake/cmake)
[0.478s] -- Found Python3: /usr/bin/python3 (found version "3.10.12") found components: Interpreter 
[0.514s] -- Override CMake install command with custom implementation using symlinks instead of copying resources
[0.546s] -- Found ament_lint_auto: 0.12.11 (/opt/ros/humble/share/ament_lint_auto/cmake)
[0.597s] -- Added test 'lint_cmake' to check CMake code style
[0.599s] -- Added test 'xmllint' to check XML markup files
[0.601s] -- Configuring done
[0.602s] -- Generating done
[0.603s] [33mCMake Warning:
[0.603s]   Manually-specified variables were not used by the project:
[0.603s] 
[0.603s]     CMAKE_EXPORT_COMPILE_COMMANDS
[0.603s] 
[0.603s] [0m
[0.603s] -- Build files have been written to: /home/dragonblade316/Programming/robotics/dummy/build_clang/dummy_description
