[35m[1mConsolidate compiler generated dependencies of target dummy_hardware[0m
[ 33%] [32mBuilding CXX object CMakeFiles/dummy_hardware.dir/src/robot.cpp.o[0m
[1m/home/dragonblade316/Programming/robotics/dummy/dummy_hardware/src/robot.cpp:23:38: [0m[0;1;31merror: [0m[1mexpected ';' after top level declarator[0m
const double RAD_TO_DEGREE = 3.14/180 
[0;1;32m                                     ^
[0m[0;32m                                     ;
[0m[1m/home/dragonblade316/Programming/robotics/dummy/dummy_hardware/src/robot.cpp:33:36: [0m[0;1;31merror: [0m[1muse of undeclared identifier 'DummyHardware'; did you mean 'hardware::DummyHardware'?[0m
hardware_interface::CallbackReturn DummyHardware::on_init(const hardware_interface::HardwareInfo &info) {
[0;1;32m                                   ^~~~~~~~~~~~~
[0m[0;32m                                   hardware::DummyHardware
[0m[1m/home/dragonblade316/Programming/robotics/dummy/dummy_hardware/./include/hardware/robot.hpp:21:7: [0m[0;1;30mnote: [0m'hardware::DummyHardware' declared here[0m
class DummyHardware : public hardware_interface::SystemInterface {
[0;1;32m      ^
[0m[1m/home/dragonblade316/Programming/robotics/dummy/dummy_hardware/src/robot.cpp:43:36: [0m[0;1;31merror: [0m[1muse of undeclared identifier 'DummyHardware'; did you mean 'hardware::DummyHardware'?[0m
hardware_interface::CallbackReturn DummyHardware::on_configure(
[0;1;32m                                   ^~~~~~~~~~~~~
[0m[0;32m                                   hardware::DummyHardware
[0m[1m/home/dragonblade316/Programming/robotics/dummy/dummy_hardware/./include/hardware/robot.hpp:21:7: [0m[0;1;30mnote: [0m'hardware::DummyHardware' declared here[0m
class DummyHardware : public hardware_interface::SystemInterface {
[0;1;32m      ^
[0m[1m/home/dragonblade316/Programming/robotics/dummy/dummy_hardware/src/robot.cpp:69:49: [0m[0;1;31merror: [0m[1muse of undeclared identifier 'DummyHardware'; did you mean 'hardware::DummyHardware'?[0m
std::vector<hardware_interface::StateInterface> DummyHardware::export_state_interfaces() {
[0;1;32m                                                ^~~~~~~~~~~~~
[0m[0;32m                                                hardware::DummyHardware
[0m[1m/home/dragonblade316/Programming/robotics/dummy/dummy_hardware/./include/hardware/robot.hpp:21:7: [0m[0;1;30mnote: [0m'hardware::DummyHardware' declared here[0m
class DummyHardware : public hardware_interface::SystemInterface {
[0;1;32m      ^
[0m[1m/home/dragonblade316/Programming/robotics/dummy/dummy_hardware/src/robot.cpp:74:21: [0m[0;1;35mwarning: [0m[1mcomparison of integers of different signs: 'int' and 'std::vector::size_type' (aka 'unsigned long') [-Wsign-compare][0m
                for (int i = 0; i < info_.joints.size(); i++) {
[0;1;32m                                ~ ^ ~~~~~~~~~~~~~~~~~~~
[0m[1m/home/dragonblade316/Programming/robotics/dummy/dummy_hardware/src/robot.cpp:90:51: [0m[0;1;31merror: [0m[1muse of undeclared identifier 'DummyHardware'; did you mean 'hardware::DummyHardware'?[0m
std::vector<hardware_interface::CommandInterface> DummyHardware::export_command_interfaces() {
[0;1;32m                                                  ^~~~~~~~~~~~~
[0m[0;32m                                                  hardware::DummyHardware
[0m[1m/home/dragonblade316/Programming/robotics/dummy/dummy_hardware/./include/hardware/robot.hpp:21:7: [0m[0;1;30mnote: [0m'hardware::DummyHardware' declared here[0m
class DummyHardware : public hardware_interface::SystemInterface {
[0;1;32m      ^
[0m[1m/home/dragonblade316/Programming/robotics/dummy/dummy_hardware/src/robot.cpp:100:33: [0m[0;1;31merror: [0m[1muse of undeclared identifier 'DummyHardware'; did you mean 'hardware::DummyHardware'?[0m
hardware_interface::return_type DummyHardware::read(const rclcpp::Time & time, const rclcpp::Duration & period) {
[0;1;32m                                ^~~~~~~~~~~~~
[0m[0;32m                                hardware::DummyHardware
[0m[1m/home/dragonblade316/Programming/robotics/dummy/dummy_hardware/./include/hardware/robot.hpp:21:7: [0m[0;1;30mnote: [0m'hardware::DummyHardware' declared here[0m
class DummyHardware : public hardware_interface::SystemInterface {
[0;1;32m      ^
[0m[1m/home/dragonblade316/Programming/robotics/dummy/dummy_hardware/src/robot.cpp:100:74: [0m[0;1;35mwarning: [0m[1munused parameter 'time' [-Wunused-parameter][0m
hardware_interface::return_type DummyHardware::read(const rclcpp::Time & time, const rclcpp::Duration & period) {
[0;1;32m                                                                         ^
[0m[1m/home/dragonblade316/Programming/robotics/dummy/dummy_hardware/src/robot.cpp:100:105: [0m[0;1;35mwarning: [0m[1munused parameter 'period' [-Wunused-parameter][0m
hardware_interface::return_type DummyHardware::read(const rclcpp::Time & time, const rclcpp::Duration & period) {
[0;1;32m                                                                                                        ^
[0m[1m/home/dragonblade316/Programming/robotics/dummy/dummy_hardware/src/robot.cpp:104:33: [0m[0;1;31merror: [0m[1muse of undeclared identifier 'DummyHardware'; did you mean 'hardware::DummyHardware'?[0m
hardware_interface::return_type DummyHardware::write(const rclcpp::Time & time, const rclcpp::Duration & period) {
[0;1;32m                                ^~~~~~~~~~~~~
[0m[0;32m                                hardware::DummyHardware
[0m[1m/home/dragonblade316/Programming/robotics/dummy/dummy_hardware/./include/hardware/robot.hpp:21:7: [0m[0;1;30mnote: [0m'hardware::DummyHardware' declared here[0m
class DummyHardware : public hardware_interface::SystemInterface {
[0;1;32m      ^
[0m[1m/home/dragonblade316/Programming/robotics/dummy/dummy_hardware/src/robot.cpp:104:75: [0m[0;1;35mwarning: [0m[1munused parameter 'time' [-Wunused-parameter][0m
hardware_interface::return_type DummyHardware::write(const rclcpp::Time & time, const rclcpp::Duration & period) {
[0;1;32m                                                                          ^
[0m[1m/home/dragonblade316/Programming/robotics/dummy/dummy_hardware/src/robot.cpp:104:106: [0m[0;1;35mwarning: [0m[1munused parameter 'period' [-Wunused-parameter][0m
hardware_interface::return_type DummyHardware::write(const rclcpp::Time & time, const rclcpp::Duration & period) {
[0;1;32m                                                                                                         ^
[0m5 warnings and 7 errors generated.
gmake[2]: *** [CMakeFiles/dummy_hardware.dir/build.make:76: CMakeFiles/dummy_hardware.dir/src/robot.cpp.o] Error 1
gmake[1]: *** [CMakeFiles/Makefile2:137: CMakeFiles/dummy_hardware.dir/all] Error 2
gmake: *** [Makefile:146: all] Error 2
