[0.011s] Invoking command in '/home/dragonblade316/Programming/robotics/dummy/build_clang/dummy_joy_control': CMAKE_PREFIX_PATH=/opt/ros/humble /usr/bin/cmake /home/dragonblade316/Programming/robotics/dummy/dummy_joy_control -DCMAKE_EXPORT_COMPILE_COMMANDS=ON -DAMENT_CMAKE_SYMLINK_INSTALL=1 -DCMAKE_INSTALL_PREFIX=/home/dragonblade316/Programming/robotics/dummy/install_clang/dummy_joy_control
[0.062s] -- The C compiler identification is Clang 14.0.0
[0.123s] -- The CXX compiler identification is Clang 14.0.0
[0.127s] -- Detecting C compiler ABI info
[0.185s] -- Detecting C compiler ABI info - done
[0.188s] -- Check for working C compiler: /usr/bin/clang - skipped
[0.188s] -- Detecting C compile features
[0.188s] -- Detecting C compile features - done
[0.190s] -- Detecting CXX compiler ABI info
[0.262s] -- Detecting CXX compiler ABI info - done
[0.265s] -- Check for working CXX compiler: /usr/bin/clang++ - skipped
[0.265s] -- Detecting CXX compile features
[0.265s] -- Detecting CXX compile features - done
[0.267s] -- Found ament_cmake: 1.3.11 (/opt/ros/humble/share/ament_cmake/cmake)
[0.356s] -- Found Python3: /usr/bin/python3 (found version "3.10.12") found components: Interpreter 
[0.391s] -- Override CMake install command with custom implementation using symlinks instead of copying resources
[0.410s] -- Found ament_lint_auto: 0.12.11 (/opt/ros/humble/share/ament_lint_auto/cmake)
[0.460s] -- Found rclcpp: 16.0.11 (/opt/ros/humble/share/rclcpp/cmake)
[0.489s] -- Found rosidl_generator_c: 3.1.6 (/opt/ros/humble/share/rosidl_generator_c/cmake)
[0.492s] -- Found rosidl_adapter: 3.1.6 (/opt/ros/humble/share/rosidl_adapter/cmake)
[0.497s] -- Found rosidl_generator_cpp: 3.1.6 (/opt/ros/humble/share/rosidl_generator_cpp/cmake)
[0.504s] -- Using all available rosidl_typesupport_c: rosidl_typesupport_fastrtps_c;rosidl_typesupport_introspection_c
[0.513s] -- Using all available rosidl_typesupport_cpp: rosidl_typesupport_fastrtps_cpp;rosidl_typesupport_introspection_cpp
[0.538s] -- Found rmw_implementation_cmake: 6.1.2 (/opt/ros/humble/share/rmw_implementation_cmake/cmake)
[0.540s] -- Found rmw_fastrtps_cpp: 6.2.7 (/opt/ros/humble/share/rmw_fastrtps_cpp/cmake)
[0.592s] -- Found OpenSSL: /usr/lib/x86_64-linux-gnu/libcrypto.so (found version "3.0.2")  
[0.613s] -- Found FastRTPS: /opt/ros/humble/include  
[0.641s] -- Using RMW implementation 'rmw_fastrtps_cpp' as default
[0.650s] -- Looking for pthread.h
[0.716s] -- Looking for pthread.h - found
[0.716s] -- Performing Test CMAKE_HAVE_LIBC_PTHREAD
[0.778s] -- Performing Test CMAKE_HAVE_LIBC_PTHREAD - Success
[0.778s] -- Found Threads: TRUE  
[0.807s] -- Found geometry_msgs: 4.2.4 (/opt/ros/humble/share/geometry_msgs/cmake)
[0.814s] -- Found sensor_msgs: 4.2.4 (/opt/ros/humble/share/sensor_msgs/cmake)
[0.827s] -- Added test 'cppcheck' to perform static code analysis on C / C++ code
[0.827s] -- Configured cppcheck include dirs: 
[0.827s] -- Configured cppcheck exclude dirs and/or files: 
[0.827s] -- Added test 'flake8' to check Python code syntax and style conventions
[0.828s] -- Added test 'lint_cmake' to check CMake code style
[0.828s] -- Added test 'pep257' to check Python code against some of the docstring style conventions in PEP 257
[0.830s] -- Added test 'uncrustify' to check C / C++ code style
[0.830s] -- Configured uncrustify additional arguments: 
[0.830s] -- Added test 'xmllint' to check XML markup files
[0.831s] -- Configuring done
[0.836s] -- Generating done
[0.837s] -- Build files have been written to: /home/dragonblade316/Programming/robotics/dummy/build_clang/dummy_joy_control
