In file included from /home/dragonblade316/Programming/robotics/dummy/dummy_hardware/src/robot.cpp:1:
[1m/home/dragonblade316/Programming/robotics/dummy/dummy_hardware/./include/hardware/robot.hpp:40:3: [0m[0;1;35mwarning: [0m[1mnon-void function does not return a value [-Wreturn-type][0m
  }
[0;1;32m  ^
[0m[1m/home/dragonblade316/Programming/robotics/dummy/dummy_hardware/src/robot.cpp:73:90: [0m[0;1;31merror: [0m[1mfunction definition is not allowed here[0m
std::vector<hardware_interface::StateInterface> DummyHardware::export_state_interfaces() {
[0;1;32m                                                                                         ^
[0m[1m/home/dragonblade316/Programming/robotics/dummy/dummy_hardware/src/robot.cpp:83:94: [0m[0;1;31merror: [0m[1mfunction definition is not allowed here[0m
std::vector<hardware_interface::CommandInterface> DummyHardware::export_command_interfaces() {
[0;1;32m                                                                                             ^
[0m[1m/home/dragonblade316/Programming/robotics/dummy/dummy_hardware/src/robot.cpp:93:113: [0m[0;1;31merror: [0m[1mfunction definition is not allowed here[0m
hardware_interface::return_type DummyHardware::read(const rclcpp::Time & time, const rclcpp::Duration & period) {
[0;1;32m                                                                                                                ^
[0m[1m/home/dragonblade316/Programming/robotics/dummy/dummy_hardware/src/robot.cpp:97:114: [0m[0;1;31merror: [0m[1mfunction definition is not allowed here[0m
hardware_interface::return_type DummyHardware::write(const rclcpp::Time & time, const rclcpp::Duration & period) {
[0;1;32m                                                                                                                 ^
[0m[1m/home/dragonblade316/Programming/robotics/dummy/dummy_hardware/src/robot.cpp:106:1: [0m[0;1;31merror: [0m[1mexpected '}'[0m
[0;1;32m^
[0m[1m/home/dragonblade316/Programming/robotics/dummy/dummy_hardware/src/robot.cpp:44:54: [0m[0;1;30mnote: [0mto match this '{'[0m
        const rclcpp_lifecycle::State & /*previous_state*/) {
[0;1;32m                                                            ^
[0m1 warning and 5 errors generated.
gmake[2]: *** [CMakeFiles/dummy_hardware.dir/build.make:76: CMakeFiles/dummy_hardware.dir/src/robot.cpp.o] Error 1
gmake[1]: *** [CMakeFiles/Makefile2:137: CMakeFiles/dummy_hardware.dir/all] Error 2
gmake: *** [Makefile:146: all] Error 2
