[0.017s] Invoking command in '/home/dragonblade316/Programming/robotics/dummy/build_clang/dummy_hardware': CMAKE_PREFIX_PATH=${CMAKE_PREFIX_PATH}:/home/dragonblade316/Programming/robotics/dummy/install_clang/dummy_serial:/opt/ros/humble /usr/bin/cmake --build /home/dragonblade316/Programming/robotics/dummy/build_clang/dummy_hardware -- -j20 -l20
[0.170s] [35m[1mConsolidate compiler generated dependencies of target dummy_hardware[0m
[0.170s] [ 33%] [32mBuilding CXX object CMakeFiles/dummy_hardware.dir/src/robot.cpp.o[0m
[0.364s] In file included from /home/dragonblade316/Programming/robotics/dummy/dummy_hardware/src/robot.cpp:1:
[0.364s] [1m/home/dragonblade316/Programming/robotics/dummy/dummy_hardware/./include/hardware/robot.hpp:40:3: [0m[0;1;35mwarning: [0m[1mnon-void function does not return a value [-Wreturn-type][0m
[0.364s]   }
[0.364s] [0;1;32m  ^
[1.091s] [0m[1m/home/dragonblade316/Programming/robotics/dummy/dummy_hardware/src/robot.cpp:73:90: [0m[0;1;31merror: [0m[1mfunction definition is not allowed here[0m
[1.091s] std::vector<hardware_interface::StateInterface> DummyHardware::export_state_interfaces() {
[1.091s] [0;1;32m                                                                                         ^
[1.092s] [0m[1m/home/dragonblade316/Programming/robotics/dummy/dummy_hardware/src/robot.cpp:83:94: [0m[0;1;31merror: [0m[1mfunction definition is not allowed here[0m
[1.092s] std::vector<hardware_interface::CommandInterface> DummyHardware::export_command_interfaces() {
[1.092s] [0;1;32m                                                                                             ^
[1.092s] [0m[1m/home/dragonblade316/Programming/robotics/dummy/dummy_hardware/src/robot.cpp:93:113: [0m[0;1;31merror: [0m[1mfunction definition is not allowed here[0m
[1.092s] hardware_interface::return_type DummyHardware::read(const rclcpp::Time & time, const rclcpp::Duration & period) {
[1.092s] [0;1;32m                                                                                                                ^
[1.092s] [0m[1m/home/dragonblade316/Programming/robotics/dummy/dummy_hardware/src/robot.cpp:97:114: [0m[0;1;31merror: [0m[1mfunction definition is not allowed here[0m
[1.092s] hardware_interface::return_type DummyHardware::write(const rclcpp::Time & time, const rclcpp::Duration & period) {
[1.092s] [0;1;32m                                                                                                                 ^
[1.092s] [0m[1m/home/dragonblade316/Programming/robotics/dummy/dummy_hardware/src/robot.cpp:106:1: [0m[0;1;31merror: [0m[1mexpected '}'[0m
[1.092s] [0;1;32m^
[1.092s] [0m[1m/home/dragonblade316/Programming/robotics/dummy/dummy_hardware/src/robot.cpp:44:54: [0m[0;1;30mnote: [0mto match this '{'[0m
[1.092s]         const rclcpp_lifecycle::State & /*previous_state*/) {
[1.092s] [0;1;32m                                                            ^
[1.270s] [0m1 warning and 5 errors generated.
[1.277s] gmake[2]: *** [CMakeFiles/dummy_hardware.dir/build.make:76: CMakeFiles/dummy_hardware.dir/src/robot.cpp.o] Error 1
[1.277s] gmake[1]: *** [CMakeFiles/Makefile2:137: CMakeFiles/dummy_hardware.dir/all] Error 2
[1.277s] gmake: *** [Makefile:146: all] Error 2
[1.279s] Invoked command in '/home/dragonblade316/Programming/robotics/dummy/build_clang/dummy_hardware' returned '2': CMAKE_PREFIX_PATH=${CMAKE_PREFIX_PATH}:/home/dragonblade316/Programming/robotics/dummy/install_clang/dummy_serial:/opt/ros/humble /usr/bin/cmake --build /home/dragonblade316/Programming/robotics/dummy/build_clang/dummy_hardware -- -j20 -l20
