[0.013s] Invoking command in '/home/dragonblade316/Programming/robotics/dummy/build_clang/serial': /usr/bin/cmake /home/dragonblade316/Programming/robotics/dummy/serial -DCMAKE_EXPORT_COMPILE_COMMANDS=ON -DCATKIN_INSTALL_INTO_PREFIX_ROOT=0 -DCATKIN_SYMLINK_INSTALL=ON -DCMAKE_INSTALL_PREFIX=/home/dragonblade316/Programming/robotics/dummy/install_clang/serial
[0.019s] [0mCMake Deprecation Warning at CMakeLists.txt:1 (cmake_minimum_required):
[0.019s]   Compatibility with CMake < 2.8.12 will be removed from a future version of
[0.020s]   CMake.
[0.020s] 
[0.020s]   Update the VERSION argument <min> value or use a ...<max> suffix to tell
[0.020s]   CMake that the project does not need compatibility with older versions.
[0.020s] 
[0.020s] [0m
[0.064s] -- The C compiler identification is Clang 14.0.0
[0.137s] -- The CXX compiler identification is Clang 14.0.0
[0.144s] -- Detecting C compiler ABI info
[0.221s] -- Detecting C compiler ABI info - done
[0.227s] -- Check for working C compiler: /usr/bin/clang - skipped
[0.227s] -- Detecting C compile features
[0.227s] -- Detecting C compile features - done
[0.230s] -- Detecting CXX compiler ABI info
[0.312s] -- Detecting CXX compiler ABI info - done
[0.318s] -- Check for working CXX compiler: /usr/bin/clang++ - skipped
[0.318s] -- Detecting CXX compile features
[0.319s] -- Detecting CXX compile features - done
[0.335s] [31mCMake Error at CMakeLists.txt:5 (find_package):
[0.335s]   By not providing "Findcatkin.cmake" in CMAKE_MODULE_PATH this project has
[0.335s]   asked CMake to find a package configuration file provided by "catkin", but
[0.335s]   CMake did not find one.
[0.335s] 
[0.335s]   Could not find a package configuration file provided by "catkin" with any
[0.335s]   of the following names:
[0.335s] 
[0.335s]     catkinConfig.cmake
[0.335s]     catkin-config.cmake
[0.335s] 
[0.335s]   Add the installation prefix of "catkin" to CMAKE_PREFIX_PATH or set
[0.335s]   "catkin_DIR" to a directory containing one of the above files.  If "catkin"
[0.335s]   provides a separate development package or SDK, be sure it has been
[0.335s]   installed.
[0.335s] 
[0.335s] [0m
[0.335s] -- Configuring incomplete, errors occurred!
[0.335s] See also "/home/dragonblade316/Programming/robotics/dummy/build_clang/serial/CMakeFiles/CMakeOutput.log".
[0.338s] Invoked command in '/home/dragonblade316/Programming/robotics/dummy/build_clang/serial' returned '1': /usr/bin/cmake /home/dragonblade316/Programming/robotics/dummy/serial -DCMAKE_EXPORT_COMPILE_COMMANDS=ON -DCATKIN_INSTALL_INTO_PREFIX_ROOT=0 -DCATKIN_SYMLINK_INSTALL=ON -DCMAKE_INSTALL_PREFIX=/home/dragonblade316/Programming/robotics/dummy/install_clang/serial
