[0.015s] Invoking command in '/home/dragonblade316/Programming/robotics/dummy/build_clang/dummy_description': CMAKE_PREFIX_PATH=${CMAKE_PREFIX_PATH}:/home/dragonblade316/Programming/robotics/dummy/install_clang/dummy_serial:/opt/ros/humble /usr/bin/cmake /home/dragonblade316/Programming/robotics/dummy/dummy_description -DCMAKE_EXPORT_COMPILE_COMMANDS=ON -DAMENT_CMAKE_SYMLINK_INSTALL=1 -DCMAKE_INSTALL_PREFIX=/home/dragonblade316/Programming/robotics/dummy/install_clang/dummy_description
[0.210s] -- The C compiler identification is Clang 14.0.0
[0.280s] -- The CXX compiler identification is Clang 14.0.0
[0.285s] -- Detecting C compiler ABI info
[0.339s] -- Detecting C compiler ABI info - done
[0.344s] -- Check for working C compiler: /usr/bin/clang - skipped
[0.345s] -- Detecting C compile features
[0.345s] -- Detecting C compile features - done
[0.348s] -- Detecting CXX compiler ABI info
[0.424s] -- Detecting CXX compiler ABI info - done
[0.427s] -- Check for working CXX compiler: /usr/bin/clang++ - skipped
[0.427s] -- Detecting CXX compile features
[0.428s] -- Detecting CXX compile features - done
[0.442s] -- Found ament_cmake: 1.3.11 (/opt/ros/humble/share/ament_cmake/cmake)
[0.529s] -- Found Python3: /usr/bin/python3 (found version "3.10.12") found components: Interpreter 
[0.563s] -- Override CMake install command with custom implementation using symlinks instead of copying resources
[0.600s] -- Found ament_lint_auto: 0.12.11 (/opt/ros/humble/share/ament_lint_auto/cmake)
[0.648s] -- Added test 'lint_cmake' to check CMake code style
[0.649s] -- Added test 'xmllint' to check XML markup files
[0.650s] -- Configuring done
[0.652s] -- Generating done
[0.652s] [33mCMake Warning:
[0.652s]   Manually-specified variables were not used by the project:
[0.652s] 
[0.652s]     CMAKE_EXPORT_COMPILE_COMMANDS
[0.652s] 
[0.652s] [0m
[0.653s] -- Build files have been written to: /home/dragonblade316/Programming/robotics/dummy/build_clang/dummy_description
[0.657s] Invoked command in '/home/dragonblade316/Programming/robotics/dummy/build_clang/dummy_description' returned '0': CMAKE_PREFIX_PATH=${CMAKE_PREFIX_PATH}:/home/dragonblade316/Programming/robotics/dummy/install_clang/dummy_serial:/opt/ros/humble /usr/bin/cmake /home/dragonblade316/Programming/robotics/dummy/dummy_description -DCMAKE_EXPORT_COMPILE_COMMANDS=ON -DAMENT_CMAKE_SYMLINK_INSTALL=1 -DCMAKE_INSTALL_PREFIX=/home/dragonblade316/Programming/robotics/dummy/install_clang/dummy_description
[0.658s] Invoking command in '/home/dragonblade316/Programming/robotics/dummy/build_clang/dummy_description': CMAKE_PREFIX_PATH=${CMAKE_PREFIX_PATH}:/home/dragonblade316/Programming/robotics/dummy/install_clang/dummy_serial:/opt/ros/humble /usr/bin/cmake --build /home/dragonblade316/Programming/robotics/dummy/build_clang/dummy_description -- -j20 -l20
[0.682s] Invoked command in '/home/dragonblade316/Programming/robotics/dummy/build_clang/dummy_description' returned '0': CMAKE_PREFIX_PATH=${CMAKE_PREFIX_PATH}:/home/dragonblade316/Programming/robotics/dummy/install_clang/dummy_serial:/opt/ros/humble /usr/bin/cmake --build /home/dragonblade316/Programming/robotics/dummy/build_clang/dummy_description -- -j20 -l20
[0.687s] Invoking command in '/home/dragonblade316/Programming/robotics/dummy/build_clang/dummy_description': CMAKE_PREFIX_PATH=${CMAKE_PREFIX_PATH}:/home/dragonblade316/Programming/robotics/dummy/install_clang/dummy_serial:/opt/ros/humble /usr/bin/cmake --install /home/dragonblade316/Programming/robotics/dummy/build_clang/dummy_description
[0.691s] -- Install configuration: ""
[0.692s] -- Execute custom install script
[0.692s] -- Symlinking: /home/dragonblade316/Programming/robotics/dummy/install_clang/dummy_description/share/dummy_description/model/.env
[0.698s] -- Symlinking: /home/dragonblade316/Programming/robotics/dummy/install_clang/dummy_description/share/dummy_description/model/arm_round.part
[0.703s] -- Symlinking: /home/dragonblade316/Programming/robotics/dummy/install_clang/dummy_description/share/dummy_description/model/arm_round.stl
[0.709s] -- Symlinking: /home/dragonblade316/Programming/robotics/dummy/install_clang/dummy_description/share/dummy_description/model/base.part
[0.715s] -- Symlinking: /home/dragonblade316/Programming/robotics/dummy/install_clang/dummy_description/share/dummy_description/model/base.stl
[0.718s] -- Symlinking: /home/dragonblade316/Programming/robotics/dummy/install_clang/dummy_description/share/dummy_description/model/config.json
[0.723s] -- Symlinking: /home/dragonblade316/Programming/robotics/dummy/install_clang/dummy_description/share/dummy_description/model/mg996r_v2.part
[0.727s] -- Symlinking: /home/dragonblade316/Programming/robotics/dummy/install_clang/dummy_description/share/dummy_description/model/mg996r_v2.stl
[0.731s] -- Symlinking: /home/dragonblade316/Programming/robotics/dummy/install_clang/dummy_description/share/dummy_description/model/part_1.part
[0.735s] -- Symlinking: /home/dragonblade316/Programming/robotics/dummy/install_clang/dummy_description/share/dummy_description/model/part_1.stl
[0.741s] -- Symlinking: /home/dragonblade316/Programming/robotics/dummy/install_clang/dummy_description/share/dummy_description/model/robot.urdf
[0.746s] -- Symlinking: /home/dragonblade316/Programming/robotics/dummy/install_clang/dummy_description/share/dummy_description/model/seg_one.part
[0.750s] -- Symlinking: /home/dragonblade316/Programming/robotics/dummy/install_clang/dummy_description/share/dummy_description/model/seg_one.stl
[0.754s] -- Symlinking: /home/dragonblade316/Programming/robotics/dummy/install_clang/dummy_description/share/dummy_description/model/seg_two.part
[0.758s] -- Symlinking: /home/dragonblade316/Programming/robotics/dummy/install_clang/dummy_description/share/dummy_description/model/seg_two.stl
[0.764s] -- Symlinking: /home/dragonblade316/Programming/robotics/dummy/install_clang/dummy_description/share/dummy_description/model/wrist.part
[0.770s] -- Symlinking: /home/dragonblade316/Programming/robotics/dummy/install_clang/dummy_description/share/dummy_description/model/wrist.stl
[0.776s] -- Symlinking: /home/dragonblade316/Programming/robotics/dummy/install_clang/dummy_description/share/ament_index/resource_index/package_run_dependencies/dummy_description
[0.782s] -- Symlinking: /home/dragonblade316/Programming/robotics/dummy/install_clang/dummy_description/share/ament_index/resource_index/parent_prefix_path/dummy_description
[0.789s] -- Symlinking: /home/dragonblade316/Programming/robotics/dummy/install_clang/dummy_description/share/dummy_description/environment/ament_prefix_path.sh
[0.793s] -- Symlinking: /home/dragonblade316/Programming/robotics/dummy/install_clang/dummy_description/share/dummy_description/environment/ament_prefix_path.dsv
[0.797s] -- Symlinking: /home/dragonblade316/Programming/robotics/dummy/install_clang/dummy_description/share/dummy_description/environment/path.sh
[0.801s] -- Symlinking: /home/dragonblade316/Programming/robotics/dummy/install_clang/dummy_description/share/dummy_description/environment/path.dsv
[0.806s] -- Symlinking: /home/dragonblade316/Programming/robotics/dummy/install_clang/dummy_description/share/dummy_description/local_setup.bash
[0.813s] -- Symlinking: /home/dragonblade316/Programming/robotics/dummy/install_clang/dummy_description/share/dummy_description/local_setup.sh
[0.817s] -- Symlinking: /home/dragonblade316/Programming/robotics/dummy/install_clang/dummy_description/share/dummy_description/local_setup.zsh
[0.824s] -- Symlinking: /home/dragonblade316/Programming/robotics/dummy/install_clang/dummy_description/share/dummy_description/local_setup.dsv
[0.828s] -- Symlinking: /home/dragonblade316/Programming/robotics/dummy/install_clang/dummy_description/share/dummy_description/package.dsv
[0.835s] -- Symlinking: /home/dragonblade316/Programming/robotics/dummy/install_clang/dummy_description/share/ament_index/resource_index/packages/dummy_description
[0.840s] -- Symlinking: /home/dragonblade316/Programming/robotics/dummy/install_clang/dummy_description/share/dummy_description/cmake/dummy_descriptionConfig.cmake
[0.845s] -- Symlinking: /home/dragonblade316/Programming/robotics/dummy/install_clang/dummy_description/share/dummy_description/cmake/dummy_descriptionConfig-version.cmake
[0.850s] -- Symlinking: /home/dragonblade316/Programming/robotics/dummy/install_clang/dummy_description/share/dummy_description/package.xml
[0.858s] Invoked command in '/home/dragonblade316/Programming/robotics/dummy/build_clang/dummy_description' returned '0': CMAKE_PREFIX_PATH=${CMAKE_PREFIX_PATH}:/home/dragonblade316/Programming/robotics/dummy/install_clang/dummy_serial:/opt/ros/humble /usr/bin/cmake --install /home/dragonblade316/Programming/robotics/dummy/build_clang/dummy_description
