[35m[1mConsolidate compiler generated dependencies of target controller[0m
[100%] Built target controller
-- Install configuration: ""
-- Execute custom install script
-- Up-to-date symlink: /home/dragonblade316/Programming/robotics/dummy/install_clang/dummy_joy_control/lib/dummy_joy_control/controller
-- Up-to-date symlink: /home/dragonblade316/Programming/robotics/dummy/install_clang/dummy_joy_control/share/ament_index/resource_index/package_run_dependencies/dummy_joy_control
-- Up-to-date symlink: /home/dragonblade316/Programming/robotics/dummy/install_clang/dummy_joy_control/share/ament_index/resource_index/parent_prefix_path/dummy_joy_control
-- Up-to-date symlink: /home/dragonblade316/Programming/robotics/dummy/install_clang/dummy_joy_control/share/dummy_joy_control/environment/ament_prefix_path.sh
-- Up-to-date symlink: /home/dragonblade316/Programming/robotics/dummy/install_clang/dummy_joy_control/share/dummy_joy_control/environment/ament_prefix_path.dsv
-- Up-to-date symlink: /home/dragonblade316/Programming/robotics/dummy/install_clang/dummy_joy_control/share/dummy_joy_control/environment/path.sh
-- Up-to-date symlink: /home/dragonblade316/Programming/robotics/dummy/install_clang/dummy_joy_control/share/dummy_joy_control/environment/path.dsv
-- Up-to-date symlink: /home/dragonblade316/Programming/robotics/dummy/install_clang/dummy_joy_control/share/dummy_joy_control/local_setup.bash
-- Up-to-date symlink: /home/dragonblade316/Programming/robotics/dummy/install_clang/dummy_joy_control/share/dummy_joy_control/local_setup.sh
-- Up-to-date symlink: /home/dragonblade316/Programming/robotics/dummy/install_clang/dummy_joy_control/share/dummy_joy_control/local_setup.zsh
-- Up-to-date symlink: /home/dragonblade316/Programming/robotics/dummy/install_clang/dummy_joy_control/share/dummy_joy_control/local_setup.dsv
-- Symlinking: /home/dragonblade316/Programming/robotics/dummy/install_clang/dummy_joy_control/share/dummy_joy_control/package.dsv
-- Up-to-date symlink: /home/dragonblade316/Programming/robotics/dummy/install_clang/dummy_joy_control/share/ament_index/resource_index/packages/dummy_joy_control
-- Up-to-date symlink: /home/dragonblade316/Programming/robotics/dummy/install_clang/dummy_joy_control/share/dummy_joy_control/cmake/dummy_joy_controlConfig.cmake
-- Up-to-date symlink: /home/dragonblade316/Programming/robotics/dummy/install_clang/dummy_joy_control/share/dummy_joy_control/cmake/dummy_joy_controlConfig-version.cmake
-- Up-to-date symlink: /home/dragonblade316/Programming/robotics/dummy/install_clang/dummy_joy_control/share/dummy_joy_control/package.xml
