[0.005s] Invoking command in '/home/dragonblade316/Programming/robotics/dummy/build_clang/dummy_hardware': AMENT_PREFIX_PATH=/home/dragonblade316/Programming/robotics/dummy/install_clang/serial:${AMENT_PREFIX_PATH} CMAKE_PREFIX_PATH=/home/dragonblade316/Programming/robotics/dummy/install_clang/serial:/opt/ros/humble LD_LIBRARY_PATH=/home/dragonblade316/Programming/robotics/dummy/install_clang/serial/lib:${LD_LIBRARY_PATH} /usr/bin/cmake --build /home/dragonblade316/Programming/robotics/dummy/build_clang/dummy_hardware -- -j20 -l20
[0.031s] [35m[1mConsolidate compiler generated dependencies of target dummy_hardware[0m
[0.043s] [ 50%] [32mBuilding CXX object CMakeFiles/dummy_hardware.dir/src/robot.cpp.o[0m
[1.074s] [1m/home/dragonblade316/Programming/robotics/dummy/dummy_hardware/src/robot.cpp:45:28: [0m[0;1;31merror: [0m[1mexpected '(' for function-style cast or type construction[0m
[1.074s]         auto ser = serial::Serial my_serial("/dev/ttyACM1", 9600, serial::Timeout::simpleTimeout(1000));
[1.074s] [0;1;32m                   ~~~~~~~~~~~~~~ ^
[1.076s] [0m[1m/home/dragonblade316/Programming/robotics/dummy/dummy_hardware/src/robot.cpp:68:74: [0m[0;1;35mwarning: [0m[1munused parameter 'time' [-Wunused-parameter][0m
[1.076s] hardware_interface::return_type DummyHardware::read(const rclcpp::Time & time, const rclcpp::Duration & period) {
[1.076s] [0;1;32m                                                                         ^
[1.076s] [0m[1m/home/dragonblade316/Programming/robotics/dummy/dummy_hardware/src/robot.cpp:68:105: [0m[0;1;35mwarning: [0m[1munused parameter 'period' [-Wunused-parameter][0m
[1.076s] hardware_interface::return_type DummyHardware::read(const rclcpp::Time & time, const rclcpp::Duration & period) {
[1.076s] [0;1;32m                                                                                                        ^
[1.076s] [0m[1m/home/dragonblade316/Programming/robotics/dummy/dummy_hardware/src/robot.cpp:72:75: [0m[0;1;35mwarning: [0m[1munused parameter 'time' [-Wunused-parameter][0m
[1.076s] hardware_interface::return_type DummyHardware::write(const rclcpp::Time & time, const rclcpp::Duration & period) {
[1.076s] [0;1;32m                                                                          ^
[1.076s] [0m[1m/home/dragonblade316/Programming/robotics/dummy/dummy_hardware/src/robot.cpp:72:106: [0m[0;1;35mwarning: [0m[1munused parameter 'period' [-Wunused-parameter][0m
[1.076s] hardware_interface::return_type DummyHardware::write(const rclcpp::Time & time, const rclcpp::Duration & period) {
[1.076s] [0;1;32m                                                                                                         ^
[1.255s] [0m4 warnings and 1 error generated.
[1.262s] gmake[2]: *** [CMakeFiles/dummy_hardware.dir/build.make:76: CMakeFiles/dummy_hardware.dir/src/robot.cpp.o] Error 1
[1.262s] gmake[1]: *** [CMakeFiles/Makefile2:137: CMakeFiles/dummy_hardware.dir/all] Error 2
[1.262s] gmake: *** [Makefile:146: all] Error 2
[1.264s] Invoked command in '/home/dragonblade316/Programming/robotics/dummy/build_clang/dummy_hardware' returned '2': AMENT_PREFIX_PATH=/home/dragonblade316/Programming/robotics/dummy/install_clang/serial:${AMENT_PREFIX_PATH} CMAKE_PREFIX_PATH=/home/dragonblade316/Programming/robotics/dummy/install_clang/serial:/opt/ros/humble LD_LIBRARY_PATH=/home/dragonblade316/Programming/robotics/dummy/install_clang/serial/lib:${LD_LIBRARY_PATH} /usr/bin/cmake --build /home/dragonblade316/Programming/robotics/dummy/build_clang/dummy_hardware -- -j20 -l20
