[35m[1mConsolidate compiler generated dependencies of target hardware[0m
[ 50%] [32mBuilding CXX object CMakeFiles/hardware.dir/src/robot.cpp.o[0m
[100%] [32m[1mLinking CXX shared library libhardware.so[0m
[100%] Built target hardware
-- Install configuration: ""
-- Execute custom install script
-- Up-to-date symlink: /home/dragonblade316/Programming/robotics/dummy/install_clang/hardware/lib/hardware/libhardware.so
-- Up-to-date symlink: /home/dragonblade316/Programming/robotics/dummy/install_clang/hardware/share/ament_index/resource_index/package_run_dependencies/hardware
-- Up-to-date symlink: /home/dragonblade316/Programming/robotics/dummy/install_clang/hardware/share/ament_index/resource_index/parent_prefix_path/hardware
-- Up-to-date symlink: /home/dragonblade316/Programming/robotics/dummy/install_clang/hardware/share/hardware/environment/ament_prefix_path.sh
-- Up-to-date symlink: /home/dragonblade316/Programming/robotics/dummy/install_clang/hardware/share/hardware/environment/ament_prefix_path.dsv
-- Up-to-date symlink: /home/dragonblade316/Programming/robotics/dummy/install_clang/hardware/share/hardware/environment/path.sh
-- Up-to-date symlink: /home/dragonblade316/Programming/robotics/dummy/install_clang/hardware/share/hardware/environment/path.dsv
-- Up-to-date symlink: /home/dragonblade316/Programming/robotics/dummy/install_clang/hardware/share/hardware/local_setup.bash
-- Up-to-date symlink: /home/dragonblade316/Programming/robotics/dummy/install_clang/hardware/share/hardware/local_setup.sh
-- Up-to-date symlink: /home/dragonblade316/Programming/robotics/dummy/install_clang/hardware/share/hardware/local_setup.zsh
-- Up-to-date symlink: /home/dragonblade316/Programming/robotics/dummy/install_clang/hardware/share/hardware/local_setup.dsv
-- Symlinking: /home/dragonblade316/Programming/robotics/dummy/install_clang/hardware/share/hardware/package.dsv
-- Up-to-date symlink: /home/dragonblade316/Programming/robotics/dummy/install_clang/hardware/share/ament_index/resource_index/packages/hardware
-- Up-to-date symlink: /home/dragonblade316/Programming/robotics/dummy/install_clang/hardware/share/hardware/cmake/hardwareConfig.cmake
-- Up-to-date symlink: /home/dragonblade316/Programming/robotics/dummy/install_clang/hardware/share/hardware/cmake/hardwareConfig-version.cmake
-- Up-to-date symlink: /home/dragonblade316/Programming/robotics/dummy/install_clang/hardware/share/hardware/package.xml
