[0.015s] Invoking command in '/home/dragonblade316/Programming/robotics/dummy/build_clang/dummy_description': CMAKE_PREFIX_PATH=/opt/ros/humble /usr/bin/cmake /home/dragonblade316/Programming/robotics/dummy/dummy_description -DCMAKE_EXPORT_COMPILE_COMMANDS=ON -DAMENT_CMAKE_SYMLINK_INSTALL=1 -DCMAKE_INSTALL_PREFIX=/home/dragonblade316/Programming/robotics/dummy/install_clang/dummy_description
[0.064s] -- The C compiler identification is Clang 14.0.0
[0.133s] -- The CXX compiler identification is Clang 14.0.0
[0.137s] -- Detecting C compiler ABI info
[0.200s] -- Detecting C compiler ABI info - done
[0.205s] -- Check for working C compiler: /usr/bin/clang - skipped
[0.205s] -- Detecting C compile features
[0.206s] -- Detecting C compile features - done
[0.208s] -- Detecting CXX compiler ABI info
[0.302s] -- Detecting CXX compiler ABI info - done
[0.306s] -- Check for working CXX compiler: /usr/bin/clang++ - skipped
[0.306s] -- Detecting CXX compile features
[0.306s] -- Detecting CXX compile features - done
[0.308s] -- Found ament_cmake: 1.3.11 (/opt/ros/humble/share/ament_cmake/cmake)
[0.401s] -- Found Python3: /usr/bin/python3 (found version "3.10.12") found components: Interpreter 
[0.432s] -- Override CMake install command with custom implementation using symlinks instead of copying resources
[0.460s] -- Found ament_lint_auto: 0.12.11 (/opt/ros/humble/share/ament_lint_auto/cmake)
[0.503s] -- Added test 'lint_cmake' to check CMake code style
[0.504s] -- Added test 'xmllint' to check XML markup files
[0.504s] -- Configuring done
[0.506s] -- Generating done
[0.506s] [33mCMake Warning:
[0.506s]   Manually-specified variables were not used by the project:
[0.506s] 
[0.506s]     CMAKE_EXPORT_COMPILE_COMMANDS
[0.506s] 
[0.506s] [0m
[0.506s] -- Build files have been written to: /home/dragonblade316/Programming/robotics/dummy/build_clang/dummy_description
[0.509s] Invoked command in '/home/dragonblade316/Programming/robotics/dummy/build_clang/dummy_description' returned '0': CMAKE_PREFIX_PATH=/opt/ros/humble /usr/bin/cmake /home/dragonblade316/Programming/robotics/dummy/dummy_description -DCMAKE_EXPORT_COMPILE_COMMANDS=ON -DAMENT_CMAKE_SYMLINK_INSTALL=1 -DCMAKE_INSTALL_PREFIX=/home/dragonblade316/Programming/robotics/dummy/install_clang/dummy_description
[0.510s] Invoking command in '/home/dragonblade316/Programming/robotics/dummy/build_clang/dummy_description': CMAKE_PREFIX_PATH=/opt/ros/humble /usr/bin/cmake --build /home/dragonblade316/Programming/robotics/dummy/build_clang/dummy_description -- -j20 -l20
[0.537s] Invoked command in '/home/dragonblade316/Programming/robotics/dummy/build_clang/dummy_description' returned '0': CMAKE_PREFIX_PATH=/opt/ros/humble /usr/bin/cmake --build /home/dragonblade316/Programming/robotics/dummy/build_clang/dummy_description -- -j20 -l20
[0.544s] Invoking command in '/home/dragonblade316/Programming/robotics/dummy/build_clang/dummy_description': CMAKE_PREFIX_PATH=/opt/ros/humble /usr/bin/cmake --install /home/dragonblade316/Programming/robotics/dummy/build_clang/dummy_description
[0.550s] -- Install configuration: ""
[0.551s] -- Execute custom install script
[0.551s] -- Symlinking: /home/dragonblade316/Programming/robotics/dummy/install_clang/dummy_description/share/dummy_description/model/.env
[0.557s] -- Symlinking: /home/dragonblade316/Programming/robotics/dummy/install_clang/dummy_description/share/dummy_description/model/arm_round.part
[0.563s] -- Symlinking: /home/dragonblade316/Programming/robotics/dummy/install_clang/dummy_description/share/dummy_description/model/arm_round.stl
[0.568s] -- Symlinking: /home/dragonblade316/Programming/robotics/dummy/install_clang/dummy_description/share/dummy_description/model/base.part
[0.575s] -- Symlinking: /home/dragonblade316/Programming/robotics/dummy/install_clang/dummy_description/share/dummy_description/model/base.stl
[0.581s] -- Symlinking: /home/dragonblade316/Programming/robotics/dummy/install_clang/dummy_description/share/dummy_description/model/config.json
[0.587s] -- Symlinking: /home/dragonblade316/Programming/robotics/dummy/install_clang/dummy_description/share/dummy_description/model/mg996r_v2.part
[0.590s] -- Symlinking: /home/dragonblade316/Programming/robotics/dummy/install_clang/dummy_description/share/dummy_description/model/mg996r_v2.stl
[0.594s] -- Symlinking: /home/dragonblade316/Programming/robotics/dummy/install_clang/dummy_description/share/dummy_description/model/part_1.part
[0.598s] -- Symlinking: /home/dragonblade316/Programming/robotics/dummy/install_clang/dummy_description/share/dummy_description/model/part_1.stl
[0.602s] -- Symlinking: /home/dragonblade316/Programming/robotics/dummy/install_clang/dummy_description/share/dummy_description/model/robot.urdf
[0.606s] -- Symlinking: /home/dragonblade316/Programming/robotics/dummy/install_clang/dummy_description/share/dummy_description/model/seg_one.part
[0.610s] -- Symlinking: /home/dragonblade316/Programming/robotics/dummy/install_clang/dummy_description/share/dummy_description/model/seg_one.stl
[0.615s] -- Symlinking: /home/dragonblade316/Programming/robotics/dummy/install_clang/dummy_description/share/dummy_description/model/seg_two.part
[0.621s] -- Symlinking: /home/dragonblade316/Programming/robotics/dummy/install_clang/dummy_description/share/dummy_description/model/seg_two.stl
[0.627s] -- Symlinking: /home/dragonblade316/Programming/robotics/dummy/install_clang/dummy_description/share/dummy_description/model/wrist.part
[0.631s] -- Symlinking: /home/dragonblade316/Programming/robotics/dummy/install_clang/dummy_description/share/dummy_description/model/wrist.stl
[0.637s] -- Symlinking: /home/dragonblade316/Programming/robotics/dummy/install_clang/dummy_description/share/ament_index/resource_index/package_run_dependencies/dummy_description
[0.640s] -- Symlinking: /home/dragonblade316/Programming/robotics/dummy/install_clang/dummy_description/share/ament_index/resource_index/parent_prefix_path/dummy_description
[0.646s] -- Symlinking: /home/dragonblade316/Programming/robotics/dummy/install_clang/dummy_description/share/dummy_description/environment/ament_prefix_path.sh
[0.652s] -- Symlinking: /home/dragonblade316/Programming/robotics/dummy/install_clang/dummy_description/share/dummy_description/environment/ament_prefix_path.dsv
[0.658s] -- Symlinking: /home/dragonblade316/Programming/robotics/dummy/install_clang/dummy_description/share/dummy_description/environment/path.sh
[0.664s] -- Symlinking: /home/dragonblade316/Programming/robotics/dummy/install_clang/dummy_description/share/dummy_description/environment/path.dsv
[0.670s] -- Symlinking: /home/dragonblade316/Programming/robotics/dummy/install_clang/dummy_description/share/dummy_description/local_setup.bash
[0.676s] -- Symlinking: /home/dragonblade316/Programming/robotics/dummy/install_clang/dummy_description/share/dummy_description/local_setup.sh
[0.681s] -- Symlinking: /home/dragonblade316/Programming/robotics/dummy/install_clang/dummy_description/share/dummy_description/local_setup.zsh
[0.686s] -- Symlinking: /home/dragonblade316/Programming/robotics/dummy/install_clang/dummy_description/share/dummy_description/local_setup.dsv
[0.691s] -- Symlinking: /home/dragonblade316/Programming/robotics/dummy/install_clang/dummy_description/share/dummy_description/package.dsv
[0.695s] -- Symlinking: /home/dragonblade316/Programming/robotics/dummy/install_clang/dummy_description/share/ament_index/resource_index/packages/dummy_description
[0.702s] -- Symlinking: /home/dragonblade316/Programming/robotics/dummy/install_clang/dummy_description/share/dummy_description/cmake/dummy_descriptionConfig.cmake
[0.709s] -- Symlinking: /home/dragonblade316/Programming/robotics/dummy/install_clang/dummy_description/share/dummy_description/cmake/dummy_descriptionConfig-version.cmake
[0.715s] -- Symlinking: /home/dragonblade316/Programming/robotics/dummy/install_clang/dummy_description/share/dummy_description/package.xml
[0.722s] Invoked command in '/home/dragonblade316/Programming/robotics/dummy/build_clang/dummy_description' returned '0': CMAKE_PREFIX_PATH=/opt/ros/humble /usr/bin/cmake --install /home/dragonblade316/Programming/robotics/dummy/build_clang/dummy_description
