[0.144s] Invoking command in '/home/dragonblade316/Programming/robotics/dummy/build_clang/hardware': CMAKE_PREFIX_PATH=${CMAKE_PREFIX_PATH}:/home/dragonblade316/Programming/robotics/dummy/install/moveit_configs_utils:/home/dragonblade316/Programming/robotics/dummy/install/launch_param_builder:/home/dragonblade316/Programming/robotics/dummy/install/dummy_serial:/home/dragonblade316/Programming/robotics/dummy/install_clang/moveit_configs_utils:/home/dragonblade316/Programming/robotics/dummy/install_clang/launch_param_builder:/home/dragonblade316/Programming/robotics/dummy/install_clang/dummy_serial:/opt/ros/humble /usr/bin/cmake /home/dragonblade316/Programming/robotics/dummy/hardware -DCMAKE_EXPORT_COMPILE_COMMANDS=ON -DAMENT_CMAKE_SYMLINK_INSTALL=1 -DCMAKE_INSTALL_PREFIX=/home/dragonblade316/Programming/robotics/dummy/install_clang/hardware
[0.207s] -- The C compiler identification is Clang 14.0.0
[0.279s] -- The CXX compiler identification is Clang 14.0.0
[0.283s] -- Detecting C compiler ABI info
[0.346s] -- Detecting C compiler ABI info - done
[0.351s] -- Check for working C compiler: /usr/bin/clang - skipped
[0.351s] -- Detecting C compile features
[0.352s] -- Detecting C compile features - done
[0.354s] -- Detecting CXX compiler ABI info
[0.451s] -- Detecting CXX compiler ABI info - done
[0.455s] -- Check for working CXX compiler: /usr/bin/clang++ - skipped
[0.455s] -- Detecting CXX compile features
[0.455s] -- Detecting CXX compile features - done
[0.458s] -- Found ament_cmake: 1.3.11 (/opt/ros/humble/share/ament_cmake/cmake)
[0.564s] -- Found Python3: /usr/bin/python3 (found version "3.10.12") found components: Interpreter 
[0.603s] -- Override CMake install command with custom implementation using symlinks instead of copying resources
[0.633s] -- Found rclcpp: 16.0.11 (/opt/ros/humble/share/rclcpp/cmake)
[0.665s] -- Found rosidl_generator_c: 3.1.6 (/opt/ros/humble/share/rosidl_generator_c/cmake)
[0.669s] -- Found rosidl_adapter: 3.1.6 (/opt/ros/humble/share/rosidl_adapter/cmake)
[0.675s] -- Found rosidl_generator_cpp: 3.1.6 (/opt/ros/humble/share/rosidl_generator_cpp/cmake)
[0.685s] -- Using all available rosidl_typesupport_c: rosidl_typesupport_fastrtps_c;rosidl_typesupport_introspection_c
[0.699s] -- Using all available rosidl_typesupport_cpp: rosidl_typesupport_fastrtps_cpp;rosidl_typesupport_introspection_cpp
[0.731s] -- Found rmw_implementation_cmake: 6.1.2 (/opt/ros/humble/share/rmw_implementation_cmake/cmake)
[0.735s] -- Found rmw_fastrtps_cpp: 6.2.7 (/opt/ros/humble/share/rmw_fastrtps_cpp/cmake)
[0.829s] -- Found OpenSSL: /usr/lib/x86_64-linux-gnu/libcrypto.so (found version "3.0.2")  
[0.858s] -- Found FastRTPS: /opt/ros/humble/include  
[0.907s] -- Using RMW implementation 'rmw_fastrtps_cpp' as default
[0.917s] -- Looking for pthread.h
[0.994s] -- Looking for pthread.h - found
[0.995s] -- Performing Test CMAKE_HAVE_LIBC_PTHREAD
[1.067s] -- Performing Test CMAKE_HAVE_LIBC_PTHREAD - Success
[1.068s] -- Found Threads: TRUE  
[1.099s] -- Found rclcpp_lifecycle: 16.0.11 (/opt/ros/humble/share/rclcpp_lifecycle/cmake)
[1.117s] -- Found hardware_interface: 2.46.0 (/opt/ros/humble/share/hardware_interface/cmake)
[1.221s] -- Found PkgConfig: /usr/bin/pkg-config (found version "0.29.2") 
[1.221s] -- Checking for module 'libserial'
[1.241s] --   Found libserial, version 1.0.0
[1.304s] -- Found ament_lint_auto: 0.12.11 (/opt/ros/humble/share/ament_lint_auto/cmake)
[1.356s] -- Added test 'cppcheck' to perform static code analysis on C / C++ code
[1.356s] -- Configured cppcheck include dirs: /home/dragonblade316/Programming/robotics/dummy/hardware/./include/hardware
[1.356s] -- Configured cppcheck exclude dirs and/or files: 
[1.357s] -- Added test 'lint_cmake' to check CMake code style
[1.358s] -- Added test 'uncrustify' to check C / C++ code style
[1.358s] -- Configured uncrustify additional arguments: 
[1.359s] -- Added test 'xmllint' to check XML markup files
[1.361s] -- Configuring done
[1.374s] -- Generating done
[1.377s] -- Build files have been written to: /home/dragonblade316/Programming/robotics/dummy/build_clang/hardware
[1.383s] Invoked command in '/home/dragonblade316/Programming/robotics/dummy/build_clang/hardware' returned '0': CMAKE_PREFIX_PATH=${CMAKE_PREFIX_PATH}:/home/dragonblade316/Programming/robotics/dummy/install/moveit_configs_utils:/home/dragonblade316/Programming/robotics/dummy/install/launch_param_builder:/home/dragonblade316/Programming/robotics/dummy/install/dummy_serial:/home/dragonblade316/Programming/robotics/dummy/install_clang/moveit_configs_utils:/home/dragonblade316/Programming/robotics/dummy/install_clang/launch_param_builder:/home/dragonblade316/Programming/robotics/dummy/install_clang/dummy_serial:/opt/ros/humble /usr/bin/cmake /home/dragonblade316/Programming/robotics/dummy/hardware -DCMAKE_EXPORT_COMPILE_COMMANDS=ON -DAMENT_CMAKE_SYMLINK_INSTALL=1 -DCMAKE_INSTALL_PREFIX=/home/dragonblade316/Programming/robotics/dummy/install_clang/hardware
[1.384s] Invoking command in '/home/dragonblade316/Programming/robotics/dummy/build_clang/hardware': CMAKE_PREFIX_PATH=${CMAKE_PREFIX_PATH}:/home/dragonblade316/Programming/robotics/dummy/install/moveit_configs_utils:/home/dragonblade316/Programming/robotics/dummy/install/launch_param_builder:/home/dragonblade316/Programming/robotics/dummy/install/dummy_serial:/home/dragonblade316/Programming/robotics/dummy/install_clang/moveit_configs_utils:/home/dragonblade316/Programming/robotics/dummy/install_clang/launch_param_builder:/home/dragonblade316/Programming/robotics/dummy/install_clang/dummy_serial:/opt/ros/humble /usr/bin/cmake --build /home/dragonblade316/Programming/robotics/dummy/build_clang/hardware -- -j20 -l20
[1.424s] [ 50%] [32mBuilding CXX object CMakeFiles/hardware.dir/src/robot.cpp.o[0m
[1.770s] [1m/home/dragonblade316/Programming/robotics/dummy/hardware/src/robot.cpp:22:1: [0m[0;1;35mwarning: [0m[1mnon-void function does not return a value in all control paths [-Wreturn-type][0m
[1.770s] }
[1.770s] [0;1;32m^
[1.773s] [0m[1m/home/dragonblade316/Programming/robotics/dummy/hardware/src/robot.cpp:51:59: [0m[0;1;35mwarning: [0m[1munused parameter 'time' [-Wunused-parameter][0m
[1.773s] hardware_interface::return_type read(const rclcpp::Time & time, const rclcpp::Duration & period) {
[1.773s] [0;1;32m                                                          ^
[1.773s] [0m[1m/home/dragonblade316/Programming/robotics/dummy/hardware/src/robot.cpp:51:90: [0m[0;1;35mwarning: [0m[1munused parameter 'period' [-Wunused-parameter][0m
[1.773s] hardware_interface::return_type read(const rclcpp::Time & time, const rclcpp::Duration & period) {
[1.773s] [0;1;32m                                                                                         ^
[1.774s] [0m[1m/home/dragonblade316/Programming/robotics/dummy/hardware/src/robot.cpp:55:67: [0m[0;1;35mwarning: [0m[1munused parameter 'time' [-Wunused-parameter][0m
[1.774s] hardware_interface::return_type Dummy::write(const rclcpp::Time & time, const rclcpp::Duration & period) {
[1.774s] [0;1;32m                                                                  ^
[1.774s] [0m[1m/home/dragonblade316/Programming/robotics/dummy/hardware/src/robot.cpp:55:98: [0m[0;1;35mwarning: [0m[1munused parameter 'period' [-Wunused-parameter][0m
[1.774s] hardware_interface::return_type Dummy::write(const rclcpp::Time & time, const rclcpp::Duration & period) {
[1.774s] [0;1;32m                                                                                                 ^
[1.913s] [0m5 warnings generated.
[1.923s] [100%] [32m[1mLinking CXX shared library libhardware.so[0m
[2.014s] [100%] Built target hardware
[2.022s] Invoked command in '/home/dragonblade316/Programming/robotics/dummy/build_clang/hardware' returned '0': CMAKE_PREFIX_PATH=${CMAKE_PREFIX_PATH}:/home/dragonblade316/Programming/robotics/dummy/install/moveit_configs_utils:/home/dragonblade316/Programming/robotics/dummy/install/launch_param_builder:/home/dragonblade316/Programming/robotics/dummy/install/dummy_serial:/home/dragonblade316/Programming/robotics/dummy/install_clang/moveit_configs_utils:/home/dragonblade316/Programming/robotics/dummy/install_clang/launch_param_builder:/home/dragonblade316/Programming/robotics/dummy/install_clang/dummy_serial:/opt/ros/humble /usr/bin/cmake --build /home/dragonblade316/Programming/robotics/dummy/build_clang/hardware -- -j20 -l20
[2.023s] Invoking command in '/home/dragonblade316/Programming/robotics/dummy/build_clang/hardware': CMAKE_PREFIX_PATH=${CMAKE_PREFIX_PATH}:/home/dragonblade316/Programming/robotics/dummy/install/moveit_configs_utils:/home/dragonblade316/Programming/robotics/dummy/install/launch_param_builder:/home/dragonblade316/Programming/robotics/dummy/install/dummy_serial:/home/dragonblade316/Programming/robotics/dummy/install_clang/moveit_configs_utils:/home/dragonblade316/Programming/robotics/dummy/install_clang/launch_param_builder:/home/dragonblade316/Programming/robotics/dummy/install_clang/dummy_serial:/opt/ros/humble /usr/bin/cmake --install /home/dragonblade316/Programming/robotics/dummy/build_clang/hardware
[2.028s] -- Install configuration: ""
[2.028s] -- Execute custom install script
[2.028s] -- Symlinking: /home/dragonblade316/Programming/robotics/dummy/install_clang/hardware/lib/hardware/libhardware.so
[2.037s] -- Symlinking: /home/dragonblade316/Programming/robotics/dummy/install_clang/hardware/share/ament_index/resource_index/package_run_dependencies/hardware
[2.042s] -- Symlinking: /home/dragonblade316/Programming/robotics/dummy/install_clang/hardware/share/ament_index/resource_index/parent_prefix_path/hardware
[2.048s] -- Symlinking: /home/dragonblade316/Programming/robotics/dummy/install_clang/hardware/share/hardware/environment/ament_prefix_path.sh
[2.056s] -- Symlinking: /home/dragonblade316/Programming/robotics/dummy/install_clang/hardware/share/hardware/environment/ament_prefix_path.dsv
[2.063s] -- Symlinking: /home/dragonblade316/Programming/robotics/dummy/install_clang/hardware/share/hardware/environment/path.sh
[2.070s] -- Symlinking: /home/dragonblade316/Programming/robotics/dummy/install_clang/hardware/share/hardware/environment/path.dsv
[2.076s] -- Symlinking: /home/dragonblade316/Programming/robotics/dummy/install_clang/hardware/share/hardware/local_setup.bash
[2.081s] -- Symlinking: /home/dragonblade316/Programming/robotics/dummy/install_clang/hardware/share/hardware/local_setup.sh
[2.089s] -- Symlinking: /home/dragonblade316/Programming/robotics/dummy/install_clang/hardware/share/hardware/local_setup.zsh
[2.097s] -- Symlinking: /home/dragonblade316/Programming/robotics/dummy/install_clang/hardware/share/hardware/local_setup.dsv
[2.104s] -- Symlinking: /home/dragonblade316/Programming/robotics/dummy/install_clang/hardware/share/hardware/package.dsv
[2.112s] -- Symlinking: /home/dragonblade316/Programming/robotics/dummy/install_clang/hardware/share/ament_index/resource_index/packages/hardware
[2.117s] -- Symlinking: /home/dragonblade316/Programming/robotics/dummy/install_clang/hardware/share/hardware/cmake/hardwareConfig.cmake
[2.125s] -- Symlinking: /home/dragonblade316/Programming/robotics/dummy/install_clang/hardware/share/hardware/cmake/hardwareConfig-version.cmake
[2.133s] -- Symlinking: /home/dragonblade316/Programming/robotics/dummy/install_clang/hardware/share/hardware/package.xml
[2.140s] Invoked command in '/home/dragonblade316/Programming/robotics/dummy/build_clang/hardware' returned '0': CMAKE_PREFIX_PATH=${CMAKE_PREFIX_PATH}:/home/dragonblade316/Programming/robotics/dummy/install/moveit_configs_utils:/home/dragonblade316/Programming/robotics/dummy/install/launch_param_builder:/home/dragonblade316/Programming/robotics/dummy/install/dummy_serial:/home/dragonblade316/Programming/robotics/dummy/install_clang/moveit_configs_utils:/home/dragonblade316/Programming/robotics/dummy/install_clang/launch_param_builder:/home/dragonblade316/Programming/robotics/dummy/install_clang/dummy_serial:/opt/ros/humble /usr/bin/cmake --install /home/dragonblade316/Programming/robotics/dummy/build_clang/hardware
