[0.013s] Invoking command in '/home/dragonblade316/Programming/robotics/dummy/build_clang/serial': CMAKE_PREFIX_PATH=/opt/ros/humble /usr/bin/cmake /home/dragonblade316/Programming/robotics/dummy/serial-ros2 -DCMAKE_EXPORT_COMPILE_COMMANDS=ON -DAMENT_CMAKE_SYMLINK_INSTALL=1 -DCMAKE_INSTALL_PREFIX=/home/dragonblade316/Programming/robotics/dummy/install_clang/serial
[0.061s] -- The C compiler identification is Clang 14.0.0
[0.139s] -- The CXX compiler identification is Clang 14.0.0
[0.142s] -- Detecting C compiler ABI info
[0.194s] -- Detecting C compiler ABI info - done
[0.199s] -- Check for working C compiler: /usr/bin/clang - skipped
[0.199s] -- Detecting C compile features
[0.199s] -- Detecting C compile features - done
[0.202s] -- Detecting CXX compiler ABI info
[0.280s] -- Detecting CXX compiler ABI info - done
[0.284s] -- Check for working CXX compiler: /usr/bin/clang++ - skipped
[0.284s] -- Detecting CXX compile features
[0.285s] -- Detecting CXX compile features - done
[0.287s] -- Found ament_cmake: 1.3.11 (/opt/ros/humble/share/ament_cmake/cmake)
[0.381s] -- Found Python3: /usr/bin/python3 (found version "3.10.12") found components: Interpreter 
[0.414s] -- Override CMake install command with custom implementation using symlinks instead of copying resources
[0.485s] -- Configuring done
[0.489s] -- Generating done
[0.490s] -- Build files have been written to: /home/dragonblade316/Programming/robotics/dummy/build_clang/serial
[0.493s] Invoked command in '/home/dragonblade316/Programming/robotics/dummy/build_clang/serial' returned '0': CMAKE_PREFIX_PATH=/opt/ros/humble /usr/bin/cmake /home/dragonblade316/Programming/robotics/dummy/serial-ros2 -DCMAKE_EXPORT_COMPILE_COMMANDS=ON -DAMENT_CMAKE_SYMLINK_INSTALL=1 -DCMAKE_INSTALL_PREFIX=/home/dragonblade316/Programming/robotics/dummy/install_clang/serial
[0.493s] Invoking command in '/home/dragonblade316/Programming/robotics/dummy/build_clang/serial': CMAKE_PREFIX_PATH=/opt/ros/humble /usr/bin/cmake --build /home/dragonblade316/Programming/robotics/dummy/build_clang/serial -- -j20 -l20
[0.524s] [ 25%] [32mBuilding CXX object CMakeFiles/serial.dir/src/impl/unix.cc.o[0m
[0.524s] [ 50%] [32mBuilding CXX object CMakeFiles/serial.dir/src/impl/list_ports/list_ports_linux.cc.o[0m
[0.526s] [ 75%] [32mBuilding CXX object CMakeFiles/serial.dir/src/serial.cc.o[0m
[0.759s] [100%] [32m[1mLinking CXX static library libserial.a[0m
[0.808s] [100%] Built target serial
[0.816s] Invoked command in '/home/dragonblade316/Programming/robotics/dummy/build_clang/serial' returned '0': CMAKE_PREFIX_PATH=/opt/ros/humble /usr/bin/cmake --build /home/dragonblade316/Programming/robotics/dummy/build_clang/serial -- -j20 -l20
[0.817s] Invoking command in '/home/dragonblade316/Programming/robotics/dummy/build_clang/serial': CMAKE_PREFIX_PATH=/opt/ros/humble /usr/bin/cmake --install /home/dragonblade316/Programming/robotics/dummy/build_clang/serial
[0.823s] -- Install configuration: ""
[0.823s] -- Execute custom install script
[0.824s] -- Symlinking: /home/dragonblade316/Programming/robotics/dummy/install_clang/serial/share/serial/environment/library_path.sh
[0.828s] -- Symlinking: /home/dragonblade316/Programming/robotics/dummy/install_clang/serial/share/serial/environment/library_path.dsv
[0.833s] -- Symlinking: /home/dragonblade316/Programming/robotics/dummy/install_clang/serial/lib/libserial.a
[0.839s] -- Symlinking: /home/dragonblade316/Programming/robotics/dummy/install_clang/serial/include/serial/serial.h
[0.844s] -- Symlinking: /home/dragonblade316/Programming/robotics/dummy/install_clang/serial/include/serial/v8stdint.h
[0.849s] -- Symlinking: /home/dragonblade316/Programming/robotics/dummy/install_clang/serial/share/ament_index/resource_index/package_run_dependencies/serial
[0.855s] -- Symlinking: /home/dragonblade316/Programming/robotics/dummy/install_clang/serial/share/ament_index/resource_index/parent_prefix_path/serial
[0.861s] -- Symlinking: /home/dragonblade316/Programming/robotics/dummy/install_clang/serial/share/serial/environment/ament_prefix_path.sh
[0.866s] -- Symlinking: /home/dragonblade316/Programming/robotics/dummy/install_clang/serial/share/serial/environment/ament_prefix_path.dsv
[0.871s] -- Symlinking: /home/dragonblade316/Programming/robotics/dummy/install_clang/serial/share/serial/environment/path.sh
[0.877s] -- Symlinking: /home/dragonblade316/Programming/robotics/dummy/install_clang/serial/share/serial/environment/path.dsv
[0.882s] -- Symlinking: /home/dragonblade316/Programming/robotics/dummy/install_clang/serial/share/serial/local_setup.bash
[0.887s] -- Symlinking: /home/dragonblade316/Programming/robotics/dummy/install_clang/serial/share/serial/local_setup.sh
[0.893s] -- Symlinking: /home/dragonblade316/Programming/robotics/dummy/install_clang/serial/share/serial/local_setup.zsh
[0.898s] -- Symlinking: /home/dragonblade316/Programming/robotics/dummy/install_clang/serial/share/serial/local_setup.dsv
[0.903s] -- Symlinking: /home/dragonblade316/Programming/robotics/dummy/install_clang/serial/share/serial/package.dsv
[0.908s] -- Symlinking: /home/dragonblade316/Programming/robotics/dummy/install_clang/serial/share/ament_index/resource_index/packages/serial
[0.914s] -- Symlinking: /home/dragonblade316/Programming/robotics/dummy/install_clang/serial/share/serial/cmake/ament_cmake_export_include_directories-extras.cmake
[0.920s] -- Symlinking: /home/dragonblade316/Programming/robotics/dummy/install_clang/serial/share/serial/cmake/ament_cmake_export_libraries-extras.cmake
[0.925s] -- Symlinking: /home/dragonblade316/Programming/robotics/dummy/install_clang/serial/share/serial/cmake/serialConfig.cmake
[0.931s] -- Symlinking: /home/dragonblade316/Programming/robotics/dummy/install_clang/serial/share/serial/cmake/serialConfig-version.cmake
[0.936s] -- Symlinking: /home/dragonblade316/Programming/robotics/dummy/install_clang/serial/share/serial/package.xml
[0.942s] Invoked command in '/home/dragonblade316/Programming/robotics/dummy/build_clang/serial' returned '0': CMAKE_PREFIX_PATH=/opt/ros/humble /usr/bin/cmake --install /home/dragonblade316/Programming/robotics/dummy/build_clang/serial
