[35m[1mConsolidate compiler generated dependencies of target dummy_hardware[0m
[ 50%] [32mBuilding CXX object CMakeFiles/dummy_hardware.dir/src/robot.cpp.o[0m
[1m/home/dragonblade316/Programming/robotics/dummy/dummy_hardware/src/robot.cpp:40:9: [0m[0;1;31merror: [0m[1mexpected expression[0m
        /*/**/*/
[0;1;32m               ^
[0m[1m/home/dragonblade316/Programming/robotics/dummy/dummy_hardware/src/robot.cpp:43:9: [0m[0;1;31merror: [0m[1mexpected expression[0m
        /*/**/*/
[0;1;32m               ^
[0m[1m/home/dragonblade316/Programming/robotics/dummy/dummy_hardware/src/robot.cpp:46:2: [0m[0;1;31merror: [0m[1mexpected expression[0m
        return CallbackReturn::SUCCESS;
[0;1;32m        ^
[0m[1m/home/dragonblade316/Programming/robotics/dummy/dummy_hardware/src/robot.cpp:65:74: [0m[0;1;35mwarning: [0m[1munused parameter 'time' [-Wunused-parameter][0m
hardware_interface::return_type DummyHardware::read(const rclcpp::Time & time, const rclcpp::Duration & period) {
[0;1;32m                                                                         ^
[0m[1m/home/dragonblade316/Programming/robotics/dummy/dummy_hardware/src/robot.cpp:65:105: [0m[0;1;35mwarning: [0m[1munused parameter 'period' [-Wunused-parameter][0m
hardware_interface::return_type DummyHardware::read(const rclcpp::Time & time, const rclcpp::Duration & period) {
[0;1;32m                                                                                                        ^
[0m[1m/home/dragonblade316/Programming/robotics/dummy/dummy_hardware/src/robot.cpp:69:75: [0m[0;1;35mwarning: [0m[1munused parameter 'time' [-Wunused-parameter][0m
hardware_interface::return_type DummyHardware::write(const rclcpp::Time & time, const rclcpp::Duration & period) {
[0;1;32m                                                                          ^
[0m[1m/home/dragonblade316/Programming/robotics/dummy/dummy_hardware/src/robot.cpp:69:106: [0m[0;1;35mwarning: [0m[1munused parameter 'period' [-Wunused-parameter][0m
hardware_interface::return_type DummyHardware::write(const rclcpp::Time & time, const rclcpp::Duration & period) {
[0;1;32m                                                                                                         ^
[0m4 warnings and 3 errors generated.
gmake[2]: *** [CMakeFiles/dummy_hardware.dir/build.make:76: CMakeFiles/dummy_hardware.dir/src/robot.cpp.o] Error 1
gmake[1]: *** [CMakeFiles/Makefile2:137: CMakeFiles/dummy_hardware.dir/all] Error 2
gmake: *** [Makefile:146: all] Error 2
