[0.019s] Invoking command in '/home/dragonblade316/Programming/robotics/dummy/build_clang/dummy_bringup': CMAKE_PREFIX_PATH=/opt/ros/humble /usr/bin/cmake --build /home/dragonblade316/Programming/robotics/dummy/build_clang/dummy_bringup -- -j20 -l20
[0.180s] Invoked command in '/home/dragonblade316/Programming/robotics/dummy/build_clang/dummy_bringup' returned '0': CMAKE_PREFIX_PATH=/opt/ros/humble /usr/bin/cmake --build /home/dragonblade316/Programming/robotics/dummy/build_clang/dummy_bringup -- -j20 -l20
[0.181s] Invoking command in '/home/dragonblade316/Programming/robotics/dummy/build_clang/dummy_bringup': CMAKE_PREFIX_PATH=/opt/ros/humble /usr/bin/cmake --install /home/dragonblade316/Programming/robotics/dummy/build_clang/dummy_bringup
[0.190s] -- Install configuration: ""
[0.190s] -- Execute custom install script
[0.190s] -- Up-to-date symlink: /home/dragonblade316/Programming/robotics/dummy/install_clang/dummy_bringup/share/dummy_bringup/launch/control.launch.py
[0.190s] -- Up-to-date symlink: /home/dragonblade316/Programming/robotics/dummy/install_clang/dummy_bringup/share/dummy_bringup/launch/controller.launch.py
[0.191s] -- Up-to-date symlink: /home/dragonblade316/Programming/robotics/dummy/install_clang/dummy_bringup/share/dummy_bringup/launch/moveit.launch.py
[0.192s] -- Up-to-date symlink: /home/dragonblade316/Programming/robotics/dummy/install_clang/dummy_bringup/share/dummy_bringup/config/config.rviz
[0.192s] -- Up-to-date symlink: /home/dragonblade316/Programming/robotics/dummy/install_clang/dummy_bringup/share/ament_index/resource_index/package_run_dependencies/dummy_bringup
[0.192s] -- Up-to-date symlink: /home/dragonblade316/Programming/robotics/dummy/install_clang/dummy_bringup/share/ament_index/resource_index/parent_prefix_path/dummy_bringup
[0.192s] -- Up-to-date symlink: /home/dragonblade316/Programming/robotics/dummy/install_clang/dummy_bringup/share/dummy_bringup/environment/ament_prefix_path.sh
[0.192s] -- Up-to-date symlink: /home/dragonblade316/Programming/robotics/dummy/install_clang/dummy_bringup/share/dummy_bringup/environment/ament_prefix_path.dsv
[0.192s] -- Up-to-date symlink: /home/dragonblade316/Programming/robotics/dummy/install_clang/dummy_bringup/share/dummy_bringup/environment/path.sh
[0.192s] -- Up-to-date symlink: /home/dragonblade316/Programming/robotics/dummy/install_clang/dummy_bringup/share/dummy_bringup/environment/path.dsv
[0.192s] -- Up-to-date symlink: /home/dragonblade316/Programming/robotics/dummy/install_clang/dummy_bringup/share/dummy_bringup/local_setup.bash
[0.192s] -- Up-to-date symlink: /home/dragonblade316/Programming/robotics/dummy/install_clang/dummy_bringup/share/dummy_bringup/local_setup.sh
[0.192s] -- Up-to-date symlink: /home/dragonblade316/Programming/robotics/dummy/install_clang/dummy_bringup/share/dummy_bringup/local_setup.zsh
[0.192s] -- Up-to-date symlink: /home/dragonblade316/Programming/robotics/dummy/install_clang/dummy_bringup/share/dummy_bringup/local_setup.dsv
[0.192s] -- Symlinking: /home/dragonblade316/Programming/robotics/dummy/install_clang/dummy_bringup/share/dummy_bringup/package.dsv
[0.193s] -- Up-to-date symlink: /home/dragonblade316/Programming/robotics/dummy/install_clang/dummy_bringup/share/ament_index/resource_index/packages/dummy_bringup
[0.193s] -- Up-to-date symlink: /home/dragonblade316/Programming/robotics/dummy/install_clang/dummy_bringup/share/dummy_bringup/cmake/dummy_bringupConfig.cmake
[0.193s] -- Up-to-date symlink: /home/dragonblade316/Programming/robotics/dummy/install_clang/dummy_bringup/share/dummy_bringup/cmake/dummy_bringupConfig-version.cmake
[0.193s] -- Up-to-date symlink: /home/dragonblade316/Programming/robotics/dummy/install_clang/dummy_bringup/share/dummy_bringup/package.xml
[0.215s] Invoked command in '/home/dragonblade316/Programming/robotics/dummy/build_clang/dummy_bringup' returned '0': CMAKE_PREFIX_PATH=/opt/ros/humble /usr/bin/cmake --install /home/dragonblade316/Programming/robotics/dummy/build_clang/dummy_bringup
