[0.013s] Invoking command in '/home/dragonblade316/Programming/robotics/dummy/build_clang/dummy_motion': CMAKE_PREFIX_PATH=/opt/ros/humble /usr/bin/cmake /home/dragonblade316/Programming/robotics/dummy/dummy_motion -DCMAKE_EXPORT_COMPILE_COMMANDS=ON -DAMENT_CMAKE_SYMLINK_INSTALL=1 -DCMAKE_INSTALL_PREFIX=/home/dragonblade316/Programming/robotics/dummy/install_clang/dummy_motion
[0.059s] -- The C compiler identification is Clang 14.0.0
[0.130s] -- The CXX compiler identification is Clang 14.0.0
[0.133s] -- Detecting C compiler ABI info
[0.194s] -- Detecting C compiler ABI info - done
[0.198s] -- Check for working C compiler: /usr/bin/clang - skipped
[0.199s] -- Detecting C compile features
[0.199s] -- Detecting C compile features - done
[0.202s] -- Detecting CXX compiler ABI info
[0.280s] -- Detecting CXX compiler ABI info - done
[0.283s] -- Check for working CXX compiler: /usr/bin/clang++ - skipped
[0.283s] -- Detecting CXX compile features
[0.283s] -- Detecting CXX compile features - done
[0.285s] -- Found ament_cmake: 1.3.11 (/opt/ros/humble/share/ament_cmake/cmake)
[0.380s] -- Found Python3: /usr/bin/python3 (found version "3.10.12") found components: Interpreter 
[0.429s] -- Override CMake install command with custom implementation using symlinks instead of copying resources
[0.455s] -- Found ament_lint_auto: 0.12.11 (/opt/ros/humble/share/ament_lint_auto/cmake)
[0.499s] -- Added test 'lint_cmake' to check CMake code style
[0.499s] -- Added test 'xmllint' to check XML markup files
[0.500s] -- Configuring done
[0.501s] -- Generating done
[0.502s] [33mCMake Warning:
[0.502s]   Manually-specified variables were not used by the project:
[0.502s] 
[0.502s]     CMAKE_EXPORT_COMPILE_COMMANDS
[0.502s] 
[0.502s] [0m
[0.502s] -- Build files have been written to: /home/dragonblade316/Programming/robotics/dummy/build_clang/dummy_motion
[0.504s] Invoked command in '/home/dragonblade316/Programming/robotics/dummy/build_clang/dummy_motion' returned '0': CMAKE_PREFIX_PATH=/opt/ros/humble /usr/bin/cmake /home/dragonblade316/Programming/robotics/dummy/dummy_motion -DCMAKE_EXPORT_COMPILE_COMMANDS=ON -DAMENT_CMAKE_SYMLINK_INSTALL=1 -DCMAKE_INSTALL_PREFIX=/home/dragonblade316/Programming/robotics/dummy/install_clang/dummy_motion
[0.505s] Invoking command in '/home/dragonblade316/Programming/robotics/dummy/build_clang/dummy_motion': CMAKE_PREFIX_PATH=/opt/ros/humble /usr/bin/cmake --build /home/dragonblade316/Programming/robotics/dummy/build_clang/dummy_motion -- -j20 -l20
[0.537s] Invoked command in '/home/dragonblade316/Programming/robotics/dummy/build_clang/dummy_motion' returned '0': CMAKE_PREFIX_PATH=/opt/ros/humble /usr/bin/cmake --build /home/dragonblade316/Programming/robotics/dummy/build_clang/dummy_motion -- -j20 -l20
[0.538s] Invoking command in '/home/dragonblade316/Programming/robotics/dummy/build_clang/dummy_motion': CMAKE_PREFIX_PATH=/opt/ros/humble /usr/bin/cmake --install /home/dragonblade316/Programming/robotics/dummy/build_clang/dummy_motion
[0.542s] -- Install configuration: ""
[0.543s] -- Execute custom install script
[0.543s] -- Symlinking: /home/dragonblade316/Programming/robotics/dummy/install_clang/dummy_motion/share/ament_index/resource_index/package_run_dependencies/dummy_motion
[0.547s] -- Symlinking: /home/dragonblade316/Programming/robotics/dummy/install_clang/dummy_motion/share/ament_index/resource_index/parent_prefix_path/dummy_motion
[0.551s] -- Symlinking: /home/dragonblade316/Programming/robotics/dummy/install_clang/dummy_motion/share/dummy_motion/environment/ament_prefix_path.sh
[0.558s] -- Symlinking: /home/dragonblade316/Programming/robotics/dummy/install_clang/dummy_motion/share/dummy_motion/environment/ament_prefix_path.dsv
[0.562s] -- Symlinking: /home/dragonblade316/Programming/robotics/dummy/install_clang/dummy_motion/share/dummy_motion/environment/path.sh
[0.566s] -- Symlinking: /home/dragonblade316/Programming/robotics/dummy/install_clang/dummy_motion/share/dummy_motion/environment/path.dsv
[0.573s] -- Symlinking: /home/dragonblade316/Programming/robotics/dummy/install_clang/dummy_motion/share/dummy_motion/local_setup.bash
[0.577s] -- Symlinking: /home/dragonblade316/Programming/robotics/dummy/install_clang/dummy_motion/share/dummy_motion/local_setup.sh
[0.582s] -- Symlinking: /home/dragonblade316/Programming/robotics/dummy/install_clang/dummy_motion/share/dummy_motion/local_setup.zsh
[0.588s] -- Symlinking: /home/dragonblade316/Programming/robotics/dummy/install_clang/dummy_motion/share/dummy_motion/local_setup.dsv
[0.593s] -- Symlinking: /home/dragonblade316/Programming/robotics/dummy/install_clang/dummy_motion/share/dummy_motion/package.dsv
[0.597s] -- Symlinking: /home/dragonblade316/Programming/robotics/dummy/install_clang/dummy_motion/share/ament_index/resource_index/packages/dummy_motion
[0.603s] -- Symlinking: /home/dragonblade316/Programming/robotics/dummy/install_clang/dummy_motion/share/dummy_motion/cmake/dummy_motionConfig.cmake
[0.607s] -- Symlinking: /home/dragonblade316/Programming/robotics/dummy/install_clang/dummy_motion/share/dummy_motion/cmake/dummy_motionConfig-version.cmake
[0.612s] -- Symlinking: /home/dragonblade316/Programming/robotics/dummy/install_clang/dummy_motion/share/dummy_motion/package.xml
[0.620s] Invoked command in '/home/dragonblade316/Programming/robotics/dummy/build_clang/dummy_motion' returned '0': CMAKE_PREFIX_PATH=/opt/ros/humble /usr/bin/cmake --install /home/dragonblade316/Programming/robotics/dummy/build_clang/dummy_motion
