[0.013s] Invoking command in '/home/dragonblade316/Programming/robotics/dummy/build_clang/dummy_joy_control': CMAKE_PREFIX_PATH=/opt/ros/humble /usr/bin/cmake /home/dragonblade316/Programming/robotics/dummy/dummy_joy_control -DCMAKE_EXPORT_COMPILE_COMMANDS=ON -DAMENT_CMAKE_SYMLINK_INSTALL=1 -DCMAKE_INSTALL_PREFIX=/home/dragonblade316/Programming/robotics/dummy/install_clang/dummy_joy_control
[0.064s] -- The C compiler identification is Clang 14.0.0
[0.133s] -- The CXX compiler identification is Clang 14.0.0
[0.138s] -- Detecting C compiler ABI info
[0.202s] -- Detecting C compiler ABI info - done
[0.207s] -- Check for working C compiler: /usr/bin/clang - skipped
[0.207s] -- Detecting C compile features
[0.207s] -- Detecting C compile features - done
[0.209s] -- Detecting CXX compiler ABI info
[0.290s] -- Detecting CXX compiler ABI info - done
[0.295s] -- Check for working CXX compiler: /usr/bin/clang++ - skipped
[0.296s] -- Detecting CXX compile features
[0.296s] -- Detecting CXX compile features - done
[0.299s] -- Found ament_cmake: 1.3.11 (/opt/ros/humble/share/ament_cmake/cmake)
[0.396s] -- Found Python3: /usr/bin/python3 (found version "3.10.12") found components: Interpreter 
[0.430s] -- Override CMake install command with custom implementation using symlinks instead of copying resources
[0.453s] -- Found ament_lint_auto: 0.12.11 (/opt/ros/humble/share/ament_lint_auto/cmake)
[0.494s] -- Found rclcpp: 16.0.11 (/opt/ros/humble/share/rclcpp/cmake)
[0.521s] -- Found rosidl_generator_c: 3.1.6 (/opt/ros/humble/share/rosidl_generator_c/cmake)
[0.524s] -- Found rosidl_adapter: 3.1.6 (/opt/ros/humble/share/rosidl_adapter/cmake)
[0.530s] -- Found rosidl_generator_cpp: 3.1.6 (/opt/ros/humble/share/rosidl_generator_cpp/cmake)
[0.538s] -- Using all available rosidl_typesupport_c: rosidl_typesupport_fastrtps_c;rosidl_typesupport_introspection_c
[0.547s] -- Using all available rosidl_typesupport_cpp: rosidl_typesupport_fastrtps_cpp;rosidl_typesupport_introspection_cpp
[0.584s] -- Found rmw_implementation_cmake: 6.1.2 (/opt/ros/humble/share/rmw_implementation_cmake/cmake)
[0.587s] -- Found rmw_fastrtps_cpp: 6.2.7 (/opt/ros/humble/share/rmw_fastrtps_cpp/cmake)
[0.646s] -- Found OpenSSL: /usr/lib/x86_64-linux-gnu/libcrypto.so (found version "3.0.2")  
[0.664s] -- Found FastRTPS: /opt/ros/humble/include  
[0.695s] -- Using RMW implementation 'rmw_fastrtps_cpp' as default
[0.701s] -- Looking for pthread.h
[0.773s] -- Looking for pthread.h - found
[0.773s] -- Performing Test CMAKE_HAVE_LIBC_PTHREAD
[0.835s] -- Performing Test CMAKE_HAVE_LIBC_PTHREAD - Success
[0.836s] -- Found Threads: TRUE  
[0.865s] -- Found geometry_msgs: 4.2.4 (/opt/ros/humble/share/geometry_msgs/cmake)
[0.873s] -- Found sensor_msgs: 4.2.4 (/opt/ros/humble/share/sensor_msgs/cmake)
[0.886s] -- Added test 'cppcheck' to perform static code analysis on C / C++ code
[0.886s] -- Configured cppcheck include dirs: 
[0.886s] -- Configured cppcheck exclude dirs and/or files: 
[0.886s] -- Added test 'flake8' to check Python code syntax and style conventions
[0.887s] -- Added test 'lint_cmake' to check CMake code style
[0.887s] -- Added test 'pep257' to check Python code against some of the docstring style conventions in PEP 257
[0.889s] -- Added test 'uncrustify' to check C / C++ code style
[0.889s] -- Configured uncrustify additional arguments: 
[0.889s] -- Added test 'xmllint' to check XML markup files
[0.890s] -- Configuring done
[0.895s] -- Generating done
[0.897s] -- Build files have been written to: /home/dragonblade316/Programming/robotics/dummy/build_clang/dummy_joy_control
[0.902s] Invoked command in '/home/dragonblade316/Programming/robotics/dummy/build_clang/dummy_joy_control' returned '0': CMAKE_PREFIX_PATH=/opt/ros/humble /usr/bin/cmake /home/dragonblade316/Programming/robotics/dummy/dummy_joy_control -DCMAKE_EXPORT_COMPILE_COMMANDS=ON -DAMENT_CMAKE_SYMLINK_INSTALL=1 -DCMAKE_INSTALL_PREFIX=/home/dragonblade316/Programming/robotics/dummy/install_clang/dummy_joy_control
[0.903s] Invoking command in '/home/dragonblade316/Programming/robotics/dummy/build_clang/dummy_joy_control': CMAKE_PREFIX_PATH=/opt/ros/humble /usr/bin/cmake --build /home/dragonblade316/Programming/robotics/dummy/build_clang/dummy_joy_control -- -j20 -l20
[0.934s] [ 50%] [32mBuilding CXX object CMakeFiles/controller.dir/src/main.cpp.o[0m
[2.791s] [1m/home/dragonblade316/Programming/robotics/dummy/dummy_joy_control/src/main.cpp:74:10: [0m[0;1;35mwarning: [0m[1mprivate field 'count_' is not used [-Wunused-private-field][0m
[2.791s]   size_t count_;
[2.791s] [0;1;32m         ^
[3.511s] [0m1 warning generated.
[3.523s] [100%] [32m[1mLinking CXX executable controller[0m
[3.711s] [100%] Built target controller
[3.719s] Invoked command in '/home/dragonblade316/Programming/robotics/dummy/build_clang/dummy_joy_control' returned '0': CMAKE_PREFIX_PATH=/opt/ros/humble /usr/bin/cmake --build /home/dragonblade316/Programming/robotics/dummy/build_clang/dummy_joy_control -- -j20 -l20
[3.719s] Invoking command in '/home/dragonblade316/Programming/robotics/dummy/build_clang/dummy_joy_control': CMAKE_PREFIX_PATH=/opt/ros/humble /usr/bin/cmake --install /home/dragonblade316/Programming/robotics/dummy/build_clang/dummy_joy_control
[3.725s] -- Install configuration: ""
[3.734s] -- Execute custom install script
[3.734s] -- Symlinking: /home/dragonblade316/Programming/robotics/dummy/install_clang/dummy_joy_control/lib/dummy_joy_control/controller
[3.738s] -- Symlinking: /home/dragonblade316/Programming/robotics/dummy/install_clang/dummy_joy_control/share/ament_index/resource_index/package_run_dependencies/dummy_joy_control
[3.744s] -- Symlinking: /home/dragonblade316/Programming/robotics/dummy/install_clang/dummy_joy_control/share/ament_index/resource_index/parent_prefix_path/dummy_joy_control
[3.748s] -- Symlinking: /home/dragonblade316/Programming/robotics/dummy/install_clang/dummy_joy_control/share/dummy_joy_control/environment/ament_prefix_path.sh
[3.753s] -- Symlinking: /home/dragonblade316/Programming/robotics/dummy/install_clang/dummy_joy_control/share/dummy_joy_control/environment/ament_prefix_path.dsv
[3.759s] -- Symlinking: /home/dragonblade316/Programming/robotics/dummy/install_clang/dummy_joy_control/share/dummy_joy_control/environment/path.sh
[3.766s] -- Symlinking: /home/dragonblade316/Programming/robotics/dummy/install_clang/dummy_joy_control/share/dummy_joy_control/environment/path.dsv
[3.772s] -- Symlinking: /home/dragonblade316/Programming/robotics/dummy/install_clang/dummy_joy_control/share/dummy_joy_control/local_setup.bash
[3.777s] -- Symlinking: /home/dragonblade316/Programming/robotics/dummy/install_clang/dummy_joy_control/share/dummy_joy_control/local_setup.sh
[3.782s] -- Symlinking: /home/dragonblade316/Programming/robotics/dummy/install_clang/dummy_joy_control/share/dummy_joy_control/local_setup.zsh
[3.787s] -- Symlinking: /home/dragonblade316/Programming/robotics/dummy/install_clang/dummy_joy_control/share/dummy_joy_control/local_setup.dsv
[3.791s] -- Symlinking: /home/dragonblade316/Programming/robotics/dummy/install_clang/dummy_joy_control/share/dummy_joy_control/package.dsv
[3.797s] -- Symlinking: /home/dragonblade316/Programming/robotics/dummy/install_clang/dummy_joy_control/share/ament_index/resource_index/packages/dummy_joy_control
[3.801s] -- Symlinking: /home/dragonblade316/Programming/robotics/dummy/install_clang/dummy_joy_control/share/dummy_joy_control/cmake/dummy_joy_controlConfig.cmake
[3.805s] -- Symlinking: /home/dragonblade316/Programming/robotics/dummy/install_clang/dummy_joy_control/share/dummy_joy_control/cmake/dummy_joy_controlConfig-version.cmake
[3.810s] -- Symlinking: /home/dragonblade316/Programming/robotics/dummy/install_clang/dummy_joy_control/share/dummy_joy_control/package.xml
[3.818s] Invoked command in '/home/dragonblade316/Programming/robotics/dummy/build_clang/dummy_joy_control' returned '0': CMAKE_PREFIX_PATH=/opt/ros/humble /usr/bin/cmake --install /home/dragonblade316/Programming/robotics/dummy/build_clang/dummy_joy_control
