[0.061s] DEBUG:colcon:Command line arguments: ['/usr/bin/colcon', 'build', '--symlink-install', '--build-base', 'build_clang', '--install-base', 'install_clang', '--cmake-args', '-DCMAKE_EXPORT_COMPILE_COMMANDS=ON']
[0.061s] DEBUG:colcon:Parsed command line arguments: Namespace(log_base=None, log_level=None, verb_name='build', build_base='/home/dragonblade316/Programming/robotics/dummy/moveit_config/build_clang', install_base='/home/dragonblade316/Programming/robotics/dummy/moveit_config/install_clang', merge_install=False, symlink_install=True, test_result_base=None, continue_on_error=False, executor='parallel', parallel_workers=20, event_handlers=None, ignore_user_meta=False, metas=['./colcon.meta'], base_paths=['.'], packages_ignore=None, packages_ignore_regex=None, paths=None, packages_up_to=None, packages_up_to_regex=None, packages_above=None, packages_above_and_dependencies=None, packages_above_depth=None, packages_select_by_dep=None, packages_skip_by_dep=None, packages_skip_up_to=None, packages_select_build_failed=False, packages_skip_build_finished=False, packages_select_test_failures=False, packages_skip_test_passed=False, packages_select=None, packages_skip=None, packages_select_regex=None, packages_skip_regex=None, packages_start=None, packages_end=None, allow_overriding=[], cmake_args=['-DCMAKE_EXPORT_COMPILE_COMMANDS=ON'], cmake_target=None, cmake_target_skip_unavailable=False, cmake_clean_cache=False, cmake_clean_first=False, cmake_force_configure=False, ament_cmake_args=None, catkin_cmake_args=None, catkin_skip_building_tests=False, mixin_files=None, mixin=None, verb_parser=<colcon_mixin.mixin.mixin_argument.MixinArgumentDecorator object at 0x741eaf355330>, verb_extension=<colcon_core.verb.build.BuildVerb object at 0x741eaf44e1d0>, main=<bound method BuildVerb.main of <colcon_core.verb.build.BuildVerb object at 0x741eaf44e1d0>>, mixin_verb=('build',))
[0.142s] Level 1:colcon.colcon_core.package_discovery:discover_packages(colcon_meta) check parameters
[0.142s] Level 1:colcon.colcon_core.package_discovery:discover_packages(recursive) check parameters
[0.142s] Level 1:colcon.colcon_core.package_discovery:discover_packages(ignore) check parameters
[0.142s] Level 1:colcon.colcon_core.package_discovery:discover_packages(path) check parameters
[0.142s] Level 1:colcon.colcon_core.package_discovery:discover_packages(colcon_meta) discover
[0.142s] Level 1:colcon.colcon_core.package_discovery:discover_packages(recursive) discover
[0.142s] INFO:colcon.colcon_core.package_discovery:Crawling recursively for packages in '/home/dragonblade316/Programming/robotics/dummy/moveit_config'
[0.142s] Level 1:colcon.colcon_core.package_identification:_identify(.) by extensions ['ignore', 'ignore_ament_install']
[0.142s] Level 1:colcon.colcon_core.package_identification:_identify(.) by extension 'ignore'
[0.142s] Level 1:colcon.colcon_core.package_identification:_identify(.) by extension 'ignore_ament_install'
[0.142s] Level 1:colcon.colcon_core.package_identification:_identify(.) by extensions ['colcon_pkg']
[0.142s] Level 1:colcon.colcon_core.package_identification:_identify(.) by extension 'colcon_pkg'
[0.142s] Level 1:colcon.colcon_core.package_identification:_identify(.) by extensions ['colcon_meta']
[0.142s] Level 1:colcon.colcon_core.package_identification:_identify(.) by extension 'colcon_meta'
[0.142s] Level 1:colcon.colcon_core.package_identification:_identify(.) by extensions ['ros']
[0.142s] Level 1:colcon.colcon_core.package_identification:_identify(.) by extension 'ros'
[0.149s] DEBUG:colcon.colcon_core.package_identification:Package '.' with type 'ros.ament_cmake' and name 'moveit_config'
[0.149s] Level 1:colcon.colcon_core.package_discovery:discover_packages(recursive) using defaults
[0.149s] Level 1:colcon.colcon_core.package_discovery:discover_packages(ignore) discover
[0.149s] Level 1:colcon.colcon_core.package_discovery:discover_packages(ignore) using defaults
[0.149s] Level 1:colcon.colcon_core.package_discovery:discover_packages(path) discover
[0.149s] Level 1:colcon.colcon_core.package_discovery:discover_packages(path) using defaults
[0.165s] Level 1:colcon.colcon_core.package_discovery:discover_packages(prefix_path) check parameters
[0.165s] Level 1:colcon.colcon_core.package_discovery:discover_packages(prefix_path) discover
[0.168s] DEBUG:colcon.colcon_installed_package_information.package_discovery:Found 52 installed packages in /home/dragonblade316/Programming/robotics/dummy/install
[0.169s] DEBUG:colcon.colcon_installed_package_information.package_discovery:Found 55 installed packages in /home/dragonblade316/Programming/robotics/dummy/install_clang
[0.171s] DEBUG:colcon.colcon_installed_package_information.package_discovery:Found 364 installed packages in /opt/ros/humble
[0.173s] Level 1:colcon.colcon_core.package_discovery:discover_packages(prefix_path) using defaults
[0.198s] Level 5:colcon.colcon_core.verb:set package 'moveit_config' build argument 'cmake_args' from command line to '['-DCMAKE_EXPORT_COMPILE_COMMANDS=ON']'
[0.198s] Level 5:colcon.colcon_core.verb:set package 'moveit_config' build argument 'cmake_target' from command line to 'None'
[0.198s] Level 5:colcon.colcon_core.verb:set package 'moveit_config' build argument 'cmake_target_skip_unavailable' from command line to 'False'
[0.198s] Level 5:colcon.colcon_core.verb:set package 'moveit_config' build argument 'cmake_clean_cache' from command line to 'False'
[0.198s] Level 5:colcon.colcon_core.verb:set package 'moveit_config' build argument 'cmake_clean_first' from command line to 'False'
[0.198s] Level 5:colcon.colcon_core.verb:set package 'moveit_config' build argument 'cmake_force_configure' from command line to 'False'
[0.198s] Level 5:colcon.colcon_core.verb:set package 'moveit_config' build argument 'ament_cmake_args' from command line to 'None'
[0.198s] Level 5:colcon.colcon_core.verb:set package 'moveit_config' build argument 'catkin_cmake_args' from command line to 'None'
[0.198s] Level 5:colcon.colcon_core.verb:set package 'moveit_config' build argument 'catkin_skip_building_tests' from command line to 'False'
[0.198s] DEBUG:colcon.colcon_core.verb:Building package 'moveit_config' with the following arguments: {'ament_cmake_args': None, 'build_base': '/home/dragonblade316/Programming/robotics/dummy/moveit_config/build_clang/moveit_config', 'catkin_cmake_args': None, 'catkin_skip_building_tests': False, 'cmake_args': ['-DCMAKE_EXPORT_COMPILE_COMMANDS=ON'], 'cmake_clean_cache': False, 'cmake_clean_first': False, 'cmake_force_configure': False, 'cmake_target': None, 'cmake_target_skip_unavailable': False, 'install_base': '/home/dragonblade316/Programming/robotics/dummy/moveit_config/install_clang/moveit_config', 'merge_install': False, 'path': '/home/dragonblade316/Programming/robotics/dummy/moveit_config', 'symlink_install': True, 'test_result_base': None}
[0.198s] INFO:colcon.colcon_core.executor:Executing jobs using 'parallel' executor
[0.199s] DEBUG:colcon.colcon_parallel_executor.executor.parallel:run_until_complete
[0.199s] INFO:colcon.colcon_ros.task.ament_cmake.build:Building ROS package in '/home/dragonblade316/Programming/robotics/dummy/moveit_config' with build type 'ament_cmake'
[0.199s] INFO:colcon.colcon_cmake.task.cmake.build:Building CMake package in '/home/dragonblade316/Programming/robotics/dummy/moveit_config'
[0.200s] INFO:colcon.colcon_core.plugin_system:Skipping extension 'colcon_core.shell.bat': Not used on non-Windows systems
[0.200s] INFO:colcon.colcon_core.shell:Skip shell extension 'powershell' for command environment: Not usable outside of PowerShell
[0.200s] DEBUG:colcon.colcon_core.shell:Skip shell extension 'dsv' for command environment
[0.210s] DEBUG:colcon.colcon_core.event_handler.log_command:Invoking command in '/home/dragonblade316/Programming/robotics/dummy/moveit_config/build_clang/moveit_config': CMAKE_PREFIX_PATH=${CMAKE_PREFIX_PATH}:/home/dragonblade316/Programming/robotics/dummy/install/moveit_configs_utils:/home/dragonblade316/Programming/robotics/dummy/install/launch_param_builder:/home/dragonblade316/Programming/robotics/dummy/install/dummy_serial:/home/dragonblade316/Programming/robotics/dummy/install_clang/moveit_configs_utils:/home/dragonblade316/Programming/robotics/dummy/install_clang/srdfdom:/home/dragonblade316/Programming/robotics/dummy/install_clang/moveit_resources_pr2_description:/home/dragonblade316/Programming/robotics/dummy/install_clang/launch_param_builder:/home/dragonblade316/Programming/robotics/dummy/install_clang/dummy_serial:/home/dragonblade316/Programming/robotics/dummy/install_clang/dummy_joy_control:/home/dragonblade316/Programming/robotics/dummy/install_clang/dummy_bringup:/opt/ros/humble /usr/bin/cmake /home/dragonblade316/Programming/robotics/dummy/moveit_config -DCMAKE_EXPORT_COMPILE_COMMANDS=ON -DAMENT_CMAKE_SYMLINK_INSTALL=1 -DCMAKE_INSTALL_PREFIX=/home/dragonblade316/Programming/robotics/dummy/moveit_config/install_clang/moveit_config
[0.814s] DEBUG:colcon.colcon_core.event_handler.log_command:Invoked command in '/home/dragonblade316/Programming/robotics/dummy/moveit_config/build_clang/moveit_config' returned '0': CMAKE_PREFIX_PATH=${CMAKE_PREFIX_PATH}:/home/dragonblade316/Programming/robotics/dummy/install/moveit_configs_utils:/home/dragonblade316/Programming/robotics/dummy/install/launch_param_builder:/home/dragonblade316/Programming/robotics/dummy/install/dummy_serial:/home/dragonblade316/Programming/robotics/dummy/install_clang/moveit_configs_utils:/home/dragonblade316/Programming/robotics/dummy/install_clang/srdfdom:/home/dragonblade316/Programming/robotics/dummy/install_clang/moveit_resources_pr2_description:/home/dragonblade316/Programming/robotics/dummy/install_clang/launch_param_builder:/home/dragonblade316/Programming/robotics/dummy/install_clang/dummy_serial:/home/dragonblade316/Programming/robotics/dummy/install_clang/dummy_joy_control:/home/dragonblade316/Programming/robotics/dummy/install_clang/dummy_bringup:/opt/ros/humble /usr/bin/cmake /home/dragonblade316/Programming/robotics/dummy/moveit_config -DCMAKE_EXPORT_COMPILE_COMMANDS=ON -DAMENT_CMAKE_SYMLINK_INSTALL=1 -DCMAKE_INSTALL_PREFIX=/home/dragonblade316/Programming/robotics/dummy/moveit_config/install_clang/moveit_config
[0.815s] DEBUG:colcon.colcon_core.event_handler.log_command:Invoking command in '/home/dragonblade316/Programming/robotics/dummy/moveit_config/build_clang/moveit_config': CMAKE_PREFIX_PATH=${CMAKE_PREFIX_PATH}:/home/dragonblade316/Programming/robotics/dummy/install/moveit_configs_utils:/home/dragonblade316/Programming/robotics/dummy/install/launch_param_builder:/home/dragonblade316/Programming/robotics/dummy/install/dummy_serial:/home/dragonblade316/Programming/robotics/dummy/install_clang/moveit_configs_utils:/home/dragonblade316/Programming/robotics/dummy/install_clang/srdfdom:/home/dragonblade316/Programming/robotics/dummy/install_clang/moveit_resources_pr2_description:/home/dragonblade316/Programming/robotics/dummy/install_clang/launch_param_builder:/home/dragonblade316/Programming/robotics/dummy/install_clang/dummy_serial:/home/dragonblade316/Programming/robotics/dummy/install_clang/dummy_joy_control:/home/dragonblade316/Programming/robotics/dummy/install_clang/dummy_bringup:/opt/ros/humble /usr/bin/cmake --build /home/dragonblade316/Programming/robotics/dummy/moveit_config/build_clang/moveit_config -- -j20 -l20
[0.853s] DEBUG:colcon.colcon_core.event_handler.log_command:Invoked command in '/home/dragonblade316/Programming/robotics/dummy/moveit_config/build_clang/moveit_config' returned '0': CMAKE_PREFIX_PATH=${CMAKE_PREFIX_PATH}:/home/dragonblade316/Programming/robotics/dummy/install/moveit_configs_utils:/home/dragonblade316/Programming/robotics/dummy/install/launch_param_builder:/home/dragonblade316/Programming/robotics/dummy/install/dummy_serial:/home/dragonblade316/Programming/robotics/dummy/install_clang/moveit_configs_utils:/home/dragonblade316/Programming/robotics/dummy/install_clang/srdfdom:/home/dragonblade316/Programming/robotics/dummy/install_clang/moveit_resources_pr2_description:/home/dragonblade316/Programming/robotics/dummy/install_clang/launch_param_builder:/home/dragonblade316/Programming/robotics/dummy/install_clang/dummy_serial:/home/dragonblade316/Programming/robotics/dummy/install_clang/dummy_joy_control:/home/dragonblade316/Programming/robotics/dummy/install_clang/dummy_bringup:/opt/ros/humble /usr/bin/cmake --build /home/dragonblade316/Programming/robotics/dummy/moveit_config/build_clang/moveit_config -- -j20 -l20
[0.865s] DEBUG:colcon.colcon_core.event_handler.log_command:Invoking command in '/home/dragonblade316/Programming/robotics/dummy/moveit_config/build_clang/moveit_config': CMAKE_PREFIX_PATH=${CMAKE_PREFIX_PATH}:/home/dragonblade316/Programming/robotics/dummy/install/moveit_configs_utils:/home/dragonblade316/Programming/robotics/dummy/install/launch_param_builder:/home/dragonblade316/Programming/robotics/dummy/install/dummy_serial:/home/dragonblade316/Programming/robotics/dummy/install_clang/moveit_configs_utils:/home/dragonblade316/Programming/robotics/dummy/install_clang/srdfdom:/home/dragonblade316/Programming/robotics/dummy/install_clang/moveit_resources_pr2_description:/home/dragonblade316/Programming/robotics/dummy/install_clang/launch_param_builder:/home/dragonblade316/Programming/robotics/dummy/install_clang/dummy_serial:/home/dragonblade316/Programming/robotics/dummy/install_clang/dummy_joy_control:/home/dragonblade316/Programming/robotics/dummy/install_clang/dummy_bringup:/opt/ros/humble /usr/bin/cmake --install /home/dragonblade316/Programming/robotics/dummy/moveit_config/build_clang/moveit_config
[1.135s] Level 1:colcon.colcon_core.environment:create_environment_scripts_only(moveit_config)
[1.136s] DEBUG:colcon.colcon_core.event_handler.log_command:Invoked command in '/home/dragonblade316/Programming/robotics/dummy/moveit_config/build_clang/moveit_config' returned '0': CMAKE_PREFIX_PATH=${CMAKE_PREFIX_PATH}:/home/dragonblade316/Programming/robotics/dummy/install/moveit_configs_utils:/home/dragonblade316/Programming/robotics/dummy/install/launch_param_builder:/home/dragonblade316/Programming/robotics/dummy/install/dummy_serial:/home/dragonblade316/Programming/robotics/dummy/install_clang/moveit_configs_utils:/home/dragonblade316/Programming/robotics/dummy/install_clang/srdfdom:/home/dragonblade316/Programming/robotics/dummy/install_clang/moveit_resources_pr2_description:/home/dragonblade316/Programming/robotics/dummy/install_clang/launch_param_builder:/home/dragonblade316/Programming/robotics/dummy/install_clang/dummy_serial:/home/dragonblade316/Programming/robotics/dummy/install_clang/dummy_joy_control:/home/dragonblade316/Programming/robotics/dummy/install_clang/dummy_bringup:/opt/ros/humble /usr/bin/cmake --install /home/dragonblade316/Programming/robotics/dummy/moveit_config/build_clang/moveit_config
[1.138s] Level 1:colcon.colcon_core.environment:checking '/home/dragonblade316/Programming/robotics/dummy/moveit_config/install_clang/moveit_config' for CMake module files
[1.138s] Level 1:colcon.colcon_core.environment:checking '/home/dragonblade316/Programming/robotics/dummy/moveit_config/install_clang/moveit_config' for CMake config files
[1.139s] Level 1:colcon.colcon_core.shell:create_environment_hook('moveit_config', 'cmake_prefix_path')
[1.139s] INFO:colcon.colcon_core.shell:Creating environment hook '/home/dragonblade316/Programming/robotics/dummy/moveit_config/install_clang/moveit_config/share/moveit_config/hook/cmake_prefix_path.ps1'
[1.139s] INFO:colcon.colcon_core.shell:Creating environment descriptor '/home/dragonblade316/Programming/robotics/dummy/moveit_config/install_clang/moveit_config/share/moveit_config/hook/cmake_prefix_path.dsv'
[1.139s] INFO:colcon.colcon_core.shell:Creating environment hook '/home/dragonblade316/Programming/robotics/dummy/moveit_config/install_clang/moveit_config/share/moveit_config/hook/cmake_prefix_path.sh'
[1.140s] Level 1:colcon.colcon_core.environment:checking '/home/dragonblade316/Programming/robotics/dummy/moveit_config/install_clang/moveit_config/bin'
[1.140s] Level 1:colcon.colcon_core.environment:checking '/home/dragonblade316/Programming/robotics/dummy/moveit_config/install_clang/moveit_config/lib/pkgconfig/moveit_config.pc'
[1.140s] Level 1:colcon.colcon_core.environment:checking '/home/dragonblade316/Programming/robotics/dummy/moveit_config/install_clang/moveit_config/lib/python3.10/site-packages'
[1.140s] Level 1:colcon.colcon_core.environment:checking '/home/dragonblade316/Programming/robotics/dummy/moveit_config/install_clang/moveit_config/bin'
[1.140s] INFO:colcon.colcon_core.shell:Creating package script '/home/dragonblade316/Programming/robotics/dummy/moveit_config/install_clang/moveit_config/share/moveit_config/package.ps1'
[1.141s] INFO:colcon.colcon_core.shell:Creating package descriptor '/home/dragonblade316/Programming/robotics/dummy/moveit_config/install_clang/moveit_config/share/moveit_config/package.dsv'
[1.141s] INFO:colcon.colcon_core.shell:Creating package script '/home/dragonblade316/Programming/robotics/dummy/moveit_config/install_clang/moveit_config/share/moveit_config/package.sh'
[1.141s] INFO:colcon.colcon_core.shell:Creating package script '/home/dragonblade316/Programming/robotics/dummy/moveit_config/install_clang/moveit_config/share/moveit_config/package.bash'
[1.141s] INFO:colcon.colcon_core.shell:Creating package script '/home/dragonblade316/Programming/robotics/dummy/moveit_config/install_clang/moveit_config/share/moveit_config/package.zsh'
[1.142s] Level 1:colcon.colcon_core.environment:create_file_with_runtime_dependencies(/home/dragonblade316/Programming/robotics/dummy/moveit_config/install_clang/moveit_config/share/colcon-core/packages/moveit_config)
[1.142s] Level 1:colcon.colcon_core.environment:create_environment_scripts_only(moveit_config)
[1.142s] Level 1:colcon.colcon_core.environment:checking '/home/dragonblade316/Programming/robotics/dummy/moveit_config/install_clang/moveit_config' for CMake module files
[1.142s] Level 1:colcon.colcon_core.environment:checking '/home/dragonblade316/Programming/robotics/dummy/moveit_config/install_clang/moveit_config' for CMake config files
[1.142s] Level 1:colcon.colcon_core.shell:create_environment_hook('moveit_config', 'cmake_prefix_path')
[1.143s] INFO:colcon.colcon_core.shell:Creating environment hook '/home/dragonblade316/Programming/robotics/dummy/moveit_config/install_clang/moveit_config/share/moveit_config/hook/cmake_prefix_path.ps1'
[1.143s] INFO:colcon.colcon_core.shell:Creating environment descriptor '/home/dragonblade316/Programming/robotics/dummy/moveit_config/install_clang/moveit_config/share/moveit_config/hook/cmake_prefix_path.dsv'
[1.143s] INFO:colcon.colcon_core.shell:Creating environment hook '/home/dragonblade316/Programming/robotics/dummy/moveit_config/install_clang/moveit_config/share/moveit_config/hook/cmake_prefix_path.sh'
[1.143s] Level 1:colcon.colcon_core.environment:checking '/home/dragonblade316/Programming/robotics/dummy/moveit_config/install_clang/moveit_config/bin'
[1.143s] Level 1:colcon.colcon_core.environment:checking '/home/dragonblade316/Programming/robotics/dummy/moveit_config/install_clang/moveit_config/lib/pkgconfig/moveit_config.pc'
[1.143s] Level 1:colcon.colcon_core.environment:checking '/home/dragonblade316/Programming/robotics/dummy/moveit_config/install_clang/moveit_config/lib/python3.10/site-packages'
[1.143s] Level 1:colcon.colcon_core.environment:checking '/home/dragonblade316/Programming/robotics/dummy/moveit_config/install_clang/moveit_config/bin'
[1.143s] INFO:colcon.colcon_core.shell:Creating package script '/home/dragonblade316/Programming/robotics/dummy/moveit_config/install_clang/moveit_config/share/moveit_config/package.ps1'
[1.144s] INFO:colcon.colcon_core.shell:Creating package descriptor '/home/dragonblade316/Programming/robotics/dummy/moveit_config/install_clang/moveit_config/share/moveit_config/package.dsv'
[1.144s] INFO:colcon.colcon_core.shell:Creating package script '/home/dragonblade316/Programming/robotics/dummy/moveit_config/install_clang/moveit_config/share/moveit_config/package.sh'
[1.144s] INFO:colcon.colcon_core.shell:Creating package script '/home/dragonblade316/Programming/robotics/dummy/moveit_config/install_clang/moveit_config/share/moveit_config/package.bash'
[1.144s] INFO:colcon.colcon_core.shell:Creating package script '/home/dragonblade316/Programming/robotics/dummy/moveit_config/install_clang/moveit_config/share/moveit_config/package.zsh'
[1.144s] Level 1:colcon.colcon_core.environment:create_file_with_runtime_dependencies(/home/dragonblade316/Programming/robotics/dummy/moveit_config/install_clang/moveit_config/share/colcon-core/packages/moveit_config)
[1.144s] DEBUG:colcon.colcon_parallel_executor.executor.parallel:closing loop
[1.147s] DEBUG:colcon.colcon_parallel_executor.executor.parallel:loop closed
[1.147s] DEBUG:colcon.colcon_parallel_executor.executor.parallel:run_until_complete finished with '0'
[1.147s] DEBUG:colcon.colcon_core.event_reactor:joining thread
[1.150s] INFO:colcon.colcon_core.plugin_system:Skipping extension 'colcon_notification.desktop_notification.terminal_notifier': Not used on non-Darwin systems
[1.150s] INFO:colcon.colcon_core.plugin_system:Skipping extension 'colcon_notification.desktop_notification.win32': Not used on non-Windows systems
[1.150s] INFO:colcon.colcon_notification.desktop_notification:Sending desktop notification using 'notify2'
[1.156s] DEBUG:colcon.colcon_core.event_reactor:joined thread
[1.156s] INFO:colcon.colcon_core.shell:Creating prefix script '/home/dragonblade316/Programming/robotics/dummy/moveit_config/install_clang/local_setup.ps1'
[1.157s] INFO:colcon.colcon_core.shell:Creating prefix util module '/home/dragonblade316/Programming/robotics/dummy/moveit_config/install_clang/_local_setup_util_ps1.py'
[1.157s] INFO:colcon.colcon_core.shell:Creating prefix chain script '/home/dragonblade316/Programming/robotics/dummy/moveit_config/install_clang/setup.ps1'
[1.159s] INFO:colcon.colcon_core.shell:Creating prefix script '/home/dragonblade316/Programming/robotics/dummy/moveit_config/install_clang/local_setup.sh'
[1.160s] INFO:colcon.colcon_core.shell:Creating prefix util module '/home/dragonblade316/Programming/robotics/dummy/moveit_config/install_clang/_local_setup_util_sh.py'
[1.160s] INFO:colcon.colcon_core.shell:Creating prefix chain script '/home/dragonblade316/Programming/robotics/dummy/moveit_config/install_clang/setup.sh'
[1.162s] INFO:colcon.colcon_core.shell:Creating prefix script '/home/dragonblade316/Programming/robotics/dummy/moveit_config/install_clang/local_setup.bash'
[1.162s] INFO:colcon.colcon_core.shell:Creating prefix chain script '/home/dragonblade316/Programming/robotics/dummy/moveit_config/install_clang/setup.bash'
[1.164s] INFO:colcon.colcon_core.shell:Creating prefix script '/home/dragonblade316/Programming/robotics/dummy/moveit_config/install_clang/local_setup.zsh'
[1.164s] INFO:colcon.colcon_core.shell:Creating prefix chain script '/home/dragonblade316/Programming/robotics/dummy/moveit_config/install_clang/setup.zsh'
