[0.018s] Invoking command in '/home/dragonblade316/Programming/robotics/dummy/build_clang/dummy_bringup': CMAKE_PREFIX_PATH=${CMAKE_PREFIX_PATH}:/home/dragonblade316/Programming/robotics/dummy/install/moveit_configs_utils:/home/dragonblade316/Programming/robotics/dummy/install/launch_param_builder:/home/dragonblade316/Programming/robotics/dummy/install/dummy_serial:/home/dragonblade316/Programming/robotics/dummy/install_clang/moveit_configs_utils:/home/dragonblade316/Programming/robotics/dummy/install_clang/launch_param_builder:/home/dragonblade316/Programming/robotics/dummy/install_clang/dummy_serial:/opt/ros/humble /usr/bin/cmake /home/dragonblade316/Programming/robotics/dummy/dummy_bringup -DCMAKE_EXPORT_COMPILE_COMMANDS=ON -DAMENT_CMAKE_SYMLINK_INSTALL=1 -DCMAKE_INSTALL_PREFIX=/home/dragonblade316/Programming/robotics/dummy/install_clang/dummy_bringup
[0.079s] -- The C compiler identification is Clang 14.0.0
[0.146s] -- The CXX compiler identification is Clang 14.0.0
[0.152s] -- Detecting C compiler ABI info
[0.232s] -- Detecting C compiler ABI info - done
[0.236s] -- Check for working C compiler: /usr/bin/clang - skipped
[0.236s] -- Detecting C compile features
[0.236s] -- Detecting C compile features - done
[0.238s] -- Detecting CXX compiler ABI info
[0.322s] -- Detecting CXX compiler ABI info - done
[0.328s] -- Check for working CXX compiler: /usr/bin/clang++ - skipped
[0.328s] -- Detecting CXX compile features
[0.328s] -- Detecting CXX compile features - done
[0.330s] -- Found ament_cmake: 1.3.11 (/opt/ros/humble/share/ament_cmake/cmake)
[0.469s] -- Found Python3: /usr/bin/python3 (found version "3.10.12") found components: Interpreter 
[0.506s] -- Override CMake install command with custom implementation using symlinks instead of copying resources
[0.536s] -- Found ament_lint_auto: 0.12.11 (/opt/ros/humble/share/ament_lint_auto/cmake)
[0.585s] -- Added test 'flake8' to check Python code syntax and style conventions
[0.586s] -- Added test 'lint_cmake' to check CMake code style
[0.586s] -- Added test 'pep257' to check Python code against some of the docstring style conventions in PEP 257
[0.588s] -- Added test 'xmllint' to check XML markup files
[0.590s] -- Configuring done
[0.592s] -- Generating done
[0.592s] [33mCMake Warning:
[0.592s]   Manually-specified variables were not used by the project:
[0.592s] 
[0.592s]     CMAKE_EXPORT_COMPILE_COMMANDS
[0.592s] 
[0.592s] [0m
[0.592s] -- Build files have been written to: /home/dragonblade316/Programming/robotics/dummy/build_clang/dummy_bringup
