[0.015s] Invoking command in '/home/dragonblade316/Programming/robotics/dummy/build_clang/dummy_hardware': CMAKE_PREFIX_PATH=${CMAKE_PREFIX_PATH}:/opt/ros/humble:/home/dragonblade316/Programming/robotics/dummy/install_clang/dummy_serial:/home/dragonblade316/Programming/robotics/dummy/install_clang/dummy_motion:/home/dragonblade316/Programming/robotics/dummy/install_clang/dummy_description:/home/dragonblade316/Programming/robotics/dummy/install_clang/dummy_controller:/home/dragonblade316/Programming/robotics/dummy/install_clang/dummy_bringup /usr/bin/cmake --build /home/dragonblade316/Programming/robotics/dummy/build_clang/dummy_hardware -- -j20 -l20
[0.030s] -- Found ament_cmake: 1.3.11 (/opt/ros/humble/share/ament_cmake/cmake)
[0.100s] -- Override CMake install command with custom implementation using symlinks instead of copying resources
[0.108s] -- Found rclcpp: 16.0.11 (/opt/ros/humble/share/rclcpp/cmake)
[0.146s] -- Found rosidl_generator_c: 3.1.6 (/opt/ros/humble/share/rosidl_generator_c/cmake)
[0.148s] -- Found rosidl_adapter: 3.1.6 (/opt/ros/humble/share/rosidl_adapter/cmake)
[0.151s] -- Found rosidl_generator_cpp: 3.1.6 (/opt/ros/humble/share/rosidl_generator_cpp/cmake)
[0.158s] -- Using all available rosidl_typesupport_c: rosidl_typesupport_fastrtps_c;rosidl_typesupport_introspection_c
[0.169s] -- Using all available rosidl_typesupport_cpp: rosidl_typesupport_fastrtps_cpp;rosidl_typesupport_introspection_cpp
[0.196s] -- Found rmw_implementation_cmake: 6.1.2 (/opt/ros/humble/share/rmw_implementation_cmake/cmake)
[0.198s] -- Found rmw_fastrtps_cpp: 6.2.7 (/opt/ros/humble/share/rmw_fastrtps_cpp/cmake)
[0.297s] -- Using RMW implementation 'rmw_fastrtps_cpp' as default
[0.332s] -- Found rclcpp_lifecycle: 16.0.11 (/opt/ros/humble/share/rclcpp_lifecycle/cmake)
[0.342s] -- Found hardware_interface: 2.46.0 (/opt/ros/humble/share/hardware_interface/cmake)
[0.422s] -- Found ament_lint_auto: 0.12.11 (/opt/ros/humble/share/ament_lint_auto/cmake)
[0.459s] -- Added test 'cppcheck' to perform static code analysis on C / C++ code
[0.459s] -- Configured cppcheck include dirs: /home/dragonblade316/Programming/robotics/dummy/dummy_hardware/./include/hardware
[0.459s] -- Configured cppcheck exclude dirs and/or files: 
[0.459s] -- Added test 'lint_cmake' to check CMake code style
[0.460s] -- Added test 'uncrustify' to check C / C++ code style
[0.460s] -- Configured uncrustify additional arguments: 
[0.460s] -- Added test 'xmllint' to check XML markup files
[0.460s] -- Configuring done
[0.494s] -- Generating done
[0.497s] -- Build files have been written to: /home/dragonblade316/Programming/robotics/dummy/build_clang/dummy_hardware
[0.515s] [35m[1mConsolidate compiler generated dependencies of target DummyHardware[0m
[0.526s] [ 50%] [32mBuilding CXX object CMakeFiles/DummyHardware.dir/src/robot.cpp.o[0m
[1.743s] [1m/home/dragonblade316/Programming/robotics/dummy/dummy_hardware/src/robot.cpp:34:1: [0m[0;1;35mwarning: [0m[1mnon-void function does not return a value in all control paths [-Wreturn-type][0m
[1.743s] }
[1.743s] [0;1;32m^
[1.746s] [0m[1m/home/dragonblade316/Programming/robotics/dummy/dummy_hardware/src/robot.cpp:65:74: [0m[0;1;35mwarning: [0m[1munused parameter 'time' [-Wunused-parameter][0m
[1.746s] hardware_interface::return_type DummyHardware::read(const rclcpp::Time & time, const rclcpp::Duration & period) {
[1.746s] [0;1;32m                                                                         ^
[1.746s] [0m[1m/home/dragonblade316/Programming/robotics/dummy/dummy_hardware/src/robot.cpp:65:105: [0m[0;1;35mwarning: [0m[1munused parameter 'period' [-Wunused-parameter][0m
[1.746s] hardware_interface::return_type DummyHardware::read(const rclcpp::Time & time, const rclcpp::Duration & period) {
[1.746s] [0;1;32m                                                                                                        ^
[1.747s] [0m[1m/home/dragonblade316/Programming/robotics/dummy/dummy_hardware/src/robot.cpp:69:75: [0m[0;1;35mwarning: [0m[1munused parameter 'time' [-Wunused-parameter][0m
[1.747s] hardware_interface::return_type DummyHardware::write(const rclcpp::Time & time, const rclcpp::Duration & period) {
[1.747s] [0;1;32m                                                                          ^
[1.747s] [0m[1m/home/dragonblade316/Programming/robotics/dummy/dummy_hardware/src/robot.cpp:69:106: [0m[0;1;35mwarning: [0m[1munused parameter 'period' [-Wunused-parameter][0m
[1.747s] hardware_interface::return_type DummyHardware::write(const rclcpp::Time & time, const rclcpp::Duration & period) {
[1.747s] [0;1;32m                                                                                                         ^
[2.054s] [0m5 warnings generated.
[2.063s] [100%] [32m[1mLinking CXX shared library libDummyHardware.so[0m
[2.163s] [100%] Built target DummyHardware
[2.170s] Invoked command in '/home/dragonblade316/Programming/robotics/dummy/build_clang/dummy_hardware' returned '0': CMAKE_PREFIX_PATH=${CMAKE_PREFIX_PATH}:/opt/ros/humble:/home/dragonblade316/Programming/robotics/dummy/install_clang/dummy_serial:/home/dragonblade316/Programming/robotics/dummy/install_clang/dummy_motion:/home/dragonblade316/Programming/robotics/dummy/install_clang/dummy_description:/home/dragonblade316/Programming/robotics/dummy/install_clang/dummy_controller:/home/dragonblade316/Programming/robotics/dummy/install_clang/dummy_bringup /usr/bin/cmake --build /home/dragonblade316/Programming/robotics/dummy/build_clang/dummy_hardware -- -j20 -l20
[2.171s] Invoking command in '/home/dragonblade316/Programming/robotics/dummy/build_clang/dummy_hardware': CMAKE_PREFIX_PATH=${CMAKE_PREFIX_PATH}:/opt/ros/humble:/home/dragonblade316/Programming/robotics/dummy/install_clang/dummy_serial:/home/dragonblade316/Programming/robotics/dummy/install_clang/dummy_motion:/home/dragonblade316/Programming/robotics/dummy/install_clang/dummy_description:/home/dragonblade316/Programming/robotics/dummy/install_clang/dummy_controller:/home/dragonblade316/Programming/robotics/dummy/install_clang/dummy_bringup /usr/bin/cmake --install /home/dragonblade316/Programming/robotics/dummy/build_clang/dummy_hardware
[2.175s] -- Install configuration: ""
[2.176s] -- Execute custom install script
[2.176s] -- Up-to-date symlink: /home/dragonblade316/Programming/robotics/dummy/install_clang/dummy_hardware/lib/dummy_hardware/libDummyHardware.so
[2.176s] -- Up-to-date symlink: /home/dragonblade316/Programming/robotics/dummy/install_clang/dummy_hardware/share/dummy_hardware//dummy_hardware.xml
[2.176s] -- Up-to-date symlink: /home/dragonblade316/Programming/robotics/dummy/install_clang/dummy_hardware/share/ament_index/resource_index/package_run_dependencies/dummy_hardware
[2.176s] -- Up-to-date symlink: /home/dragonblade316/Programming/robotics/dummy/install_clang/dummy_hardware/share/ament_index/resource_index/parent_prefix_path/dummy_hardware
[2.176s] -- Up-to-date symlink: /home/dragonblade316/Programming/robotics/dummy/install_clang/dummy_hardware/share/dummy_hardware/environment/ament_prefix_path.sh
[2.176s] -- Up-to-date symlink: /home/dragonblade316/Programming/robotics/dummy/install_clang/dummy_hardware/share/dummy_hardware/environment/ament_prefix_path.dsv
[2.176s] -- Up-to-date symlink: /home/dragonblade316/Programming/robotics/dummy/install_clang/dummy_hardware/share/dummy_hardware/environment/path.sh
[2.176s] -- Up-to-date symlink: /home/dragonblade316/Programming/robotics/dummy/install_clang/dummy_hardware/share/dummy_hardware/environment/path.dsv
[2.176s] -- Up-to-date symlink: /home/dragonblade316/Programming/robotics/dummy/install_clang/dummy_hardware/share/dummy_hardware/local_setup.bash
[2.176s] -- Up-to-date symlink: /home/dragonblade316/Programming/robotics/dummy/install_clang/dummy_hardware/share/dummy_hardware/local_setup.sh
[2.176s] -- Up-to-date symlink: /home/dragonblade316/Programming/robotics/dummy/install_clang/dummy_hardware/share/dummy_hardware/local_setup.zsh
[2.176s] -- Up-to-date symlink: /home/dragonblade316/Programming/robotics/dummy/install_clang/dummy_hardware/share/dummy_hardware/local_setup.dsv
[2.176s] -- Symlinking: /home/dragonblade316/Programming/robotics/dummy/install_clang/dummy_hardware/share/dummy_hardware/package.dsv
[2.180s] -- Up-to-date symlink: /home/dragonblade316/Programming/robotics/dummy/install_clang/dummy_hardware/share/ament_index/resource_index/packages/dummy_hardware
[2.180s] -- Up-to-date symlink: /home/dragonblade316/Programming/robotics/dummy/install_clang/dummy_hardware/share/ament_index/resource_index/hardware_interface__pluginlib__plugin/dummy_hardware
[2.180s] -- Up-to-date symlink: /home/dragonblade316/Programming/robotics/dummy/install_clang/dummy_hardware/share/dummy_hardware/cmake/dummy_hardwareConfig.cmake
[2.180s] -- Up-to-date symlink: /home/dragonblade316/Programming/robotics/dummy/install_clang/dummy_hardware/share/dummy_hardware/cmake/dummy_hardwareConfig-version.cmake
[2.180s] -- Up-to-date symlink: /home/dragonblade316/Programming/robotics/dummy/install_clang/dummy_hardware/share/dummy_hardware/package.xml
[2.182s] Invoked command in '/home/dragonblade316/Programming/robotics/dummy/build_clang/dummy_hardware' returned '0': CMAKE_PREFIX_PATH=${CMAKE_PREFIX_PATH}:/opt/ros/humble:/home/dragonblade316/Programming/robotics/dummy/install_clang/dummy_serial:/home/dragonblade316/Programming/robotics/dummy/install_clang/dummy_motion:/home/dragonblade316/Programming/robotics/dummy/install_clang/dummy_description:/home/dragonblade316/Programming/robotics/dummy/install_clang/dummy_controller:/home/dragonblade316/Programming/robotics/dummy/install_clang/dummy_bringup /usr/bin/cmake --install /home/dragonblade316/Programming/robotics/dummy/build_clang/dummy_hardware
