[0.005s] Invoking command in '/home/dragonblade316/Programming/robotics/dummy/build_clang/moveit_config': CMAKE_PREFIX_PATH=/home/dragonblade316/Programming/robotics/dummy/install_clang/dummy_description:/home/dragonblade316/Programming/robotics/dummy/install_clang/moveit_config:/home/dragonblade316/Programming/robotics/dummy/install_clang/hardware:/home/dragonblade316/Programming/robotics/dummy/install_clang/dummy_motion:/home/dragonblade316/Programming/robotics/dummy/install_clang/dummy_joy_control:/home/dragonblade316/Programming/robotics/dummy/install_clang/dummy_controller:/home/dragonblade316/Programming/robotics/dummy/install_clang/dummy_bringup:/home/dragonblade316/Programming/robotics/dummy/install_clang/dummy_serial:/opt/ros/humble /usr/bin/cmake /home/dragonblade316/Programming/robotics/dummy/moveit_config -DCMAKE_EXPORT_COMPILE_COMMANDS=ON -DAMENT_CMAKE_SYMLINK_INSTALL=1 -DCMAKE_INSTALL_PREFIX=/home/dragonblade316/Programming/robotics/dummy/install_clang/moveit_config
[0.055s] -- The C compiler identification is Clang 14.0.0
[0.122s] -- The CXX compiler identification is Clang 14.0.0
[0.125s] -- Detecting C compiler ABI info
[0.194s] -- Detecting C compiler ABI info - done
[0.197s] -- Check for working C compiler: /usr/bin/clang - skipped
[0.197s] -- Detecting C compile features
[0.197s] -- Detecting C compile features - done
[0.199s] -- Detecting CXX compiler ABI info
[0.269s] -- Detecting CXX compiler ABI info - done
[0.273s] -- Check for working CXX compiler: /usr/bin/clang++ - skipped
[0.273s] -- Detecting CXX compile features
[0.273s] -- Detecting CXX compile features - done
[0.275s] -- Found ament_cmake: 1.3.11 (/opt/ros/humble/share/ament_cmake/cmake)
[0.373s] -- Found Python3: /usr/bin/python3 (found version "3.10.12") found components: Interpreter 
[0.409s] -- Override CMake install command with custom implementation using symlinks instead of copying resources
[0.471s] -- Configuring done
[0.472s] -- Generating done
[0.472s] [33mCMake Warning:
[0.473s]   Manually-specified variables were not used by the project:
[0.473s] 
[0.473s]     CMAKE_EXPORT_COMPILE_COMMANDS
[0.473s] 
[0.473s] [0m
[0.473s] -- Build files have been written to: /home/dragonblade316/Programming/robotics/dummy/build_clang/moveit_config
