[0.136s] Invoking command in '/home/dragonblade316/Programming/robotics/dummy/build_clang/hardware': CMAKE_PREFIX_PATH=${CMAKE_PREFIX_PATH}:/home/dragonblade316/Programming/robotics/dummy/install_clang/dummy_serial:/opt/ros/humble /usr/bin/cmake --build /home/dragonblade316/Programming/robotics/dummy/build_clang/hardware -- -j20 -l20
[0.161s] [35m[1mConsolidate compiler generated dependencies of target hardware[0m
[0.173s] [100%] Built target hardware
[0.207s] Invoked command in '/home/dragonblade316/Programming/robotics/dummy/build_clang/hardware' returned '0': CMAKE_PREFIX_PATH=${CMAKE_PREFIX_PATH}:/home/dragonblade316/Programming/robotics/dummy/install_clang/dummy_serial:/opt/ros/humble /usr/bin/cmake --build /home/dragonblade316/Programming/robotics/dummy/build_clang/hardware -- -j20 -l20
[0.207s] Invoking command in '/home/dragonblade316/Programming/robotics/dummy/build_clang/hardware': CMAKE_PREFIX_PATH=${CMAKE_PREFIX_PATH}:/home/dragonblade316/Programming/robotics/dummy/install_clang/dummy_serial:/opt/ros/humble /usr/bin/cmake --install /home/dragonblade316/Programming/robotics/dummy/build_clang/hardware
[0.226s] -- Install configuration: ""
[0.227s] -- Execute custom install script
[0.227s] -- Up-to-date symlink: /home/dragonblade316/Programming/robotics/dummy/install_clang/hardware/lib/hardware/libhardware.so
[0.227s] -- Up-to-date symlink: /home/dragonblade316/Programming/robotics/dummy/install_clang/hardware/share/ament_index/resource_index/package_run_dependencies/hardware
[0.227s] -- Up-to-date symlink: /home/dragonblade316/Programming/robotics/dummy/install_clang/hardware/share/ament_index/resource_index/parent_prefix_path/hardware
[0.227s] -- Up-to-date symlink: /home/dragonblade316/Programming/robotics/dummy/install_clang/hardware/share/hardware/environment/ament_prefix_path.sh
[0.227s] -- Up-to-date symlink: /home/dragonblade316/Programming/robotics/dummy/install_clang/hardware/share/hardware/environment/ament_prefix_path.dsv
[0.227s] -- Up-to-date symlink: /home/dragonblade316/Programming/robotics/dummy/install_clang/hardware/share/hardware/environment/path.sh
[0.227s] -- Up-to-date symlink: /home/dragonblade316/Programming/robotics/dummy/install_clang/hardware/share/hardware/environment/path.dsv
[0.227s] -- Up-to-date symlink: /home/dragonblade316/Programming/robotics/dummy/install_clang/hardware/share/hardware/local_setup.bash
[0.227s] -- Up-to-date symlink: /home/dragonblade316/Programming/robotics/dummy/install_clang/hardware/share/hardware/local_setup.sh
[0.227s] -- Up-to-date symlink: /home/dragonblade316/Programming/robotics/dummy/install_clang/hardware/share/hardware/local_setup.zsh
[0.227s] -- Up-to-date symlink: /home/dragonblade316/Programming/robotics/dummy/install_clang/hardware/share/hardware/local_setup.dsv
[0.228s] -- Symlinking: /home/dragonblade316/Programming/robotics/dummy/install_clang/hardware/share/hardware/package.dsv
[0.228s] -- Up-to-date symlink: /home/dragonblade316/Programming/robotics/dummy/install_clang/hardware/share/ament_index/resource_index/packages/hardware
[0.228s] -- Up-to-date symlink: /home/dragonblade316/Programming/robotics/dummy/install_clang/hardware/share/hardware/cmake/hardwareConfig.cmake
[0.228s] -- Up-to-date symlink: /home/dragonblade316/Programming/robotics/dummy/install_clang/hardware/share/hardware/cmake/hardwareConfig-version.cmake
[0.228s] -- Up-to-date symlink: /home/dragonblade316/Programming/robotics/dummy/install_clang/hardware/share/hardware/package.xml
[0.228s] Invoked command in '/home/dragonblade316/Programming/robotics/dummy/build_clang/hardware' returned '0': CMAKE_PREFIX_PATH=${CMAKE_PREFIX_PATH}:/home/dragonblade316/Programming/robotics/dummy/install_clang/dummy_serial:/opt/ros/humble /usr/bin/cmake --install /home/dragonblade316/Programming/robotics/dummy/build_clang/hardware
