[0.014s] Invoking command in '/home/dragonblade316/Programming/robotics/dummy/build_clang/dummy_controller': /usr/bin/cmake --build /home/dragonblade316/Programming/robotics/dummy/build_clang/dummy_controller -- -j20 -l20
[0.153s] [100%] Built target controller
[0.162s] Invoked command in '/home/dragonblade316/Programming/robotics/dummy/build_clang/dummy_controller' returned '0': /usr/bin/cmake --build /home/dragonblade316/Programming/robotics/dummy/build_clang/dummy_controller -- -j20 -l20
[0.163s] Invoking command in '/home/dragonblade316/Programming/robotics/dummy/build_clang/dummy_controller': /usr/bin/cmake --install /home/dragonblade316/Programming/robotics/dummy/build_clang/dummy_controller
[0.180s] -- Install configuration: ""
[0.180s] -- Execute custom install script
[0.180s] -- Up-to-date symlink: /home/dragonblade316/Programming/robotics/dummy/install_clang/dummy_controller/lib/dummy_controller/controller
[0.180s] -- Up-to-date symlink: /home/dragonblade316/Programming/robotics/dummy/install_clang/dummy_controller/share/ament_index/resource_index/package_run_dependencies/dummy_controller
[0.180s] -- Up-to-date symlink: /home/dragonblade316/Programming/robotics/dummy/install_clang/dummy_controller/share/ament_index/resource_index/parent_prefix_path/dummy_controller
[0.180s] -- Up-to-date symlink: /home/dragonblade316/Programming/robotics/dummy/install_clang/dummy_controller/share/dummy_controller/environment/ament_prefix_path.sh
[0.180s] -- Up-to-date symlink: /home/dragonblade316/Programming/robotics/dummy/install_clang/dummy_controller/share/dummy_controller/environment/ament_prefix_path.dsv
[0.180s] -- Up-to-date symlink: /home/dragonblade316/Programming/robotics/dummy/install_clang/dummy_controller/share/dummy_controller/environment/path.sh
[0.180s] -- Up-to-date symlink: /home/dragonblade316/Programming/robotics/dummy/install_clang/dummy_controller/share/dummy_controller/environment/path.dsv
[0.180s] -- Up-to-date symlink: /home/dragonblade316/Programming/robotics/dummy/install_clang/dummy_controller/share/dummy_controller/local_setup.bash
[0.180s] -- Up-to-date symlink: /home/dragonblade316/Programming/robotics/dummy/install_clang/dummy_controller/share/dummy_controller/local_setup.sh
[0.180s] -- Up-to-date symlink: /home/dragonblade316/Programming/robotics/dummy/install_clang/dummy_controller/share/dummy_controller/local_setup.zsh
[0.180s] -- Up-to-date symlink: /home/dragonblade316/Programming/robotics/dummy/install_clang/dummy_controller/share/dummy_controller/local_setup.dsv
[0.180s] -- Symlinking: /home/dragonblade316/Programming/robotics/dummy/install_clang/dummy_controller/share/dummy_controller/package.dsv
[0.180s] -- Up-to-date symlink: /home/dragonblade316/Programming/robotics/dummy/install_clang/dummy_controller/share/ament_index/resource_index/packages/dummy_controller
[0.180s] -- Up-to-date symlink: /home/dragonblade316/Programming/robotics/dummy/install_clang/dummy_controller/share/dummy_controller/cmake/dummy_controllerConfig.cmake
[0.181s] -- Up-to-date symlink: /home/dragonblade316/Programming/robotics/dummy/install_clang/dummy_controller/share/dummy_controller/cmake/dummy_controllerConfig-version.cmake
[0.181s] -- Up-to-date symlink: /home/dragonblade316/Programming/robotics/dummy/install_clang/dummy_controller/share/dummy_controller/package.xml
