-- Found ament_cmake: 1.3.11 (/opt/ros/humble/share/ament_cmake/cmake)
-- Override CMake install command with custom implementation using symlinks instead of copying resources
-- Found rclcpp: 16.0.11 (/opt/ros/humble/share/rclcpp/cmake)
-- Found rosidl_generator_c: 3.1.6 (/opt/ros/humble/share/rosidl_generator_c/cmake)
-- Found rosidl_adapter: 3.1.6 (/opt/ros/humble/share/rosidl_adapter/cmake)
-- Found rosidl_generator_cpp: 3.1.6 (/opt/ros/humble/share/rosidl_generator_cpp/cmake)
-- Using all available rosidl_typesupport_c: rosidl_typesupport_fastrtps_c;rosidl_typesupport_introspection_c
-- Using all available rosidl_typesupport_cpp: rosidl_typesupport_fastrtps_cpp;rosidl_typesupport_introspection_cpp
-- Found rmw_implementation_cmake: 6.1.2 (/opt/ros/humble/share/rmw_implementation_cmake/cmake)
-- Found rmw_fastrtps_cpp: 6.2.7 (/opt/ros/humble/share/rmw_fastrtps_cpp/cmake)
-- Using RMW implementation 'rmw_fastrtps_cpp' as default
-- Found rclcpp_lifecycle: 16.0.11 (/opt/ros/humble/share/rclcpp_lifecycle/cmake)
-- Found hardware_interface: 2.46.0 (/opt/ros/humble/share/hardware_interface/cmake)
-- Found serial: 1.2.1 (/home/dragonblade316/Programming/robotics/dummy/install_clang/serial/share/serial/cmake)
-- Found ament_lint_auto: 0.12.11 (/opt/ros/humble/share/ament_lint_auto/cmake)
-- Added test 'cppcheck' to perform static code analysis on C / C++ code
-- Configured cppcheck include dirs: /home/dragonblade316/Programming/robotics/dummy/dummy_hardware/./include/hardware
-- Configured cppcheck exclude dirs and/or files: 
-- Added test 'lint_cmake' to check CMake code style
-- Added test 'uncrustify' to check C / C++ code style
-- Configured uncrustify additional arguments: 
-- Added test 'xmllint' to check XML markup files
-- Configuring done
-- Generating done
-- Build files have been written to: /home/dragonblade316/Programming/robotics/dummy/build_clang/dummy_hardware
[35m[1mConsolidate compiler generated dependencies of target dummy_hardware[0m
[ 50%] [32mBuilding CXX object CMakeFiles/dummy_hardware.dir/src/robot.cpp.o[0m
In file included from /home/dragonblade316/Programming/robotics/dummy/dummy_hardware/src/robot.cpp:1:
[1m/home/dragonblade316/Programming/robotics/dummy/dummy_hardware/./include/hardware/robot.hpp:39:3: [0m[0;1;31merror: [0m[1muse of undeclared identifier 'LibSerial'[0m
  LibSerial::SerialStream serial_port;
[0;1;32m  ^
[0m[1m/home/dragonblade316/Programming/robotics/dummy/dummy_hardware/src/robot.cpp:27:43: [0m[0;1;31merror: [0m[1mcannot initialize object parameter of type 'hardware_interface::SystemInterface' with an expression of type 'hardware::DummyHardware'[0m
        if (hardware_interface::SystemInterface::on_init(info) != hardware_interface::CallbackReturn::SUCCESS) {
[0;1;32m                                                 ^~~~~~~
[0m[1m/home/dragonblade316/Programming/robotics/dummy/dummy_hardware/src/robot.cpp:66:74: [0m[0;1;35mwarning: [0m[1munused parameter 'time' [-Wunused-parameter][0m
hardware_interface::return_type DummyHardware::read(const rclcpp::Time & time, const rclcpp::Duration & period) {
[0;1;32m                                                                         ^
[0m[1m/home/dragonblade316/Programming/robotics/dummy/dummy_hardware/src/robot.cpp:66:105: [0m[0;1;35mwarning: [0m[1munused parameter 'period' [-Wunused-parameter][0m
hardware_interface::return_type DummyHardware::read(const rclcpp::Time & time, const rclcpp::Duration & period) {
[0;1;32m                                                                                                        ^
[0m[1m/home/dragonblade316/Programming/robotics/dummy/dummy_hardware/src/robot.cpp:70:75: [0m[0;1;35mwarning: [0m[1munused parameter 'time' [-Wunused-parameter][0m
hardware_interface::return_type DummyHardware::write(const rclcpp::Time & time, const rclcpp::Duration & period) {
[0;1;32m                                                                          ^
[0m[1m/home/dragonblade316/Programming/robotics/dummy/dummy_hardware/src/robot.cpp:70:106: [0m[0;1;35mwarning: [0m[1munused parameter 'period' [-Wunused-parameter][0m
hardware_interface::return_type DummyHardware::write(const rclcpp::Time & time, const rclcpp::Duration & period) {
[0;1;32m                                                                                                         ^
[0mIn file included from /home/dragonblade316/Programming/robotics/dummy/dummy_hardware/src/robot.cpp:13:
In file included from /opt/ros/humble/include/pluginlib/pluginlib/class_list_macros.hpp:40:
In file included from /opt/ros/humble/include/class_loader/class_loader/class_loader.hpp:55:
In file included from /opt/ros/humble/include/class_loader/class_loader/class_loader_core.hpp:57:
[1m/opt/ros/humble/include/class_loader/class_loader/meta_object.hpp:218:12: [0m[0;1;31merror: [0m[1mcannot initialize return object of type 'hardware_interface::SystemInterface *' with an rvalue of type 'hardware::DummyHardware *'[0m
    return new C;
[0;1;32m           ^~~
[0m[1m/opt/ros/humble/include/class_loader/class_loader/meta_object.hpp:205:3: [0m[0;1;30mnote: [0min instantiation of member function 'class_loader::impl::MetaObject<hardware::DummyHardware, hardware_interface::SystemInterface>::create' requested here[0m
  MetaObject(const std::string & class_name, const std::string & base_class_name)
[0;1;32m  ^
[0m[1m/opt/ros/humble/include/class_loader/class_loader/class_loader_core.hpp:244:9: [0m[0;1;30mnote: [0min instantiation of member function 'class_loader::impl::MetaObject<hardware::DummyHardware, hardware_interface::SystemInterface>::MetaObject' requested here[0m
    new impl::MetaObject<Derived, Base>(class_name, base_class_name);
[0;1;32m        ^
[0m[1m/home/dragonblade316/Programming/robotics/dummy/dummy_hardware/src/robot.cpp:18:1: [0m[0;1;30mnote: [0min instantiation of function template specialization 'class_loader::impl::registerPlugin<hardware::DummyHardware, hardware_interface::SystemInterface>' requested here[0m
PLUGINLIB_EXPORT_CLASS(
[0;1;32m^
[0m[1m/opt/ros/humble/include/pluginlib/pluginlib/class_list_macros.hpp:49:3: [0m[0;1;30mnote: [0mexpanded from macro 'PLUGINLIB_EXPORT_CLASS'[0m
  CLASS_LOADER_REGISTER_CLASS(class_type, base_class_type)
[0;1;32m  ^
[0m[1m/opt/ros/humble/include/class_loader/class_loader/register_macro.hpp:80:3: [0m[0;1;30mnote: [0mexpanded from macro 'CLASS_LOADER_REGISTER_CLASS'[0m
  CLASS_LOADER_REGISTER_CLASS_WITH_MESSAGE(Derived, Base, "")
[0;1;32m  ^
[0m[1m/opt/ros/humble/include/class_loader/class_loader/register_macro.hpp:73:3: [0m[0;1;30mnote: [0mexpanded from macro 'CLASS_LOADER_REGISTER_CLASS_WITH_MESSAGE'[0m
  CLASS_LOADER_REGISTER_CLASS_INTERNAL_HOP1_WITH_MESSAGE(Derived, Base, __COUNTER__, Message)
[0;1;32m  ^
[0m[1m/opt/ros/humble/include/class_loader/class_loader/register_macro.hpp:66:3: [0m[0;1;30mnote: [0mexpanded from macro 'CLASS_LOADER_REGISTER_CLASS_INTERNAL_HOP1_WITH_MESSAGE'[0m
  CLASS_LOADER_REGISTER_CLASS_INTERNAL_WITH_MESSAGE(Derived, Base, UniqueID, Message)
[0;1;32m  ^
[0m[1m/opt/ros/humble/include/class_loader/class_loader/register_macro.hpp:59:27: [0m[0;1;30mnote: [0mexpanded from macro 'CLASS_LOADER_REGISTER_CLASS_INTERNAL_WITH_MESSAGE'[0m
      class_loader::impl::registerPlugin<_derived, _base>(#Derived, #Base); \
[0;1;32m                          ^
[0mIn file included from /home/dragonblade316/Programming/robotics/dummy/dummy_hardware/src/robot.cpp:1:
[1m/home/dragonblade316/Programming/robotics/dummy/dummy_hardware/./include/hardware/robot.hpp:39:27: [0m[0;1;35mwarning: [0m[1mprivate field 'serial_port' is not used [-Wunused-private-field][0m
  LibSerial::SerialStream serial_port;
[0;1;32m                          ^
[0m5 warnings and 3 errors generated.
gmake[2]: *** [CMakeFiles/dummy_hardware.dir/build.make:76: CMakeFiles/dummy_hardware.dir/src/robot.cpp.o] Error 1
gmake[1]: *** [CMakeFiles/Makefile2:137: CMakeFiles/dummy_hardware.dir/all] Error 2
gmake: *** [Makefile:146: all] Error 2
