[0.004s] Invoking command in '/home/dragonblade316/Programming/robotics/dummy/build_clang/dummy_hardware': AMENT_PREFIX_PATH=/home/dragonblade316/Programming/robotics/dummy/install_clang/serial:${AMENT_PREFIX_PATH} CMAKE_PREFIX_PATH=/home/dragonblade316/Programming/robotics/dummy/install_clang/serial:/opt/ros/humble LD_LIBRARY_PATH=/home/dragonblade316/Programming/robotics/dummy/install_clang/serial/lib:${LD_LIBRARY_PATH} /usr/bin/cmake --build /home/dragonblade316/Programming/robotics/dummy/build_clang/dummy_hardware -- -j20 -l20
[0.029s] [35m[1mConsolidate compiler generated dependencies of target dummy_hardware[0m
[0.041s] [ 50%] [32mBuilding CXX object CMakeFiles/dummy_hardware.dir/src/robot.cpp.o[0m
[1.084s] [1m/home/dragonblade316/Programming/robotics/dummy/dummy_hardware/src/robot.cpp:68:74: [0m[0;1;35mwarning: [0m[1munused parameter 'time' [-Wunused-parameter][0m
[1.084s] hardware_interface::return_type DummyHardware::read(const rclcpp::Time & time, const rclcpp::Duration & period) {
[1.084s] [0;1;32m                                                                         ^
[1.084s] [0m[1m/home/dragonblade316/Programming/robotics/dummy/dummy_hardware/src/robot.cpp:68:105: [0m[0;1;35mwarning: [0m[1munused parameter 'period' [-Wunused-parameter][0m
[1.084s] hardware_interface::return_type DummyHardware::read(const rclcpp::Time & time, const rclcpp::Duration & period) {
[1.084s] [0;1;32m                                                                                                        ^
[1.084s] [0m[1m/home/dragonblade316/Programming/robotics/dummy/dummy_hardware/src/robot.cpp:72:75: [0m[0;1;35mwarning: [0m[1munused parameter 'time' [-Wunused-parameter][0m
[1.084s] hardware_interface::return_type DummyHardware::write(const rclcpp::Time & time, const rclcpp::Duration & period) {
[1.084s] [0;1;32m                                                                          ^
[1.084s] [0m[1m/home/dragonblade316/Programming/robotics/dummy/dummy_hardware/src/robot.cpp:72:106: [0m[0;1;35mwarning: [0m[1munused parameter 'period' [-Wunused-parameter][0m
[1.084s] hardware_interface::return_type DummyHardware::write(const rclcpp::Time & time, const rclcpp::Duration & period) {
[1.084s] [0;1;32m                                                                                                         ^
[1.367s] [0m4 warnings generated.
[1.377s] [100%] [32m[1mLinking CXX shared library libdummy_hardware.so[0m
[1.438s] /usr/bin/ld: /home/dragonblade316/Programming/robotics/dummy/install_clang/serial/lib/libserial.a(unix.cc.o): warning: relocation against `_ZN6serial11IOExceptionD2Ev' in read-only section `.text'
[1.447s] /usr/bin/ld: /home/dragonblade316/Programming/robotics/dummy/install_clang/serial/lib/libserial.a(serial.cc.o): relocation R_X86_64_PC32 against symbol `_ZTVN6serial6SerialE' can not be used when making a shared object; recompile with -fPIC
[1.447s] /usr/bin/ld: final link failed: bad value
[1.448s] clang: [0;1;31merror: [0m[1mlinker command failed with exit code 1 (use -v to see invocation)[0m
[1.451s] gmake[2]: *** [CMakeFiles/dummy_hardware.dir/build.make:288: libdummy_hardware.so] Error 1
[1.451s] gmake[1]: *** [CMakeFiles/Makefile2:137: CMakeFiles/dummy_hardware.dir/all] Error 2
[1.451s] gmake: *** [Makefile:146: all] Error 2
[1.452s] Invoked command in '/home/dragonblade316/Programming/robotics/dummy/build_clang/dummy_hardware' returned '2': AMENT_PREFIX_PATH=/home/dragonblade316/Programming/robotics/dummy/install_clang/serial:${AMENT_PREFIX_PATH} CMAKE_PREFIX_PATH=/home/dragonblade316/Programming/robotics/dummy/install_clang/serial:/opt/ros/humble LD_LIBRARY_PATH=/home/dragonblade316/Programming/robotics/dummy/install_clang/serial/lib:${LD_LIBRARY_PATH} /usr/bin/cmake --build /home/dragonblade316/Programming/robotics/dummy/build_clang/dummy_hardware -- -j20 -l20
