[0.162s] Invoking command in '/home/dragonblade316/Programming/robotics/dummy/build_clang/serial': CMAKE_PREFIX_PATH=${CMAKE_PREFIX_PATH}:/opt/ros/humble:/home/dragonblade316/Programming/robotics/dummy/install_clang/dummy_serial:/home/dragonblade316/Programming/robotics/dummy/install_clang/dummy_motion:/home/dragonblade316/Programming/robotics/dummy/install_clang/dummy_description:/home/dragonblade316/Programming/robotics/dummy/install_clang/dummy_controller:/home/dragonblade316/Programming/robotics/dummy/install_clang/dummy_bringup /usr/bin/cmake /home/dragonblade316/Programming/robotics/dummy/serial-ros2 -DCMAKE_EXPORT_COMPILE_COMMANDS=ON -DAMENT_CMAKE_SYMLINK_INSTALL=1 -DCMAKE_INSTALL_PREFIX=/home/dragonblade316/Programming/robotics/dummy/install_clang/serial
[0.221s] -- The C compiler identification is Clang 14.0.0
[0.287s] -- The CXX compiler identification is Clang 14.0.0
[0.290s] -- Detecting C compiler ABI info
[0.351s] -- Detecting C compiler ABI info - done
[0.354s] -- Check for working C compiler: /usr/bin/clang - skipped
[0.354s] -- Detecting C compile features
[0.355s] -- Detecting C compile features - done
[0.357s] -- Detecting CXX compiler ABI info
[0.432s] -- Detecting CXX compiler ABI info - done
[0.437s] -- Check for working CXX compiler: /usr/bin/clang++ - skipped
[0.438s] -- Detecting CXX compile features
[0.438s] -- Detecting CXX compile features - done
[0.443s] -- Found ament_cmake: 1.3.11 (/opt/ros/humble/share/ament_cmake/cmake)
[0.529s] -- Found Python3: /usr/bin/python3 (found version "3.10.12") found components: Interpreter 
[0.573s] -- Override CMake install command with custom implementation using symlinks instead of copying resources
[0.631s] -- Configuring done
[0.633s] -- Generating done
[0.634s] -- Build files have been written to: /home/dragonblade316/Programming/robotics/dummy/build_clang/serial
[0.636s] Invoked command in '/home/dragonblade316/Programming/robotics/dummy/build_clang/serial' returned '0': CMAKE_PREFIX_PATH=${CMAKE_PREFIX_PATH}:/opt/ros/humble:/home/dragonblade316/Programming/robotics/dummy/install_clang/dummy_serial:/home/dragonblade316/Programming/robotics/dummy/install_clang/dummy_motion:/home/dragonblade316/Programming/robotics/dummy/install_clang/dummy_description:/home/dragonblade316/Programming/robotics/dummy/install_clang/dummy_controller:/home/dragonblade316/Programming/robotics/dummy/install_clang/dummy_bringup /usr/bin/cmake /home/dragonblade316/Programming/robotics/dummy/serial-ros2 -DCMAKE_EXPORT_COMPILE_COMMANDS=ON -DAMENT_CMAKE_SYMLINK_INSTALL=1 -DCMAKE_INSTALL_PREFIX=/home/dragonblade316/Programming/robotics/dummy/install_clang/serial
[0.637s] Invoking command in '/home/dragonblade316/Programming/robotics/dummy/build_clang/serial': CMAKE_PREFIX_PATH=${CMAKE_PREFIX_PATH}:/opt/ros/humble:/home/dragonblade316/Programming/robotics/dummy/install_clang/dummy_serial:/home/dragonblade316/Programming/robotics/dummy/install_clang/dummy_motion:/home/dragonblade316/Programming/robotics/dummy/install_clang/dummy_description:/home/dragonblade316/Programming/robotics/dummy/install_clang/dummy_controller:/home/dragonblade316/Programming/robotics/dummy/install_clang/dummy_bringup /usr/bin/cmake --build /home/dragonblade316/Programming/robotics/dummy/build_clang/serial -- -j20 -l20
[0.668s] [ 75%] [32mBuilding CXX object CMakeFiles/serial.dir/src/impl/list_ports/list_ports_linux.cc.o[0m
[0.668s] [ 75%] [32mBuilding CXX object CMakeFiles/serial.dir/src/serial.cc.o[0m
[0.668s] [ 75%] [32mBuilding CXX object CMakeFiles/serial.dir/src/impl/unix.cc.o[0m
[0.845s] [100%] [32m[1mLinking CXX static library libserial.a[0m
[0.885s] [100%] Built target serial
[0.893s] Invoked command in '/home/dragonblade316/Programming/robotics/dummy/build_clang/serial' returned '0': CMAKE_PREFIX_PATH=${CMAKE_PREFIX_PATH}:/opt/ros/humble:/home/dragonblade316/Programming/robotics/dummy/install_clang/dummy_serial:/home/dragonblade316/Programming/robotics/dummy/install_clang/dummy_motion:/home/dragonblade316/Programming/robotics/dummy/install_clang/dummy_description:/home/dragonblade316/Programming/robotics/dummy/install_clang/dummy_controller:/home/dragonblade316/Programming/robotics/dummy/install_clang/dummy_bringup /usr/bin/cmake --build /home/dragonblade316/Programming/robotics/dummy/build_clang/serial -- -j20 -l20
[0.893s] Invoking command in '/home/dragonblade316/Programming/robotics/dummy/build_clang/serial': CMAKE_PREFIX_PATH=${CMAKE_PREFIX_PATH}:/opt/ros/humble:/home/dragonblade316/Programming/robotics/dummy/install_clang/dummy_serial:/home/dragonblade316/Programming/robotics/dummy/install_clang/dummy_motion:/home/dragonblade316/Programming/robotics/dummy/install_clang/dummy_description:/home/dragonblade316/Programming/robotics/dummy/install_clang/dummy_controller:/home/dragonblade316/Programming/robotics/dummy/install_clang/dummy_bringup /usr/bin/cmake --install /home/dragonblade316/Programming/robotics/dummy/build_clang/serial
[0.898s] -- Install configuration: ""
[0.898s] -- Execute custom install script
[0.899s] -- Symlinking: /home/dragonblade316/Programming/robotics/dummy/install_clang/serial/share/serial/environment/library_path.sh
[0.905s] -- Symlinking: /home/dragonblade316/Programming/robotics/dummy/install_clang/serial/share/serial/environment/library_path.dsv
[0.909s] -- Symlinking: /home/dragonblade316/Programming/robotics/dummy/install_clang/serial/lib/libserial.a
[0.915s] -- Symlinking: /home/dragonblade316/Programming/robotics/dummy/install_clang/serial/include/serial/serial.h
[0.919s] -- Symlinking: /home/dragonblade316/Programming/robotics/dummy/install_clang/serial/include/serial/v8stdint.h
[0.923s] -- Symlinking: /home/dragonblade316/Programming/robotics/dummy/install_clang/serial/share/ament_index/resource_index/package_run_dependencies/serial
[0.928s] -- Symlinking: /home/dragonblade316/Programming/robotics/dummy/install_clang/serial/share/ament_index/resource_index/parent_prefix_path/serial
[0.933s] -- Symlinking: /home/dragonblade316/Programming/robotics/dummy/install_clang/serial/share/serial/environment/ament_prefix_path.sh
[0.938s] -- Symlinking: /home/dragonblade316/Programming/robotics/dummy/install_clang/serial/share/serial/environment/ament_prefix_path.dsv
[0.942s] -- Symlinking: /home/dragonblade316/Programming/robotics/dummy/install_clang/serial/share/serial/environment/path.sh
[0.947s] -- Symlinking: /home/dragonblade316/Programming/robotics/dummy/install_clang/serial/share/serial/environment/path.dsv
[0.952s] -- Symlinking: /home/dragonblade316/Programming/robotics/dummy/install_clang/serial/share/serial/local_setup.bash
[0.958s] -- Symlinking: /home/dragonblade316/Programming/robotics/dummy/install_clang/serial/share/serial/local_setup.sh
[0.962s] -- Symlinking: /home/dragonblade316/Programming/robotics/dummy/install_clang/serial/share/serial/local_setup.zsh
[0.967s] -- Symlinking: /home/dragonblade316/Programming/robotics/dummy/install_clang/serial/share/serial/local_setup.dsv
[0.972s] -- Symlinking: /home/dragonblade316/Programming/robotics/dummy/install_clang/serial/share/serial/package.dsv
[0.977s] -- Symlinking: /home/dragonblade316/Programming/robotics/dummy/install_clang/serial/share/ament_index/resource_index/packages/serial
[0.982s] -- Symlinking: /home/dragonblade316/Programming/robotics/dummy/install_clang/serial/share/serial/cmake/ament_cmake_export_include_directories-extras.cmake
[0.987s] -- Symlinking: /home/dragonblade316/Programming/robotics/dummy/install_clang/serial/share/serial/cmake/ament_cmake_export_libraries-extras.cmake
[0.992s] -- Symlinking: /home/dragonblade316/Programming/robotics/dummy/install_clang/serial/share/serial/cmake/serialConfig.cmake
[0.995s] -- Symlinking: /home/dragonblade316/Programming/robotics/dummy/install_clang/serial/share/serial/cmake/serialConfig-version.cmake
[1.000s] -- Symlinking: /home/dragonblade316/Programming/robotics/dummy/install_clang/serial/share/serial/package.xml
[1.007s] Invoked command in '/home/dragonblade316/Programming/robotics/dummy/build_clang/serial' returned '0': CMAKE_PREFIX_PATH=${CMAKE_PREFIX_PATH}:/opt/ros/humble:/home/dragonblade316/Programming/robotics/dummy/install_clang/dummy_serial:/home/dragonblade316/Programming/robotics/dummy/install_clang/dummy_motion:/home/dragonblade316/Programming/robotics/dummy/install_clang/dummy_description:/home/dragonblade316/Programming/robotics/dummy/install_clang/dummy_controller:/home/dragonblade316/Programming/robotics/dummy/install_clang/dummy_bringup /usr/bin/cmake --install /home/dragonblade316/Programming/robotics/dummy/build_clang/serial
