[0.018s] Invoking command in '/home/dragonblade316/Programming/robotics/dummy/build_clang/dummy_controller': CMAKE_PREFIX_PATH=${CMAKE_PREFIX_PATH}:/home/dragonblade316/Programming/robotics/dummy/install/moveit_configs_utils:/home/dragonblade316/Programming/robotics/dummy/install/launch_param_builder:/home/dragonblade316/Programming/robotics/dummy/install/dummy_serial:/home/dragonblade316/Programming/robotics/dummy/install_clang/moveit_configs_utils:/home/dragonblade316/Programming/robotics/dummy/install_clang/launch_param_builder:/home/dragonblade316/Programming/robotics/dummy/install_clang/dummy_serial:/opt/ros/humble /usr/bin/cmake --build /home/dragonblade316/Programming/robotics/dummy/build_clang/dummy_controller -- -j20 -l20
[0.055s] [35m[1mConsolidate compiler generated dependencies of target controller[0m
[0.071s] [100%] Built target controller
[0.181s] Invoked command in '/home/dragonblade316/Programming/robotics/dummy/build_clang/dummy_controller' returned '0': CMAKE_PREFIX_PATH=${CMAKE_PREFIX_PATH}:/home/dragonblade316/Programming/robotics/dummy/install/moveit_configs_utils:/home/dragonblade316/Programming/robotics/dummy/install/launch_param_builder:/home/dragonblade316/Programming/robotics/dummy/install/dummy_serial:/home/dragonblade316/Programming/robotics/dummy/install_clang/moveit_configs_utils:/home/dragonblade316/Programming/robotics/dummy/install_clang/launch_param_builder:/home/dragonblade316/Programming/robotics/dummy/install_clang/dummy_serial:/opt/ros/humble /usr/bin/cmake --build /home/dragonblade316/Programming/robotics/dummy/build_clang/dummy_controller -- -j20 -l20
[0.181s] Invoking command in '/home/dragonblade316/Programming/robotics/dummy/build_clang/dummy_controller': CMAKE_PREFIX_PATH=${CMAKE_PREFIX_PATH}:/home/dragonblade316/Programming/robotics/dummy/install/moveit_configs_utils:/home/dragonblade316/Programming/robotics/dummy/install/launch_param_builder:/home/dragonblade316/Programming/robotics/dummy/install/dummy_serial:/home/dragonblade316/Programming/robotics/dummy/install_clang/moveit_configs_utils:/home/dragonblade316/Programming/robotics/dummy/install_clang/launch_param_builder:/home/dragonblade316/Programming/robotics/dummy/install_clang/dummy_serial:/opt/ros/humble /usr/bin/cmake --install /home/dragonblade316/Programming/robotics/dummy/build_clang/dummy_controller
[0.231s] -- Install configuration: ""
[0.231s] -- Execute custom install script
[0.231s] -- Up-to-date symlink: /home/dragonblade316/Programming/robotics/dummy/install_clang/dummy_controller/lib/dummy_controller/controller
[0.232s] -- Up-to-date symlink: /home/dragonblade316/Programming/robotics/dummy/install_clang/dummy_controller/share/ament_index/resource_index/package_run_dependencies/dummy_controller
[0.232s] -- Up-to-date symlink: /home/dragonblade316/Programming/robotics/dummy/install_clang/dummy_controller/share/ament_index/resource_index/parent_prefix_path/dummy_controller
[0.232s] -- Up-to-date symlink: /home/dragonblade316/Programming/robotics/dummy/install_clang/dummy_controller/share/dummy_controller/environment/ament_prefix_path.sh
[0.232s] -- Up-to-date symlink: /home/dragonblade316/Programming/robotics/dummy/install_clang/dummy_controller/share/dummy_controller/environment/ament_prefix_path.dsv
[0.232s] -- Up-to-date symlink: /home/dragonblade316/Programming/robotics/dummy/install_clang/dummy_controller/share/dummy_controller/environment/path.sh
[0.232s] -- Up-to-date symlink: /home/dragonblade316/Programming/robotics/dummy/install_clang/dummy_controller/share/dummy_controller/environment/path.dsv
[0.232s] -- Up-to-date symlink: /home/dragonblade316/Programming/robotics/dummy/install_clang/dummy_controller/share/dummy_controller/local_setup.bash
[0.233s] -- Up-to-date symlink: /home/dragonblade316/Programming/robotics/dummy/install_clang/dummy_controller/share/dummy_controller/local_setup.sh
[0.233s] -- Up-to-date symlink: /home/dragonblade316/Programming/robotics/dummy/install_clang/dummy_controller/share/dummy_controller/local_setup.zsh
[0.233s] -- Up-to-date symlink: /home/dragonblade316/Programming/robotics/dummy/install_clang/dummy_controller/share/dummy_controller/local_setup.dsv
[0.233s] -- Symlinking: /home/dragonblade316/Programming/robotics/dummy/install_clang/dummy_controller/share/dummy_controller/package.dsv
[0.238s] -- Up-to-date symlink: /home/dragonblade316/Programming/robotics/dummy/install_clang/dummy_controller/share/ament_index/resource_index/packages/dummy_controller
[0.238s] -- Up-to-date symlink: /home/dragonblade316/Programming/robotics/dummy/install_clang/dummy_controller/share/dummy_controller/cmake/dummy_controllerConfig.cmake
[0.238s] -- Up-to-date symlink: /home/dragonblade316/Programming/robotics/dummy/install_clang/dummy_controller/share/dummy_controller/cmake/dummy_controllerConfig-version.cmake
[0.238s] -- Up-to-date symlink: /home/dragonblade316/Programming/robotics/dummy/install_clang/dummy_controller/share/dummy_controller/package.xml
[0.262s] Invoked command in '/home/dragonblade316/Programming/robotics/dummy/build_clang/dummy_controller' returned '0': CMAKE_PREFIX_PATH=${CMAKE_PREFIX_PATH}:/home/dragonblade316/Programming/robotics/dummy/install/moveit_configs_utils:/home/dragonblade316/Programming/robotics/dummy/install/launch_param_builder:/home/dragonblade316/Programming/robotics/dummy/install/dummy_serial:/home/dragonblade316/Programming/robotics/dummy/install_clang/moveit_configs_utils:/home/dragonblade316/Programming/robotics/dummy/install_clang/launch_param_builder:/home/dragonblade316/Programming/robotics/dummy/install_clang/dummy_serial:/opt/ros/humble /usr/bin/cmake --install /home/dragonblade316/Programming/robotics/dummy/build_clang/dummy_controller
