-- Install configuration: ""
-- Execute custom install script
[33mCMake Warning (dev) at ament_cmake_symlink_install/ament_cmake_symlink_install.cmake:62 (file):
  Policy CMP0009 is not set: FILE GLOB_RECURSE calls should not follow
  symlinks by default.  Run "cmake --help-policy CMP0009" for policy details.
  Use the cmake_policy command to set the policy and suppress this warning.
Call Stack (most recent call first):
  ament_cmake_symlink_install/ament_cmake_symlink_install.cmake:314 (ament_cmake_symlink_install_directory)
  cmake_install.cmake:46 (include)
This warning is for project developers.  Use -Wno-dev to suppress it.
[0m
-- Up-to-date symlink: /home/dragonblade316/Programming/robotics/dummy/install_clang/dummy_bringup/share/dummy_bringup/launch/build_clang/.built_by
-- Up-to-date symlink: /home/dragonblade316/Programming/robotics/dummy/install_clang/dummy_bringup/share/dummy_bringup/launch/build_clang/COLCON_IGNORE
-- Up-to-date symlink: /home/dragonblade316/Programming/robotics/dummy/install_clang/dummy_bringup/share/dummy_bringup/launch/control.launch.py
-- Up-to-date symlink: /home/dragonblade316/Programming/robotics/dummy/install_clang/dummy_bringup/share/dummy_bringup/launch/controller.launch.py
-- Up-to-date symlink: /home/dragonblade316/Programming/robotics/dummy/install_clang/dummy_bringup/share/dummy_bringup/launch/install_clang/.colcon_install_layout
-- Up-to-date symlink: /home/dragonblade316/Programming/robotics/dummy/install_clang/dummy_bringup/share/dummy_bringup/launch/install_clang/COLCON_IGNORE
-- Up-to-date symlink: /home/dragonblade316/Programming/robotics/dummy/install_clang/dummy_bringup/share/dummy_bringup/launch/install_clang/_local_setup_util_ps1.py
-- Up-to-date symlink: /home/dragonblade316/Programming/robotics/dummy/install_clang/dummy_bringup/share/dummy_bringup/launch/install_clang/_local_setup_util_sh.py
-- Up-to-date symlink: /home/dragonblade316/Programming/robotics/dummy/install_clang/dummy_bringup/share/dummy_bringup/launch/install_clang/local_setup.bash
-- Up-to-date symlink: /home/dragonblade316/Programming/robotics/dummy/install_clang/dummy_bringup/share/dummy_bringup/launch/install_clang/local_setup.ps1
-- Up-to-date symlink: /home/dragonblade316/Programming/robotics/dummy/install_clang/dummy_bringup/share/dummy_bringup/launch/install_clang/local_setup.sh
-- Up-to-date symlink: /home/dragonblade316/Programming/robotics/dummy/install_clang/dummy_bringup/share/dummy_bringup/launch/install_clang/local_setup.zsh
-- Up-to-date symlink: /home/dragonblade316/Programming/robotics/dummy/install_clang/dummy_bringup/share/dummy_bringup/launch/install_clang/setup.bash
-- Up-to-date symlink: /home/dragonblade316/Programming/robotics/dummy/install_clang/dummy_bringup/share/dummy_bringup/launch/install_clang/setup.ps1
-- Up-to-date symlink: /home/dragonblade316/Programming/robotics/dummy/install_clang/dummy_bringup/share/dummy_bringup/launch/install_clang/setup.sh
-- Up-to-date symlink: /home/dragonblade316/Programming/robotics/dummy/install_clang/dummy_bringup/share/dummy_bringup/launch/install_clang/setup.zsh
-- Up-to-date symlink: /home/dragonblade316/Programming/robotics/dummy/install_clang/dummy_bringup/share/dummy_bringup/launch/log/COLCON_IGNORE
-- Up-to-date symlink: /home/dragonblade316/Programming/robotics/dummy/install_clang/dummy_bringup/share/dummy_bringup/launch/log/build_2025-01-11_23-21-31/events.log
-- Up-to-date symlink: /home/dragonblade316/Programming/robotics/dummy/install_clang/dummy_bringup/share/dummy_bringup/launch/log/build_2025-01-11_23-21-31/logger_all.log
-- Up-to-date symlink: /home/dragonblade316/Programming/robotics/dummy/install_clang/dummy_bringup/share/dummy_bringup/launch/log/latest/events.log
-- Up-to-date symlink: /home/dragonblade316/Programming/robotics/dummy/install_clang/dummy_bringup/share/dummy_bringup/launch/log/latest/logger_all.log
-- Up-to-date symlink: /home/dragonblade316/Programming/robotics/dummy/install_clang/dummy_bringup/share/dummy_bringup/launch/log/latest_build/events.log
-- Up-to-date symlink: /home/dragonblade316/Programming/robotics/dummy/install_clang/dummy_bringup/share/dummy_bringup/launch/log/latest_build/logger_all.log
-- Up-to-date symlink: /home/dragonblade316/Programming/robotics/dummy/install_clang/dummy_bringup/share/dummy_bringup/launch/moveit.launch.py
-- Up-to-date symlink: /home/dragonblade316/Programming/robotics/dummy/install_clang/dummy_bringup/share/dummy_bringup/launch/moveit2.launch.py
-- Up-to-date symlink: /home/dragonblade316/Programming/robotics/dummy/install_clang/dummy_bringup/share/dummy_bringup/config/config.rviz
-- Up-to-date symlink: /home/dragonblade316/Programming/robotics/dummy/install_clang/dummy_bringup/share/ament_index/resource_index/package_run_dependencies/dummy_bringup
-- Up-to-date symlink: /home/dragonblade316/Programming/robotics/dummy/install_clang/dummy_bringup/share/ament_index/resource_index/parent_prefix_path/dummy_bringup
-- Up-to-date symlink: /home/dragonblade316/Programming/robotics/dummy/install_clang/dummy_bringup/share/dummy_bringup/environment/ament_prefix_path.sh
-- Up-to-date symlink: /home/dragonblade316/Programming/robotics/dummy/install_clang/dummy_bringup/share/dummy_bringup/environment/ament_prefix_path.dsv
-- Up-to-date symlink: /home/dragonblade316/Programming/robotics/dummy/install_clang/dummy_bringup/share/dummy_bringup/environment/path.sh
-- Up-to-date symlink: /home/dragonblade316/Programming/robotics/dummy/install_clang/dummy_bringup/share/dummy_bringup/environment/path.dsv
-- Up-to-date symlink: /home/dragonblade316/Programming/robotics/dummy/install_clang/dummy_bringup/share/dummy_bringup/local_setup.bash
-- Up-to-date symlink: /home/dragonblade316/Programming/robotics/dummy/install_clang/dummy_bringup/share/dummy_bringup/local_setup.sh
-- Up-to-date symlink: /home/dragonblade316/Programming/robotics/dummy/install_clang/dummy_bringup/share/dummy_bringup/local_setup.zsh
-- Up-to-date symlink: /home/dragonblade316/Programming/robotics/dummy/install_clang/dummy_bringup/share/dummy_bringup/local_setup.dsv
-- Symlinking: /home/dragonblade316/Programming/robotics/dummy/install_clang/dummy_bringup/share/dummy_bringup/package.dsv
-- Up-to-date symlink: /home/dragonblade316/Programming/robotics/dummy/install_clang/dummy_bringup/share/ament_index/resource_index/packages/dummy_bringup
-- Up-to-date symlink: /home/dragonblade316/Programming/robotics/dummy/install_clang/dummy_bringup/share/dummy_bringup/cmake/dummy_bringupConfig.cmake
-- Up-to-date symlink: /home/dragonblade316/Programming/robotics/dummy/install_clang/dummy_bringup/share/dummy_bringup/cmake/dummy_bringupConfig-version.cmake
-- Up-to-date symlink: /home/dragonblade316/Programming/robotics/dummy/install_clang/dummy_bringup/share/dummy_bringup/package.xml
